
Xilinx Zynq MP First Stage Boot Loader 
Release 2022.2   Apr  3 2023  -  09:10:43
MultiBootOffset: 0x40
Reset Mode	:	System Reset
Platform: Silicon (4.0), Running on A53-0 (64-bit) Processor, Device Name: XCZUUNKNEG
QSPI 32 bit Boot Mode 
FlashID=0x20 0xBB 0x20
PMU Firmware 2022.2	Apr  3 2023   09:10:43
PMU_ROM Version: xpbr-v8.1.0-0
�NOTICE:  BL31: v2.6(release):xlnx_rebase_v2.6_2022.1_update3-18-g0897efd45
NOTICE:  BL31: Built : 03:55:03, Sep  9 2022


U-Boot 2022.01 (Jan 25 2023 - 08:10:44 +0000)

CPU:   ZynqMP
Silicon: v3
Detected name: zynqmp-smk-k26-xcl2g-rev1-sck-kr-g-rev1
Model: ZynqMP SMK-K26 Rev1/B/A
Board: Xilinx ZynqMP
DRAM:  4 GiB
PMUFW:	v1.1
Cannot load PMUFW configuration object (1)
PMUFW returned 0x00000001 status!
Xilinx I2C FRU format at nvmem0:
 Manufacturer Name: XILINX
 Product Name: SMK-K26-XCL2G
 Serial No: XFL14PVBG4CJ
 Part Number: 5057-04
 File ID: 0x0
 Revision Number: 1
Xilinx I2C FRU format at nvmem1:
 Manufacturer Name: XILINX
 Product Name: SCK-KR-G
 Serial No: XFL15OICDU5P
 Part Number: 5100-01
 File ID: 0x0
 Revision Number: 1
EL Level:	EL2
Chip ID:	xck26
NAND:  0 MiB
MMC:   
Loading Environment from nowhere... OK
In:    serial
Out:   serial
Err:   serial
Bootmode: QSPI_MODE
Reset reason:	SOFT 
Net:   
ZYNQ GEM: ff0c0000, mdio bus ff0c0000, phyaddr 8, interface rgmii-id
Get shared mii bus on ethernet@ff0b0000

ZYNQ GEM: ff0b0000, mdio bus ff0c0000, phyaddr 4, interface sgmii
eth0: ethernet@ff0b0000, eth1: ethernet@ff0c0000
starting USB...
Bus usb@fe200000: Register 2000440 NbrPorts 2
Starting the controller
USB XHCI 1.00
Bus usb@fe300000: Register 2000440 NbrPorts 2
Starting the controller
USB XHCI 1.00
scanning bus usb@fe200000 for devices... 5 USB Device(s) found
scanning bus usb@fe300000 for devices... 4 USB Device(s) found
       scanning usb for storage devices... 1 Storage Device(s) found
Hit any key to stop autoboot:  0 
model=SMK-K26-XCL2G

Device 0: Vendor: Generic  Rev: 1.98 Prod: Ultra HS-COMBO
            Type: Removable Hard Disk
            Capacity: 60350.0 MB = 58.9 GB (123596800 x 512)
... is now current device
Scanning usb 0:1...
Found U-Boot script /boot.scr.uimg
8001 bytes read in 2 ms (3.8 MiB/s)
## Executing script at 20000000
Selecting DT for Kria boards
Kria DT: #conf-smk-k26-revA-sck-kr-g-revB
Configuring the cma value based on the board type
cma=1000M
Loading image.fit
67780728 bytes read in 4612 ms (14 MiB/s)
## Loading kernel from FIT Image at 10000000 ...
   Using 'conf-smk-k26-revA-sck-kr-g-revB' configuration
   Trying 'kernel-1' kernel subimage
     Description:  Ubuntu kernel
     Created:      2024-05-08   9:44:46 UTC
     Type:         Kernel Image
     Compression:  gzip compressed
     Data Start:   0x100000ec
     Data Size:    17155401 Bytes = 16.4 MiB
     Architecture: AArch64
     OS:           Linux
     Load Address: 0x00200000
     Entry Point:  0x00200000
     Hash algo:    sha1
     Hash value:   17cc6cbc5b485390821f7f027dfe5462e223d4d5
   Verifying Hash Integrity ... sha1+ OK
## Loading ramdisk from FIT Image at 10000000 ...
   Using 'conf-smk-k26-revA-sck-kr-g-revB' configuration
   Trying 'ramdisk-1' ramdisk subimage
     Description:  Ubuntu ramdisk
     Created:      2024-05-08   9:44:46 UTC
     Type:         RAMDisk Image
     Compression:  uncompressed
     Data Start:   0x1105c728
     Data Size:    50364896 Bytes = 48 MiB
     Architecture: AArch64
     OS:           Linux
     Load Address: unavailable
     Entry Point:  unavailable
     Hash algo:    sha1
     Hash value:   db5afc4f0676c386ecd9a49ff70d88137ec7a822
   Verifying Hash Integrity ... sha1+ OK
## Loading fdt from FIT Image at 10000000 ...
   Using 'conf-smk-k26-revA-sck-kr-g-revB' configuration
   Trying 'fdt-smk-k26-revA-sck-kr-g-revB.dtb' fdt subimage
     Description:  Flattened device tree blob - smk-k26-revA-sck-kr-g-revB
     Created:      2024-05-08   9:44:46 UTC
     Type:         Flat Device Tree
     Compression:  uncompressed
     Data Start:   0x1408387c
     Data Size:    44305 Bytes = 43.3 KiB
     Architecture: AArch64
     Load Address: 0x44000000
     Hash algo:    sha1
     Hash value:   9599347a3ea7f20a4e96ef316ef8d07dd28ae303
   Verifying Hash Integrity ... sha1+ OK
   Loading fdt from 0x1408387c to 0x44000000
   Booting using the fdt blob at 0x44000000
   Uncompressing Kernel Image
   Loading Ramdisk to 75ff7000, end 78fff1e0 ... OK
ERROR: reserving fdt memory region failed (addr=7ff00000 size=100000 flags=4)
   Loading Device Tree to 000000000fff2000, end 000000000ffffd10 ... OK

Starting kernel ...

[    0.000000] Booting Linux on physical CPU 0x0000000000 [0x410fd034]
[    0.000000] Linux version 5.15.0-1027-xilinx-zynqmp (buildd@bos01-arm64-022) (gcc (Ubuntu 11.4.0-1ubuntu1~22.04) 11.4.0, GNU ld (GNU Binutils for Ubuntu) 2.38) #31-Ubuntu SMP Wed Feb 21 04:33:09 UTC 2024 (Ubuntu 5.15.0-1027.31-xilinx-zynqmp 5.15.136)
[    0.000000] Machine model: ZynqMP KR260 revB
[    0.000000] efi: UEFI not found.
[    0.000000] earlycon: cdns0 at MMIO 0x00000000ff010000 (options '115200n8')
[    0.000000] printk: bootconsole [cdns0] enabled
[    0.000000] NUMA: No NUMA configuration found
[    0.000000] NUMA: Faking a node at [mem 0x0000000000000000-0x000000087fffffff]
[    0.000000] NUMA: NODE_DATA [mem 0x87f7c5340-0x87f7c9fff]
[    0.000000] Zone ranges:
[    0.000000]   DMA      [mem 0x0000000000000000-0x00000000ffffffff]
[    0.000000]   DMA32    empty
[    0.000000]   Normal   [mem 0x0000000100000000-0x000000087fffffff]
[    0.000000]   Device   empty
[    0.000000] Movable zone start for each node
[    0.000000] Early memory node ranges
[    0.000000]   node   0: [mem 0x0000000000000000-0x000000007fefffff]
[    0.000000]   node   0: [mem 0x000000007ff00000-0x000000007fffffff]
[    0.000000]   node   0: [mem 0x0000000800000000-0x000000087fffffff]
[    0.000000] Initmem setup node 0 [mem 0x0000000000000000-0x000000087fffffff]
[    0.000000] cma: Reserved 1000 MiB at 0x0000000037400000
[    0.000000] psci: probing for conduit method from DT.
[    0.000000] psci: PSCIv1.1 detected in firmware.
[    0.000000] psci: Using standard PSCI v0.2 function IDs
[    0.000000] psci: MIGRATE_INFO_TYPE not supported.
[    0.000000] psci: SMC Calling Convention v1.2
[    0.000000] percpu: Embedded 30 pages/cpu s84888 r8192 d29800 u122880
[    0.000000] Detected VIPT I-cache on CPU0
[    0.000000] CPU features: detected: ARM erratum 845719
[    0.000000] Built 1 zonelists, mobility grouping on.  Total pages: 1032192
[    0.000000] Policy zone: Normal
[    0.000000] Kernel command line:  root=LABEL=writable rootwait earlycon console=ttyPS1,115200 console=tty1 clk_ignore_unused uio_pdrv_genirq.of_id=generic-uio xilinx_tsn_ep.st_pcp=4 cma=1000M 
[    0.000000] Dentry cache hash table entries: 524288 (order: 10, 4194304 bytes, linear)
[    0.000000] Inode-cache hash table entries: 262144 (order: 9, 2097152 bytes, linear)
[    0.000000] mem auto-init: stack:off, heap alloc:on, heap free:off
[    0.000000] software IO TLB: mapped [mem 0x000000007bf00000-0x000000007ff00000] (64MB)
[    0.000000] Memory: 2925088K/4194304K available (20928K kernel code, 3310K rwdata, 15460K rodata, 6848K init, 1342K bss, 245216K reserved, 1024000K cma-reserved)
[    0.000000] SLUB: HWalign=64, Order=0-3, MinObjects=0, CPUs=4, Nodes=1
[    0.000000] ftrace: allocating 67015 entries in 262 pages
[    0.000000] ftrace: allocated 262 pages with 3 groups
[    0.000000] trace event string verifier disabled
[    0.000000] rcu: Hierarchical RCU implementation.
[    0.000000] rcu: 	RCU event tracing is enabled.
[    0.000000] 	Rude variant of Tasks RCU enabled.
[    0.000000] 	Tracing variant of Tasks RCU enabled.
[    0.000000] rcu: RCU calculated value of scheduler-enlistment delay is 25 jiffies.
[    0.000000] NR_IRQS: 64, nr_irqs: 64, preallocated irqs: 0
[    0.000000] GIC: Adjusting CPU interface base to 0x00000000f902f000
[    0.000000] Root IRQ handler: gic_handle_irq
[    0.000000] GIC: Using split EOI/Deactivate mode
[    0.000000] arch_timer: cp15 timer(s) running at 99.99MHz (phys).
[    0.000000] clocksource: arch_sys_counter: mask: 0x1ffffffffffffff max_cycles: 0x171015c90f, max_idle_ns: 440795203080 ns
[    0.000000] sched_clock: 57 bits at 99MHz, resolution 10ns, wraps every 4398046511101ns
[    0.008213] Console: colour dummy device 80x25
[    0.012375] printk: console [tty1] enabled
[    0.016437] printk: bootconsole [cdns0] disabled
[    0.000000] Booting Linux on physical CPU 0x0000000000 [0x410fd034]
[    0.000000] Linux version 5.15.0-1027-xilinx-zynqmp (buildd@bos01-arm64-022) (gcc (Ubuntu 11.4.0-1ubuntu1~22.04) 11.4.0, GNU ld (GNU Binutils for Ubuntu) 2.38) #31-Ubuntu SMP Wed Feb 21 04:33:09 UTC 2024 (Ubuntu 5.15.0-1027.31-xilinx-zynqmp 5.15.136)
[    0.000000] Machine model: ZynqMP KR260 revB
[    0.000000] efi: UEFI not found.
[    0.000000] earlycon: cdns0 at MMIO 0x00000000ff010000 (options '115200n8')
[    0.000000] printk: bootconsole [cdns0] enabled
[    0.000000] NUMA: No NUMA configuration found
[    0.000000] NUMA: Faking a node at [mem 0x0000000000000000-0x000000087fffffff]
[    0.000000] NUMA: NODE_DATA [mem 0x87f7c5340-0x87f7c9fff]
[    0.000000] Zone ranges:
[    0.000000]   DMA      [mem 0x0000000000000000-0x00000000ffffffff]
[    0.000000]   DMA32    empty
[    0.000000]   Normal   [mem 0x0000000100000000-0x000000087fffffff]
[    0.000000]   Device   empty
[    0.000000] Movable zone start for each node
[    0.000000] Early memory node ranges
[    0.000000]   node   0: [mem 0x0000000000000000-0x000000007fefffff]
[    0.000000]   node   0: [mem 0x000000007ff00000-0x000000007fffffff]
[    0.000000]   node   0: [mem 0x0000000800000000-0x000000087fffffff]
[    0.000000] Initmem setup node 0 [mem 0x0000000000000000-0x000000087fffffff]
[    0.000000] cma: Reserved 1000 MiB at 0x0000000037400000
[    0.000000] psci: probing for conduit method from DT.
[    0.000000] psci: PSCIv1.1 detected in firmware.
[    0.000000] psci: Using standard PSCI v0.2 function IDs
[    0.000000] psci: MIGRATE_INFO_TYPE not supported.
[    0.000000] psci: SMC Calling Convention v1.2
[    0.000000] percpu: Embedded 30 pages/cpu s84888 r8192 d29800 u122880
[    0.000000] Detected VIPT I-cache on CPU0
[    0.000000] CPU features: detected: ARM erratum 845719
[    0.000000] Built 1 zonelists, mobility grouping on.  Total pages: 1032192
[    0.000000] Policy zone: Normal
[    0.000000] Kernel command line:  root=LABEL=writable rootwait earlycon console=ttyPS1,115200 console=tty1 clk_ignore_unused uio_pdrv_genirq.of_id=generic-uio xilinx_tsn_ep.st_pcp=4 cma=1000M 
[    0.000000] Dentry cache hash table entries: 524288 (order: 10, 4194304 bytes, linear)
[    0.000000] Inode-cache hash table entries: 262144 (order: 9, 2097152 bytes, linear)
[    0.000000] mem auto-init: stack:off, heap alloc:on, heap free:off
[    0.000000] software IO TLB: mapped [mem 0x000000007bf00000-0x000000007ff00000] (64MB)
[    0.000000] Memory: 2925088K/4194304K available (20928K kernel code, 3310K rwdata, 15460K rodata, 6848K init, 1342K bss, 245216K reserved, 1024000K cma-reserved)
[    0.000000] SLUB: HWalign=64, Order=0-3, MinObjects=0, CPUs=4, Nodes=1
[    0.000000] ftrace: allocating 67015 entries in 262 pages
[    0.000000] ftrace: allocated 262 pages with 3 groups
[    0.000000] trace event string verifier disabled
[    0.000000] rcu: Hierarchical RCU implementation.
[    0.000000] rcu: 	RCU event tracing is enabled.
[    0.000000] 	Rude variant of Tasks RCU enabled.
[    0.000000] 	Tracing variant of Tasks RCU enabled.
[    0.000000] rcu: RCU calculated value of scheduler-enlistment delay is 25 jiffies.
[    0.000000] NR_IRQS: 64, nr_irqs: 64, preallocated irqs: 0
[    0.000000] GIC: Adjusting CPU interface base to 0x00000000f902f000
[    0.000000] Root IRQ handler: gic_handle_irq
[    0.000000] GIC: Using split EOI/Deactivate mode
[    0.000000] arch_timer: cp15 timer(s) running at 99.99MHz (phys).
[    0.000000] clocksource: arch_sys_counter: mask: 0x1ffffffffffffff max_cycles: 0x171015c90f, max_idle_ns: 440795203080 ns
[    0.000000] sched_clock: 57 bits at 99MHz, resolution 10ns, wraps every 4398046511101ns
[    0.008213] Console: colour dummy device 80x25
[    0.012375] printk: console [tty1] enabled
[    0.016437] printk: bootconsole [cdns0] disabled
[    0.021106] Calibrating delay loop (skipped), value calculated using timer frequency.. 199.99 BogoMIPS (lpj=399996)
[    0.021124] pid_max: default: 32768 minimum: 301
[    0.021322] LSM: Security Framework initializing
[    0.021351] landlock: Up and running.
[    0.021358] Yama: becoming mindful.
[    0.021449] AppArmor: AppArmor initialized
[    0.021640] Mount-cache hash table entries: 8192 (order: 4, 65536 bytes, linear)
[    0.021663] Mountpoint-cache hash table entries: 8192 (order: 4, 65536 bytes, linear)
[    0.023561] rcu: Hierarchical SRCU implementation.
[    0.025177] EFI services will not be available.
[    0.025591] smp: Bringing up secondary CPUs ...
[    0.026163] Detected VIPT I-cache on CPU1
[    0.026212] CPU1: Booted secondary processor 0x0000000001 [0x410fd034]
[    0.026843] Detected VIPT I-cache on CPU2
[    0.026867] CPU2: Booted secondary processor 0x0000000002 [0x410fd034]
[    0.027426] Detected VIPT I-cache on CPU3
[    0.027448] CPU3: Booted secondary processor 0x0000000003 [0x410fd034]
[    0.027514] smp: Brought up 1 node, 4 CPUs
[    0.027550] SMP: Total of 4 processors activated.
[    0.027558] CPU features: detected: 32-bit EL0 Support
[    0.027567] CPU features: detected: 32-bit EL1 Support
[    0.027576] CPU features: detected: CRC32 instructions
[    0.027630] CPU features: emulated: Privileged Access Never (PAN) using TTBR0_EL1 switching
[    0.039934] CPU: All CPU(s) started at EL2
[    0.039984] alternatives: patching kernel code
[    0.041481] devtmpfs: initialized
[    0.050535] KASLR disabled due to lack of seed
[    0.050707] clocksource: jiffies: mask: 0xffffffff max_cycles: 0xffffffff, max_idle_ns: 7645041785100000 ns
[    0.050739] futex hash table entries: 1024 (order: 4, 65536 bytes, linear)
[    0.073748] pinctrl core: initialized pinctrl subsystem
[    0.074320] DMI not present or invalid.
[    0.074925] NET: Registered PF_NETLINK/PF_ROUTE protocol family
[    0.076833] DMA: preallocated 512 KiB GFP_KERNEL pool for atomic allocations
[    0.076994] DMA: preallocated 512 KiB GFP_KERNEL|GFP_DMA pool for atomic allocations
[    0.077260] DMA: preallocated 512 KiB GFP_KERNEL|GFP_DMA32 pool for atomic allocations
[    0.077355] audit: initializing netlink subsys (disabled)
[    0.077520] audit: type=2000 audit(0.072:1): state=initialized audit_enabled=0 res=1
[    0.078114] thermal_sys: Registered thermal governor 'fair_share'
[    0.078120] thermal_sys: Registered thermal governor 'bang_bang'
[    0.078130] thermal_sys: Registered thermal governor 'step_wise'
[    0.078139] thermal_sys: Registered thermal governor 'user_space'
[    0.078147] thermal_sys: Registered thermal governor 'power_allocator'
[    0.078308] cpuidle: using governor ladder
[    0.078340] cpuidle: using governor menu
[    0.078611] hw-breakpoint: found 6 breakpoint and 4 watchpoint registers.
[    0.078696] ASID allocator initialised with 65536 entries
[    0.079307] Serial: AMBA PL011 UART driver
[    0.103504] HugeTLB registered 1.00 GiB page size, pre-allocated 0 pages
[    0.103532] HugeTLB registered 32.0 MiB page size, pre-allocated 0 pages
[    0.103543] HugeTLB registered 2.00 MiB page size, pre-allocated 0 pages
[    0.103553] HugeTLB registered 64.0 KiB page size, pre-allocated 0 pages
[    0.177416] raid6: neonx8   gen()  2373 MB/s
[    0.245454] raid6: neonx8   xor()  1772 MB/s
[    0.313510] raid6: neonx4   gen()  2434 MB/s
[    0.381552] raid6: neonx4   xor()  1737 MB/s
[    0.449603] raid6: neonx2   gen()  2316 MB/s
[    0.517644] raid6: neonx2   xor()  1597 MB/s
[    0.585701] raid6: neonx1   gen()  1989 MB/s
[    0.653750] raid6: neonx1   xor()  1353 MB/s
[    0.721808] raid6: int64x8  gen()  1519 MB/s
[    0.789870] raid6: int64x8  xor()   860 MB/s
[    0.857919] raid6: int64x4  gen()  1777 MB/s
[    0.925979] raid6: int64x4  xor()   947 MB/s
[    0.994037] raid6: int64x2  gen()  1552 MB/s
[    1.062098] raid6: int64x2  xor()   833 MB/s
[    1.130164] raid6: int64x1  gen()  1148 MB/s
[    1.198220] raid6: int64x1  xor()   575 MB/s
[    1.198229] raid6: using algorithm neonx4 gen() 2434 MB/s
[    1.198238] raid6: .... xor() 1737 MB/s, rmw enabled
[    1.198246] raid6: using neon recovery algorithm
[    1.198993] fbcon: Taking over console
[    1.199024] ACPI: Interpreter disabled.
[    1.199607] iommu: Default domain type: Translated 
[    1.199618] iommu: DMA domain TLB invalidation policy: strict mode 
[    1.200558] SCSI subsystem initialized
[    1.200839] vgaarb: loaded
[    1.200969] usbcore: registered new interface driver usbfs
[    1.201018] usbcore: registered new interface driver hub
[    1.201048] usbcore: registered new device driver usb
[    1.201181] mc: Linux media interface: v0.10
[    1.201208] videodev: Linux video capture interface: v2.00
[    1.201307] pps_core: LinuxPPS API ver. 1 registered
[    1.201317] pps_core: Software ver. 5.3.6 - Copyright 2005-2007 Rodolfo Giometti <giometti@linux.it>
[    1.201338] PTP clock support registered
[    1.201475] EDAC MC: Ver: 3.0.0
[    1.202026] zynqmp-ipi-mbox mailbox@ff9905c0: Registered ZynqMP IPI mbox with TX/RX channels.
[    1.202382] FPGA manager framework
[    1.202550] Advanced Linux Sound Architecture Driver Initialized.
[    1.203201] NetLabel: Initializing
[    1.203211] NetLabel:  domain hash size = 128
[    1.203218] NetLabel:  protocols = UNLABELED CIPSOv4 CALIPSO
[    1.203277] NetLabel:  unlabeled traffic allowed by default
[    1.203838] clocksource: Switched to clocksource arch_sys_counter
[    1.273064] VFS: Disk quotas dquot_6.6.0
[    1.273146] VFS: Dquot-cache hash table entries: 512 (order 0, 4096 bytes)
[    1.273748] AppArmor: AppArmor Filesystem Enabled
[    1.273813] pnp: PnP ACPI: disabled
[    1.280344] NET: Registered PF_INET protocol family
[    1.280499] IP idents hash table entries: 65536 (order: 7, 524288 bytes, linear)
[    1.282151] tcp_listen_portaddr_hash hash table entries: 2048 (order: 3, 32768 bytes, linear)
[    1.282234] Table-perturb hash table entries: 65536 (order: 6, 262144 bytes, linear)
[    1.282289] TCP established hash table entries: 32768 (order: 6, 262144 bytes, linear)
[    1.282547] TCP bind hash table entries: 32768 (order: 7, 524288 bytes, linear)
[    1.282954] TCP: Hash tables configured (established 32768 bind 32768)
[    1.283155] MPTCP token hash table entries: 4096 (order: 4, 98304 bytes, linear)
[    1.283267] UDP hash table entries: 2048 (order: 4, 65536 bytes, linear)
[    1.283351] UDP-Lite hash table entries: 2048 (order: 4, 65536 bytes, linear)
[    1.283572] NET: Registered PF_UNIX/PF_LOCAL protocol family
[    1.284062] RPC: Registered named UNIX socket transport module.
[    1.284073] RPC: Registered udp transport module.
[    1.284081] RPC: Registered tcp transport module.
[    1.284088] RPC: Registered tcp NFSv4.1 backchannel transport module.
[    1.284100] NET: Registered PF_XDP protocol family
[    1.284115] PCI: CLS 0 bytes, default 64
[    1.284315] Trying to unpack rootfs image as initramfs...
[    1.927620] hw perfevents: enabled with armv8_pmuv3 PMU driver, 7 counters available
[    1.928035] kvm [1]: IPA Size Limit: 40 bits
[    1.931878] kvm [1]: vgic interrupt IRQ9
[    1.932070] kvm [1]: Hyp mode initialized successfully
[    1.934657] Initialise system trusted keyrings
[    1.934737] Key type blacklist registered
[    1.934900] workingset: timestamp_bits=40 max_order=20 bucket_order=0
[    1.940847] zbud: loaded
[    1.942320] squashfs: version 4.0 (2009/01/31) Phillip Lougher
[    1.943766] NFS: Registering the id_resolver key type
[    1.943812] Key type id_resolver registered
[    1.943822] Key type id_legacy registered
[    1.943947] nfs4filelayout_init: NFSv4 File Layout Driver Registering...
[    1.943966] nfs4flexfilelayout_init: NFSv4 Flexfile Layout Driver Registering...
[    1.943992] jffs2: version 2.2. (NAND) (SUMMARY)  © 2001-2006 Red Hat, Inc.
[    1.944414] fuse: init (API version 7.34)
[    1.945070] integrity: Platform Keyring initialized
[    1.977839] NET: Registered PF_ALG protocol family
[    1.977907] xor: measuring software checksum speed
[    1.981698]    8regs           :  2627 MB/sec
[    1.984931]    32regs          :  3111 MB/sec
[    1.988753]    arm64_neon      :  2607 MB/sec
[    1.988775] xor: using function: 32regs (3111 MB/sec)
[    1.988798] Key type asymmetric registered
[    1.988811] Asymmetric key parser 'x509' registered
[    1.988942] Block layer SCSI generic (bsg) driver version 0.4 loaded (major 239)
[    1.989175] io scheduler mq-deadline registered
[    1.989188] io scheduler kyber registered
[    1.991897] shpchp: Standard Hot Plug PCI Controller Driver version: 0.4
[    2.034464] Serial: 8250/16550 driver, 4 ports, IRQ sharing enabled
[    2.036118] Serial: AMBA driver
[    2.046468] brd: module loaded
[    2.052518] loop: module loaded
[    2.056059] mtdoops: mtd device (mtddev=name/number) must be supplied
[    2.058421] tun: Universal TUN/TAP device driver, 1.6
[    2.059313] PPP generic driver version 2.4.2
[    2.059511] usbcore: registered new interface driver asix
[    2.059587] usbcore: registered new interface driver ax88179_178a
[    2.059623] usbcore: registered new interface driver cdc_ether
[    2.059654] usbcore: registered new interface driver net1080
[    2.059685] usbcore: registered new interface driver cdc_subset
[    2.059715] usbcore: registered new interface driver zaurus
[    2.059771] usbcore: registered new interface driver cdc_ncm
[    2.060487] ehci_hcd: USB 2.0 'Enhanced' Host Controller (EHCI) Driver
[    2.060518] ehci-pci: EHCI PCI platform driver
[    2.060564] ohci_hcd: USB 1.1 'Open' Host Controller (OHCI) Driver
[    2.060580] ohci-pci: OHCI PCI platform driver
[    2.060613] uhci_hcd: USB Universal Host Controller Interface driver
[    2.061076] usbcore: registered new interface driver uas
[    2.061119] usbcore: registered new interface driver usb-storage
[    2.061489] mousedev: PS/2 mouse device common for all mice
[    2.061760] i2c_dev: i2c /dev entries driver
[    2.063314] usbcore: registered new interface driver uvcvideo
[    2.064700] device-mapper: core: CONFIG_IMA_DISABLE_HTABLE is disabled. Duplicate IMA measurements will not be recorded in the IMA log.
[    2.064850] device-mapper: uevent: version 1.0.3
[    2.065109] device-mapper: ioctl: 4.45.0-ioctl (2021-03-22) initialised: dm-devel@redhat.com
[    2.065233] EDAC MC: ECC not enabled
[    2.065410] EDAC DEVICE0: Giving out device to module zynqmp-ocm-edac controller zynqmp_ocm: DEV ff960000.memory-controller (INTERRUPT)
[    2.066565] sdhci: Secure Digital Host Controller Interface driver
[    2.066583] sdhci: Copyright(c) Pierre Ossman
[    2.066591] sdhci-pltfm: SDHCI platform and OF driver helper
[    2.067068] ledtrig-cpu: registered to indicate activity on CPUs
[    2.067291] SMCCC: SOC_ID: ARCH_SOC_ID not implemented, skipping ....
[    2.067381] zynqmp_firmware_probe Platform Management API v1.1
[    2.067405] zynqmp_firmware_probe Trustzone version v1.0
[    2.100145] securefw securefw: securefw probed
[    2.100496] hid: raw HID events driver (C) Jiri Kosina
[    2.105061] fpga_manager fpga0: Xilinx ZynqMP FPGA Manager registered
[    2.105877] usbcore: registered new interface driver snd-usb-audio
[    2.106942] pktgen: Packet Generator for packet performance testing. Version: 2.75
[    2.108949] drop_monitor: Initializing network drop monitor service
[    2.109125] Initializing XFRM netlink socket
[    2.109712] NET: Registered PF_INET6 protocol family
[    2.932094] Freeing initrd memory: 49184K
[    2.961571] Segment Routing with IPv6
[    2.961664] In-situ OAM (IOAM) with IPv6
[    2.961747] NET: Registered PF_PACKET protocol family
[    2.961945] 8021q: 802.1Q VLAN Support v1.8
[    2.962266] Key type dns_resolver registered
[    2.963084] registered taskstats version 1
[    2.963465] Loading compiled-in X.509 certificates
[    2.966203] Loaded X.509 cert 'Build time autogenerated kernel key: ad1332e6fac816d7c10c85b059a20d7204027652'
[    2.968547] Loaded X.509 cert 'Canonical Ltd. Live Patch Signing: 14df34d1a87cf37625abec039ef2bf521249b969'
[    2.970896] Loaded X.509 cert 'Canonical Ltd. Kernel Module Signing: 88f752e560a1e0737e31163a466ad7b70a850c19'
[    2.970912] blacklist: Loading compiled-in revocation X.509 certificates
[    2.970985] Loaded X.509 cert 'Canonical Ltd. Secure Boot Signing: 61482aa2830d0ab2ad5af10b7250da9033ddcef0'
[    2.971057] Loaded X.509 cert 'Canonical Ltd. Secure Boot Signing (2017): 242ade75ac4a15e50d50c84b0d45ff3eae707a03'
[    2.971116] Loaded X.509 cert 'Canonical Ltd. Secure Boot Signing (ESM 2018): 365188c1d374d6b07c3c8f240f8ef722433d6a8b'
[    2.971181] Loaded X.509 cert 'Canonical Ltd. Secure Boot Signing (2019): c0746fd6c5da3ae827864651ad66ae47fe24b3e8'
[    2.971250] Loaded X.509 cert 'Canonical Ltd. Secure Boot Signing (2021 v1): a8d54bbb3825cfb94fa13c9f8a594a195c107b8d'
[    2.971330] Loaded X.509 cert 'Canonical Ltd. Secure Boot Signing (2021 v2): 4cf046892d6fd3c9a5b03f98d845f90851dc6a8c'
[    2.971398] Loaded X.509 cert 'Canonical Ltd. Secure Boot Signing (2021 v3): 100437bb6de6e469b581e61cd66bce3ef4ed53af'
[    2.971476] Loaded X.509 cert 'Canonical Ltd. Secure Boot Signing (Ubuntu Core 2019): c1d57b8f6b743f23ee41f4f7ee292f06eecadfb9'
[    2.971813] zswap: loaded using pool lzo/zbud
[    2.972292] Key type .fscrypt registered
[    2.972303] Key type fscrypt-provisioning registered
[    2.974622] Btrfs loaded, crc32c=crc32c-generic, zoned=yes, fsverity=yes
[    3.068389] cryptd: max_cpu_qlen set to 1000
[    3.098151] Key type encrypted registered
[    3.098190] AppArmor: AppArmor sha1 policy hashing enabled
[    3.098233] ima: No TPM chip found, activating TPM-bypass!
[    3.098264] Loading compiled-in module X.509 certificates
[    3.100681] Loaded X.509 cert 'Build time autogenerated kernel key: ad1332e6fac816d7c10c85b059a20d7204027652'
[    3.100701] ima: Allocated hash algorithm: sha1
[    3.100734] ima: No architecture policies found
[    3.100794] evm: Initialising EVM extended attributes:
[    3.100804] evm: security.selinux
[    3.100811] evm: security.SMACK64
[    3.100818] evm: security.SMACK64EXEC
[    3.100825] evm: security.SMACK64TRANSMUTE
[    3.100832] evm: security.SMACK64MMAP
[    3.100838] evm: security.apparmor
[    3.100845] evm: security.ima
[    3.100851] evm: security.capability
[    3.100858] evm: HMAC attrs: 0x1
[    3.114130] ff010000.serial: ttyPS1 at MMIO 0xff010000 (irq = 51, base_baud = 6249999) is a xuartps
[    4.737256] printk: console [ttyPS1] enabled
[    4.742090] of-fpga-region fpga-full: FPGA Region probed
[    4.748703] xilinx-zynqmp-dma fd500000.dma-controller: ZynqMP DMA driver Probe success
[    4.756879] xilinx-zynqmp-dma fd510000.dma-controller: ZynqMP DMA driver Probe success
[    4.765034] xilinx-zynqmp-dma fd520000.dma-controller: ZynqMP DMA driver Probe success
[    4.773220] xilinx-zynqmp-dma fd530000.dma-controller: ZynqMP DMA driver Probe success
[    4.781358] xilinx-zynqmp-dma fd540000.dma-controller: ZynqMP DMA driver Probe success
[    4.789540] xilinx-zynqmp-dma fd550000.dma-controller: ZynqMP DMA driver Probe success
[    4.797707] xilinx-zynqmp-dma fd560000.dma-controller: ZynqMP DMA driver Probe success
[    4.805874] xilinx-zynqmp-dma fd570000.dma-controller: ZynqMP DMA driver Probe success
[    4.814111] xilinx-zynqmp-dma ffa80000.dma-controller: ZynqMP DMA driver Probe success
[    4.822256] xilinx-zynqmp-dma ffa90000.dma-controller: ZynqMP DMA driver Probe success
[    4.830431] xilinx-zynqmp-dma ffaa0000.dma-controller: ZynqMP DMA driver Probe success
[    4.838603] xilinx-zynqmp-dma ffab0000.dma-controller: ZynqMP DMA driver Probe success
[    4.846774] xilinx-zynqmp-dma ffac0000.dma-controller: ZynqMP DMA driver Probe success
[    4.854935] xilinx-zynqmp-dma ffad0000.dma-controller: ZynqMP DMA driver Probe success
[    4.863092] xilinx-zynqmp-dma ffae0000.dma-controller: ZynqMP DMA driver Probe success
[    4.871276] xilinx-zynqmp-dma ffaf0000.dma-controller: ZynqMP DMA driver Probe success
[    4.879900] xilinx-zynqmp-dpdma fd4c0000.dma-controller: Xilinx DPDMA engine is probed
[    4.889441] macb ff0b0000.ethernet: Not enabling partial store and forward
[    4.897053] macb ff0b0000.ethernet eth0: Defer probe as mdio producer ff0c0000.ethernet is not probed
[    4.927952] zynqmp_pll_disable() clock disable failed for dpll_int, ret = -13
[    4.937656] macb ff0c0000.ethernet: Not enabling partial store and forward
[    4.969108] xilinx-axipmon ffa00000.perf-monitor: Probed Xilinx APM
[    4.975768] xilinx-axipmon fd0b0000.perf-monitor: Probed Xilinx APM
[    4.982341] xilinx-axipmon fd490000.perf-monitor: Probed Xilinx APM
[    4.988919] xilinx-axipmon ffa10000.perf-monitor: Probed Xilinx APM
[    4.997404] cdns-wdt fd4d0000.watchdog: Xilinx Watchdog Timer with timeout 60s
[    5.004969] cdns-wdt ff150000.watchdog: Xilinx Watchdog Timer with timeout 10s
[    5.013744] zynqmp_clk_divider_set_rate() set divider failed for gem_tsu_ref_div1, ret = -13
[    5.022508] macb ff0b0000.ethernet: Not enabling partial store and forward
[    5.029424] macb ff0b0000.ethernet: invalid hw address, using random
[    5.036447] macb ff0b0000.ethernet eth0: Defer probe as mdio producer ff0c0000.ethernet is not probed
[    5.062230] macb ff0c0000.ethernet: Not enabling partial store and forward
[    5.069149] macb ff0c0000.ethernet: invalid hw address, using random
[    5.106139] macb ff0b0000.ethernet: Not enabling partial store and forward
[    5.113082] macb ff0b0000.ethernet: invalid hw address, using random
[    5.120116] macb ff0b0000.ethernet eth0: Defer probe as mdio producer ff0c0000.ethernet is not probed
[    5.150227] macb ff0c0000.ethernet: Not enabling partial store and forward
[    5.157171] macb ff0c0000.ethernet: invalid hw address, using random
[    5.205196] input: gpio-keys as /devices/platform/gpio-keys/input/input0
[    5.212675] of_cfs_init
[    5.213183] macb ff0b0000.ethernet: Not enabling partial store and forward
[    5.215163] of_cfs_init: OK
[    5.222035] macb ff0b0000.ethernet: invalid hw address, using random
[    5.225002] clk: Not disabling unused clocks
[    5.231756] macb ff0b0000.ethernet eth0: Defer probe as mdio producer ff0c0000.ethernet is not probed
[    5.235679] ALSA device list:
[    5.247595]   No soundcards found.
[    5.256673] Freeing unused kernel memory: 6848K
[    5.274599] macb ff0c0000.ethernet: Not enabling partial store and forward
[    5.281576] macb ff0c0000.ethernet: invalid hw address, using random
[    5.345936] Checked W+X mappings: passed, no W+X pages found
[    5.351658] Run /init as init process
[    6.348551] zynqmp-display fd4a0000.display: vtc bridge property not present
[    6.359904] xilinx-dp-snd-codec fd4a0000.display:zynqmp-dp-snd-codec0: Xilinx DisplayPort Sound Codec probed
[    6.389234] macb ff0b0000.ethernet: Not enabling partial store and forward
[    6.396244] macb ff0b0000.ethernet: invalid hw address, using random
[    6.403466] macb ff0b0000.ethernet eth0: Defer probe as mdio producer ff0c0000.ethernet is not probed
[    6.404798] spi-nor spi0.0: mt25qu512a (65536 Kbytes)
[    6.407421] xilinx-dp-snd-pcm zynqmp_dp_snd_pcm0: Xilinx DisplayPort Sound PCM probed
[    6.407646] rtc_zynqmp ffa60000.rtc: registered as rtc0
[    6.407668] rtc_zynqmp ffa60000.rtc: setting system clock to 2024-05-11T09:45:59 UTC (1715420759)
[    6.408870] xilinx-dp-snd-pcm zynqmp_dp_snd_pcm1: Xilinx DisplayPort Sound PCM probed
[    6.447815] 17 fixed-partitions partitions found on MTD device spi0.0
[    6.454309] Creating 17 MTD partitions on "spi0.0":
[    6.459268] 0x000000000000-0x000000080000 : "Image Selector"
[    6.459973] xilinx-dp-snd-card fd4a0000.display:zynqmp-dp-snd-card: Xilinx DisplayPort Sound Card probed
[    6.478990] OF: graph: no port node found in /axi/display@fd4a0000
[    6.479776] at24 1-0050: supply vcc not found, using dummy regulator
[    6.482774] 0x000000080000-0x000000100000 : "Image Selector Golden"
[    6.485824] xlnx-drm xlnx-drm.0: bound fd4a0000.display (ops zynqmp_dpsub_component_ops [zynqmp_dpsub])
[    6.508650] at24 1-0050: 8192 byte 24c64 EEPROM, writable, 1 bytes/write
[    6.543260] 0x000000100000-0x000000120000 : "Persistent Register"
[    6.569423] at24 1-0051: supply vcc not found, using dummy regulator
[    6.574847] macb ff0c0000.ethernet: Not enabling partial store and forward
[    6.585720] macb ff0c0000.ethernet: invalid hw address, using random
[    6.603316] 0x000000120000-0x000000140000 : "Persistent Register Backup"
[    6.624376] at24 1-0051: 8192 byte 24c64 EEPROM, writable, 1 bytes/write
[    6.629303] macb ff0c0000.ethernet eth0: Cadence GEM rev 0x50070106 at 0xff0c0000 irq 38 (8a:50:44:80:d7:72)
[    6.632228] 0x000000140000-0x000000200000 : "Open_1"
[    6.664531] cdns-i2c ff030000.i2c: 400 kHz mmio ff030000 irq 40
[    6.693908] 0x000000200000-0x000000f00000 : "Image A (FSBL, PMU, ATF, U-Boot)"
[    6.713606] 0x000000f00000-0x000000f80000 : "ImgSel Image A Catch"
[    6.724458] 0x000000f80000-0x000001c80000 : "Image B (FSBL, PMU, ATF, U-Boot)"
[    6.728468] xhci-hcd xhci-hcd.1.auto: xHCI Host Controller
[    6.733239] 0x000001c80000-0x000001d00000 : "ImgSel Image B Catch"
[    6.738915] xhci-hcd xhci-hcd.1.auto: new USB bus registered, assigned bus number 1
[    6.744930] 0x000001d00000-0x000001e00000 : "Open_2"
[    6.751421] xhci-hcd xhci-hcd.1.auto: hcc params 0x0238f625 hci version 0x100 quirks 0x0000000002010890
[    6.757622] 0x000001e00000-0x000002000000 : "Recovery Image"
[    6.765779] xhci-hcd xhci-hcd.1.auto: irq 58, io mem 0xfe200000
[    6.777418] xhci-hcd xhci-hcd.1.auto: xHCI Host Controller
[    6.780079] 0x000002000000-0x000002200000 : "Recovery Image Backup"
[    6.782963] xhci-hcd xhci-hcd.1.auto: new USB bus registered, assigned bus number 2
[    6.796893] xhci-hcd xhci-hcd.1.auto: Host supports USB 3.0 SuperSpeed
[    6.803607] usb usb1: New USB device found, idVendor=1d6b, idProduct=0002, bcdDevice= 5.15
[    6.804086] 0x000002200000-0x000002220000 : "U-Boot storage variables"
[    6.811906] usb usb1: New USB device strings: Mfr=3, Product=2, SerialNumber=1
[    6.825699] usb usb1: Product: xHCI Host Controller
[    6.830597] usb usb1: Manufacturer: Linux 5.15.0-1027-xilinx-zynqmp xhci-hcd
[    6.830703] 0x000002220000-0x000002240000 : "U-Boot storage variables backup"
[    6.837667] usb usb1: SerialNumber: xhci-hcd.1.auto
[    6.850190] hub 1-0:1.0: USB hub found
[    6.851446] 0x000002240000-0x000002280000 : "SHA256"
[    6.854334] hub 1-0:1.0: 1 port detected
[    6.861913] 0x000002280000-0x0000022a0000 : "Secure OS Storage"
[    6.863545] usb usb2: New USB device found, idVendor=1d6b, idProduct=0003, bcdDevice= 5.15
[    6.877236] usb usb2: New USB device strings: Mfr=3, Product=2, SerialNumber=1
[    6.877868] 0x0000022a0000-0x000004000000 : "User"
[    6.884479] usb usb2: Product: xHCI Host Controller
[    6.884488] usb usb2: Manufacturer: Linux 5.15.0-1027-xilinx-zynqmp xhci-hcd
[    6.901243] usb usb2: SerialNumber: xhci-hcd.1.auto
[    6.906652] hub 2-0:1.0: USB hub found
[    6.910496] hub 2-0:1.0: 1 port detected
[    7.005331] xhci-hcd xhci-hcd.2.auto: xHCI Host Controller
[    7.011010] xhci-hcd xhci-hcd.2.auto: new USB bus registered, assigned bus number 3
[    7.019026] xhci-hcd xhci-hcd.2.auto: hcc params 0x0238f625 hci version 0x100 quirks 0x0000000002010890
[    7.028521] xhci-hcd xhci-hcd.2.auto: irq 61, io mem 0xfe300000
[    7.034616] xhci-hcd xhci-hcd.2.auto: xHCI Host Controller
[    7.040133] xhci-hcd xhci-hcd.2.auto: new USB bus registered, assigned bus number 4
[    7.047859] xhci-hcd xhci-hcd.2.auto: Host supports USB 3.0 SuperSpeed
[    7.054598] usb usb3: New USB device found, idVendor=1d6b, idProduct=0002, bcdDevice= 5.15
[    7.062905] usb usb3: New USB device strings: Mfr=3, Product=2, SerialNumber=1
[    7.070169] usb usb3: Product: xHCI Host Controller
[    7.075069] usb usb3: Manufacturer: Linux 5.15.0-1027-xilinx-zynqmp xhci-hcd
[    7.082131] usb usb3: SerialNumber: xhci-hcd.2.auto
[    7.091691] hub 3-0:1.0: USB hub found
[    7.097337] hub 3-0:1.0: 1 port detected
[    7.102255] usb usb4: New USB device found, idVendor=1d6b, idProduct=0003, bcdDevice= 5.15
[    7.110567] usb usb4: New USB device strings: Mfr=3, Product=2, SerialNumber=1
[    7.117890] usb usb4: Product: xHCI Host Controller
[    7.122803] usb usb4: Manufacturer: Linux 5.15.0-1027-xilinx-zynqmp xhci-hcd
[    7.129874] usb usb4: SerialNumber: xhci-hcd.2.auto
[    7.161837] hub 4-0:1.0: USB hub found
[    7.165701] hub 4-0:1.0: 1 port detected
[    7.178430] macb ff0b0000.ethernet: Not enabling partial store and forward
[    7.185413] macb ff0b0000.ethernet: invalid hw address, using random
[    7.211888] usb 1-1: new high-speed USB device number 2 using xhci-hcd
[    7.328138] da9121 1-0033: Device detected (device-ID: 0x05, var-ID: 0x21, DA9131)
[    7.365617] i2c i2c-1: Added multiplexed i2c bus 3
[    7.369262] usb 1-1: New USB device found, idVendor=0424, idProduct=2744, bcdDevice= 2.21
[    7.372031] i2c i2c-1: Added multiplexed i2c bus 4
[    7.378686] usb 1-1: New USB device strings: Mfr=1, Product=2, SerialNumber=0
[    7.390611] usb 1-1: Product: USB2744
[    7.394303] usb 1-1: Manufacturer: Microchip Tech
[    7.410908] da9121 1-0032: Device detected (device-ID: 0x05, var-ID: 0x20, DA9130)
[    7.435968] usb 3-1: new high-speed USB device number 2 using xhci-hcd
[    7.443901] hub 1-1:1.0: USB hub found
[    7.447751] hub 1-1:1.0: 4 ports detected
[    7.456431] i2c i2c-1: Added multiplexed i2c bus 5
[    7.472399] i2c i2c-1: Added multiplexed i2c bus 6
[    7.479667] pca954x 1-0074: registered 4 multiplexed busses for I2C switch pca9546
[    7.507620] usb 2-1: new SuperSpeed USB device number 2 using xhci-hcd
[    7.532380] usb 2-1: New USB device found, idVendor=0424, idProduct=5744, bcdDevice= 2.21
[    7.540660] usb 2-1: New USB device strings: Mfr=2, Product=3, SerialNumber=0
[    7.547851] usb 2-1: Product: USB5744
[    7.551537] usb 2-1: Manufacturer: Microchip Tech
[    7.588249] zynqmp-display fd4a0000.display: [drm] Cannot find any crtc or sizes
[    7.588785] usb 3-1: New USB device found, idVendor=0424, idProduct=2744, bcdDevice= 2.21
[    7.598871] [drm] Initialized xlnx 1.0.0 20130509 for fd4a0000.display on minor 0
[    7.603984] usb 3-1: New USB device strings: Mfr=1, Product=2, SerialNumber=0
[    7.604930] macb ff0b0000.ethernet eth1: Cadence GEM rev 0x50070106 at 0xff0b0000 irq 37 (aa:81:11:64:f0:7c)
[    7.612235] zynqmp-display fd4a0000.display: ZynqMP DisplayPort Subsystem driver probed
[    7.618620] usb 3-1: Product: USB2744
[    7.618628] usb 3-1: Manufacturer: Microchip Tech
[    7.645573] hub 2-1:1.0: USB hub found
[    7.649647] hub 2-1:1.0: 3 ports detected
[    7.662773] hub 3-1:1.0: USB hub found
[    7.666705] hub 3-1:1.0: 3 ports detected
[    7.726618] usb 4-1: new SuperSpeed USB device number 2 using xhci-hcd
[    7.752494] usb 4-1: New USB device found, idVendor=0424, idProduct=5744, bcdDevice= 2.21
[    7.760745] usb 4-1: New USB device strings: Mfr=2, Product=3, SerialNumber=0
[    7.767885] usb 4-1: Product: USB5744
[    7.771540] usb 4-1: Manufacturer: Microchip Tech
[    7.838707] hub 4-1:1.0: USB hub found
[    7.842649] hub 4-1:1.0: 2 ports detected
[    7.843853] usb 1-1.1: new high-speed USB device number 3 using xhci-hcd
[    7.899860] random: crng init done
[    7.958315] usb 1-1.1: New USB device found, idVendor=0424, idProduct=2240, bcdDevice= 1.98
[    7.966713] usb 1-1.1: New USB device strings: Mfr=1, Product=2, SerialNumber=3
[    7.974043] usb 1-1.1: Product: Ultra Fast Media 
[    7.978748] usb 1-1.1: Manufacturer: Generic
[    7.983018] usb 1-1.1: SerialNumber: 000000225001
[    7.988569] usb-storage 1-1.1:1.0: USB Mass Storage device detected
[    7.995215] scsi host0: usb-storage 1-1.1:1.0
[    8.023863] usb 3-1.3: new high-speed USB device number 3 using xhci-hcd
[    8.083857] usb 1-1.4: new high-speed USB device number 4 using xhci-hcd
[    8.132575] usb 3-1.3: New USB device found, idVendor=0424, idProduct=2740, bcdDevice= 2.00
[    8.140942] usb 3-1.3: New USB device strings: Mfr=1, Product=2, SerialNumber=0
[    8.148253] usb 3-1.3: Product: Hub Controller
[    8.152697] usb 3-1.3: Manufacturer: Microchip Tech
[    8.188737] usb 1-1.4: New USB device found, idVendor=0424, idProduct=2740, bcdDevice= 2.00
[    8.197130] usb 1-1.4: New USB device strings: Mfr=1, Product=2, SerialNumber=0
[    8.204466] usb 1-1.4: Product: Hub Controller
[    8.208912] usb 1-1.4: Manufacturer: Microchip Tech
[    9.028908] scsi 0:0:0:0: Direct-Access     Generic  Ultra HS-COMBO   1.98 PQ: 0 ANSI: 0
[    9.037837] sd 0:0:0:0: Attached scsi generic sg0 type 0
[    9.038771] sd 0:0:0:0: [sda] 123596800 512-byte logical blocks: (63.3 GB/58.9 GiB)
[    9.051457] sd 0:0:0:0: [sda] Write Protect is off
[    9.056811] sd 0:0:0:0: [sda] No Caching mode page found
[    9.062131] sd 0:0:0:0: [sda] Assuming drive cache: write through
[    9.072366]  sda: sda1 sda2
[    9.077354] sd 0:0:0:0: [sda] Attached SCSI removable disk
[    9.711332] async_tx: api initialized (async)
[   10.937721] EXT4-fs (sda2): mounted filesystem with ordered data mode. Opts: (null). Quota mode: none.
[   12.381361] systemd[1]: Inserted module 'autofs4'
[   12.498120] systemd[1]: systemd 249.11-0ubuntu3.12 running in system mode (+PAM +AUDIT +SELINUX +APPARMOR +IMA +SMACK +SECCOMP +GCRYPT +GNUTLS +OPENSSL +ACL +BLKID +CURL +ELFUTILS +FIDO2 +IDN2 -IDN +IPTC +KMOD +LIBCRYPTSETUP +LIBFDISK +PCRE2 -PWQUALITY -P11KIT -QRENCODE +BZIP2 +LZ4 +XZ +ZLIB +ZSTD -XKBCOMMON +UTMP +SYSVINIT default-hierarchy=unified)
[   12.529731] systemd[1]: Detected architecture arm64.
[   12.538293] systemd[1]: Hostname set to <kria>.
[   15.248926] systemd[1]: Queued start job for default target Graphical Interface.
[   15.261131] systemd[1]: Created slice Slice /system/modprobe.
[   15.268739] systemd[1]: Created slice Slice /system/serial-getty.
[   15.276563] systemd[1]: Created slice Slice /system/systemd-fsck.
[   15.283721] systemd[1]: Created slice User and Session Slice.
[   15.289920] systemd[1]: Started Dispatch Password Requests to Console Directory Watch.
[   15.298206] systemd[1]: Started Forward Password Requests to Wall Directory Watch.
[   15.306718] systemd[1]: Set up automount Arbitrary Executable File Formats File System Automount Point.
[   15.316417] systemd[1]: Reached target Local Encrypted Volumes.
[   15.322785] systemd[1]: Reached target Slice Units.
[   15.327849] systemd[1]: Reached target Mounting snaps.
[   15.333164] systemd[1]: Reached target Swaps.
[   15.337732] systemd[1]: Reached target Local Verity Protected Volumes.
[   15.344724] systemd[1]: Listening on Device-mapper event daemon FIFOs.
[   15.351820] systemd[1]: Listening on LVM2 poll daemon socket.
[   15.358111] systemd[1]: Listening on multipathd control socket.
[   15.377780] systemd[1]: Listening on RPCbind Server Activation Socket.
[   15.385401] systemd[1]: Listening on Syslog Socket.
[   15.390890] systemd[1]: Listening on fsck to fsckd communication Socket.
[   15.397946] systemd[1]: Listening on initctl Compatibility Named Pipe.
[   15.405398] systemd[1]: Listening on Journal Audit Socket.
[   15.411388] systemd[1]: Listening on Journal Socket (/dev/log).
[   15.417951] systemd[1]: Listening on Journal Socket.
[   15.423769] systemd[1]: Listening on Network Service Netlink Socket.
[   15.430947] systemd[1]: Listening on udev Control Socket.
[   15.436854] systemd[1]: Listening on udev Kernel Socket.
[   15.445269] systemd[1]: Mounting Huge Pages File System...
[   15.454304] systemd[1]: Mounting POSIX Message Queue File System...
[   15.464826] systemd[1]: Mounting Kernel Debug File System...
[   15.474345] systemd[1]: Mounting Kernel Trace File System...
[   15.486268] systemd[1]: Starting Journal Service...
[   15.491973] systemd[1]: Condition check resulted in Kernel Module supporting RPCSEC_GSS being skipped.
[   15.505802] systemd[1]: Starting Set the console keyboard layout...
[   15.516717] systemd[1]: Starting Create List of Static Device Nodes...
[   15.527727] systemd[1]: Starting Monitoring of LVM2 mirrors, snapshots etc. using dmeventd or progress polling...
[   15.538676] systemd[1]: Condition check resulted in LXD - agent being skipped.
[   15.550363] systemd[1]: Starting Load Kernel Module configfs...
[   15.561207] systemd[1]: Starting Load Kernel Module drm...
[   15.571233] systemd[1]: Starting Load Kernel Module efi_pstore...
[   15.582070] systemd[1]: Starting Load Kernel Module fuse...
[   15.589570] systemd[1]: Condition check resulted in OpenVSwitch configuration for cleanup being skipped.
[   15.599998] systemd[1]: Condition check resulted in File System Check on Root Device being skipped.
[   15.638826] systemd[1]: Starting Load Kernel Modules...
[   15.649343] systemd[1]: Starting Remount Root and Kernel File Systems...
[   15.660676] systemd[1]: Starting Coldplug All udev Devices...
[   15.674664] systemd[1]: Mounted Huge Pages File System.
[   15.680901] systemd[1]: Mounted POSIX Message Queue File System.
[   15.691271] systemd[1]: Mounted Kernel Debug File System.
[   15.697783] systemd[1]: Mounted Kernel Trace File System.
[   15.708827] systemd[1]: Finished Create List of Static Device Nodes.
[   15.714708] EXT4-fs (sda2): re-mounted. Opts: discard,errors=remount-ro. Quota mode: none.
[   15.728900] systemd[1]: modprobe@configfs.service: Deactivated successfully.
[   15.738307] systemd[1]: Finished Load Kernel Module configfs.
[   15.740030] dmaproxy: module is from the staging directory, the quality is unknown, you have been warned.
[   15.755218] systemd[1]: modprobe@drm.service: Deactivated successfully.
[   15.763196] systemd[1]: Finished Load Kernel Module drm.
[   15.770290] systemd[1]: modprobe@efi_pstore.service: Deactivated successfully.
[   15.778761] systemd[1]: Finished Load Kernel Module efi_pstore.
[   15.786902] systemd[1]: Finished Monitoring of LVM2 mirrors, snapshots etc. using dmeventd or progress polling.
[   15.798084] systemd[1]: Started Journal Service.
[   15.871661] systemd-journald[594]: Received client request to flush runtime journal.
[   15.891742] alua: device handler registered
[   15.901812] emc: device handler registered
[   15.917409] rdac: device handler registered
[  157.181093] OF: overlay: WARNING: memory leak will occur if overlay removed, property: /fpga-full/firmware-name
[  157.191289] OF: overlay: WARNING: memory leak will occur if overlay removed, property: /fpga-full/resets

Ubuntu 22.04.4 LTS kria ttyPS1

kria login: [  175.036257] zocl-drm axi:zyxclmm_drm: IRQ index 0 not found

kria login: ubuntu
Password: 
Welcome to Ubuntu 22.04.4 LTS (GNU/Linux 5.15.0-1027-xilinx-zynqmp aarch64)

 * Documentation:  https://help.ubuntu.com
 * Management:     https://landscape.canonical.com
 * Support:        https://ubuntu.com/pro

 System information as of Sat May 11 08:42:10 UTC 2024

  System load:           0.57
  Usage of /:            16.6% of 56.92GB
  Memory usage:          12%
  Swap usage:            0%
  Processes:             228
  Users logged in:       0
  IPv4 address for eth1: 192.168.1.68
  IPv6 address for eth1: 2400:1a00:b020:513a:6a5f:2090:3e5b:5763

 * Strictly confined Kubernetes makes edge and IoT secure. Learn how MicroK8s
   just raised the bar for easy, resilient and secure K8s cluster deployment.

   https://ubuntu.com/engage/secure-kubernetes-at-the-edge

 * Introducing Expanded Security Maintenance for Applications.
   Receive updates to over 25,000 software packages with your
   Ubuntu Pro subscription. Free for personal use.

     https://ubuntu.com/pro

Expanded Security Maintenance for Applications is not enabled.

0 updates can be applied immediately.

32 additional security updates can be applied with ESM Apps.
Learn more about enabling ESM Apps service at https://ubuntu.com/esm


Last login: Sat May 11 08:42:12 UTC 2024 on ttyPS1


ubuntu@kria:~$ 
ubuntu@kria:~$ 
ubuntu@kria:~$ ifconfig
eth0: flags=4099<UP,BROADCAST,MULTICAST>  mtu 1500
        ether 00:0a:35:0f:33:c6  txqueuelen 1000  (Ethernet)
        RX packets 0  bytes 0 (0.0 B)
        RX errors 0  dropped 0  overruns 0  frame 0
        TX packets 0  bytes 0 (0.0 B)
        TX errors 0  dropped 0 overruns 0  carrier 0  collisions 0
        device interrupt 38  

eth1: flags=4163<UP,BROADCAST,RUNNING,MULTICAST>  mtu 1500
        inet 192.168.1.68  netmask 255.255.255.0  broadcast 192.168.1.255
        inet6 2400:1a00:b020:513a:6a5f:2090:3e5b:5763  prefixlen 64  scopeid 0x0<global>
        inet6 fe80::c2bf:610a:3453:9e76  prefixlen 64  scopeid 0x20<link>
        ether 00:0a:35:0f:42:7f  txqueuelen 1000  (Ethernet)
        RX packets 62  bytes 6043 (6.0 KB)
        RX errors 0  dropped 9  overruns 0  frame 0
        TX packets 105  bytes 11342 (11.3 KB)
        TX errors 0  dropped 0 overruns 0  carrier 0  collisions 0
        device interrupt 37  

lo: flags=73<UP,LOOPBACK,RUNNING>  mtu 65536
        inet 127.0.0.1  netmask 255.0.0.0
        inet6 ::1  prefixlen 128  scopeid 0x10<host>
        loop  txqueuelen 1000  (Local Loopback)
        RX packets 945  bytes 77215 (77.2 KB)
        RX errors 0  dropped 0  overruns 0  frame 0
        TX packets 945  bytes 77215 (77.2 KB)
        TX errors 0  dropped 0 overruns 0  carrier 0  collisions 0

ubuntu@kria:~$ ping google.com
PING google.com(del12s08-in-x0e.1e100.net (2404:6800:4002:825::200e)) 56 data bytes
64 bytes from del12s08-in-x0e.1e100.net (2404:6800:4002:825::200e): icmp_seq=1 ttl=115 time=16.2 ms
64 bytes from del12s08-in-x0e.1e100.net (2404:6800:4002:825::200e): icmp_seq=2 ttl=115 time=17.0 ms
^C
--- google.com ping statistics ---
2 packets transmitted, 2 received, 0% packet loss, time 1002ms
rtt min/avg/max/mdev = 16.229/16.624/17.019/0.395 ms
ubuntu@kria:~$ 
ubuntu@kria:~$ 
ubuntu@kria:~$ sudo xmutil listapps
[sudo] password for ubuntu: 
                     Accelerator          Accel_type                            Base           Base_type      #slots(PL+AIE)         Active_slot

                k26-starter-kits            XRT_FLAT                k26-starter-kits            XRT_FLAT               (0+0)                  0,
ubuntu@kria:~$ 
ubuntu@kria:~$ 
ubuntu@kria:~$ 
ubuntu@kria:~$ ls
Kria-PYNQ                             kria-roboticsai  vai3.5_kr260.zip
install_update_kr260_to_vitisai35.sh  snap
ubuntu@kria:~$ 
ubuntu@kria:~$ 
ubuntu@kria:~$ 

