Xilinx Zynq MP First Stage Boot Loader 
Release 2022.2   Apr  3 2023  -  09:10:43
MultiBootOffset: 0x40
Reset Mode	:	System Reset
Platform: Silicon (4.0), Running on A53-0 (64-bit) Processor, Device Name: XCZUUNKNEG
QSPI 32 bit Boot Mode 
FlashID=0x20 0xBB 0x20
PMU Firmware 2022.2	Apr  3 2023   09:10:43
PMU_ROM Version: xpbr-v8.1.0-0
�NOTICE:  BL31: v2.6(release):xlnx_rebase_v2.6_2022.1_update3-18-g0897efd45
NOTICE:  BL31: Built : 03:55:03, Sep  9 2022


U-Boot 2022.01 (Jan 25 2023 - 08:10:44 +0000)

CPU:   ZynqMP
Silicon: v3
Detected name: zynqmp-smk-k26-xcl2g-rev1-sck-kr-g-rev1
Model: ZynqMP SMK-K26 Rev1/B/A
Board: Xilinx ZynqMP
DRAM:  4 GiB
PMUFW:	v1.1
Cannot load PMUFW configuration object (1)
PMUFW returned 0x00000001 status!
Xilinx I2C FRU format at nvmem0:
 Manufacturer Name: XILINX
 Product Name: SMK-K26-XCL2G
 Serial No: XFL14PVBG4CJ
 Part Number: 5057-04
 File ID: 0x0
 Revision Number: 1
Xilinx I2C FRU format at nvmem1:
 Manufacturer Name: XILINX
 Product Name: SCK-KR-G
 Serial No: XFL15OICDU5P
 Part Number: 5100-01
 File ID: 0x0
 Revision Number: 1
EL Level:	EL2
Chip ID:	xck26
NAND:  0 MiB
MMC:   
Loading Environment from nowhere... OK
In:    serial
Out:   serial
Err:   serial
Bootmode: QSPI_MODE
Reset reason:	SOFT 
Net:   
ZYNQ GEM: ff0c0000, mdio bus ff0c0000, phyaddr 8, interface rgmii-id
Get shared mii bus on ethernet@ff0b0000

ZYNQ GEM: ff0b0000, mdio bus ff0c0000, phyaddr 4, interface sgmii
eth0: ethernet@ff0b0000, eth1: ethernet@ff0c0000
starting USB...
Bus usb@fe200000: Register 2000440 NbrPorts 2
Starting the controller
USB XHCI 1.00
Bus usb@fe300000: Register 2000440 NbrPorts 2
Starting the controller
USB XHCI 1.00
scanning bus usb@fe200000 for devices... 5 USB Device(s) found
scanning bus usb@fe300000 for devices... 4 USB Device(s) found
       scanning usb for storage devices... 1 Storage Device(s) found
Hit any key to stop autoboot:  0 
model=SMK-K26-XCL2G

Device 0: Vendor: Generic  Rev: 1.98 Prod: Ultra HS-COMBO
            Type: Removable Hard Disk
            Capacity: 60350.0 MB = 58.9 GB (123596800 x 512)
... is now current device
Scanning usb 0:1...
Found U-Boot script /boot.scr.uimg
8001 bytes read in 3 ms (2.5 MiB/s)
## Executing script at 20000000
Selecting DT for Kria boards
Kria DT: #conf-smk-k26-revA-sck-kr-g-revB
Configuring the cma value based on the board type
cma=1000M
Loading image.fit
67780728 bytes read in 4605 ms (14 MiB/s)
## Loading kernel from FIT Image at 10000000 ...
   Using 'conf-smk-k26-revA-sck-kr-g-revB' configuration
   Trying 'kernel-1' kernel subimage
     Description:  Ubuntu kernel
     Created:      2024-05-08   9:44:46 UTC
     Type:         Kernel Image
     Compression:  gzip compressed
     Data Start:   0x100000ec
     Data Size:    17155401 Bytes = 16.4 MiB
     Architecture: AArch64
     OS:           Linux
     Load Address: 0x00200000
     Entry Point:  0x00200000
     Hash algo:    sha1
     Hash value:   17cc6cbc5b485390821f7f027dfe5462e223d4d5
   Verifying Hash Integrity ... sha1+ OK
## Loading ramdisk from FIT Image at 10000000 ...
   Using 'conf-smk-k26-revA-sck-kr-g-revB' configuration
   Trying 'ramdisk-1' ramdisk subimage
     Description:  Ubuntu ramdisk
     Created:      2024-05-08   9:44:46 UTC
     Type:         RAMDisk Image
     Compression:  uncompressed
     Data Start:   0x1105c728
     Data Size:    50364896 Bytes = 48 MiB
     Architecture: AArch64
     OS:           Linux
     Load Address: unavailable
     Entry Point:  unavailable
     Hash algo:    sha1
     Hash value:   db5afc4f0676c386ecd9a49ff70d88137ec7a822
   Verifying Hash Integrity ... sha1+ OK
## Loading fdt from FIT Image at 10000000 ...
   Using 'conf-smk-k26-revA-sck-kr-g-revB' configuration
   Trying 'fdt-smk-k26-revA-sck-kr-g-revB.dtb' fdt subimage
     Description:  Flattened device tree blob - smk-k26-revA-sck-kr-g-revB
     Created:      2024-05-08   9:44:46 UTC
     Type:         Flat Device Tree
     Compression:  uncompressed
     Data Start:   0x1408387c
     Data Size:    44305 Bytes = 43.3 KiB
     Architecture: AArch64
     Load Address: 0x44000000
     Hash algo:    sha1
     Hash value:   9599347a3ea7f20a4e96ef316ef8d07dd28ae303
   Verifying Hash Integrity ... sha1+ OK
   Loading fdt from 0x1408387c to 0x44000000
   Booting using the fdt blob at 0x44000000
   Uncompressing Kernel Image
   Loading Ramdisk to 75ff7000, end 78fff1e0 ... OK
ERROR: reserving fdt memory region failed (addr=7ff00000 size=100000 flags=4)
   Loading Device Tree to 000000000fff2000, end 000000000ffffd10 ... OK

Starting kernel ...

[    0.000000] Booting Linux on physical CPU 0x0000000000 [0x410fd034]
[    0.000000] Linux version 5.15.0-1027-xilinx-zynqmp (buildd@bos01-arm64-022) (gcc (Ubuntu 11.4.0-1ubuntu1~22.04) 11.4.0, GNU ld (GNU Binutils for Ubuntu) 2.38) #31-Ubuntu SMP Wed Feb 21 04:33:09 UTC 2024 (Ubuntu 5.15.0-1027.31-xilinx-zynqmp 5.15.136)
[    0.000000] Machine model: ZynqMP KR260 revB
[    0.000000] efi: UEFI not found.
[    0.000000] earlycon: cdns0 at MMIO 0x00000000ff010000 (options '115200n8')
[    0.000000] printk: bootconsole [cdns0] enabled
[    0.000000] NUMA: No NUMA configuration found
[    0.000000] NUMA: Faking a node at [mem 0x0000000000000000-0x000000087fffffff]
[    0.000000] NUMA: NODE_DATA [mem 0x87f7c5340-0x87f7c9fff]
[    0.000000] Zone ranges:
[    0.000000]   DMA      [mem 0x0000000000000000-0x00000000ffffffff]
[    0.000000]   DMA32    empty
[    0.000000]   Normal   [mem 0x0000000100000000-0x000000087fffffff]
[    0.000000]   Device   empty
[    0.000000] Movable zone start for each node
[    0.000000] Early memory node ranges
[    0.000000]   node   0: [mem 0x0000000000000000-0x000000007fefffff]
[    0.000000]   node   0: [mem 0x000000007ff00000-0x000000007fffffff]
[    0.000000]   node   0: [mem 0x0000000800000000-0x000000087fffffff]
[    0.000000] Initmem setup node 0 [mem 0x0000000000000000-0x000000087fffffff]
[    0.000000] cma: Reserved 1000 MiB at 0x0000000037400000
[    0.000000] psci: probing for conduit method from DT.
[    0.000000] psci: PSCIv1.1 detected in firmware.
[    0.000000] psci: Using standard PSCI v0.2 function IDs
[    0.000000] psci: MIGRATE_INFO_TYPE not supported.
[    0.000000] psci: SMC Calling Convention v1.2
[    0.000000] percpu: Embedded 30 pages/cpu s84888 r8192 d29800 u122880
[    0.000000] Detected VIPT I-cache on CPU0
[    0.000000] CPU features: detected: ARM erratum 845719
[    0.000000] Built 1 zonelists, mobility grouping on.  Total pages: 1032192
[    0.000000] Policy zone: Normal
[    0.000000] Kernel command line:  root=LABEL=writable rootwait earlycon console=ttyPS1,115200 console=tty1 clk_ignore_unused uio_pdrv_genirq.of_id=generic-uio xilinx_tsn_ep.st_pcp=4 cma=1000M 
[    0.000000] Dentry cache hash table entries: 524288 (order: 10, 4194304 bytes, linear)
[    0.000000] Inode-cache hash table entries: 262144 (order: 9, 2097152 bytes, linear)
[    0.000000] mem auto-init: stack:off, heap alloc:on, heap free:off
[    0.000000] software IO TLB: mapped [mem 0x000000007bf00000-0x000000007ff00000] (64MB)
[    0.000000] Memory: 2925088K/4194304K available (20928K kernel code, 3310K rwdata, 15460K rodata, 6848K init, 1342K bss, 245216K reserved, 1024000K cma-reserved)
[    0.000000] SLUB: HWalign=64, Order=0-3, MinObjects=0, CPUs=4, Nodes=1
[    0.000000] ftrace: allocating 67015 entries in 262 pages
[    0.000000] ftrace: allocated 262 pages with 3 groups
[    0.000000] trace event string verifier disabled
[    0.000000] rcu: Hierarchical RCU implementation.
[    0.000000] rcu: 	RCU event tracing is enabled.
[    0.000000] 	Rude variant of Tasks RCU enabled.
[    0.000000] 	Tracing variant of Tasks RCU enabled.
[    0.000000] rcu: RCU calculated value of scheduler-enlistment delay is 25 jiffies.
[    0.000000] NR_IRQS: 64, nr_irqs: 64, preallocated irqs: 0
[    0.000000] GIC: Adjusting CPU interface base to 0x00000000f902f000
[    0.000000] Root IRQ handler: gic_handle_irq
[    0.000000] GIC: Using split EOI/Deactivate mode
[    0.000000] arch_timer: cp15 timer(s) running at 99.99MHz (phys).
[    0.000000] clocksource: arch_sys_counter: mask: 0x1ffffffffffffff max_cycles: 0x171015c90f, max_idle_ns: 440795203080 ns
[    0.000000] sched_clock: 57 bits at 99MHz, resolution 10ns, wraps every 4398046511101ns
[    0.008217] Console: colour dummy device 80x25
[    0.012374] printk: console [tty1] enabled
[    0.016437] printk: bootconsole [cdns0] disabled
[    0.000000] Booting Linux on physical CPU 0x0000000000 [0x410fd034]
[    0.000000] Linux version 5.15.0-1027-xilinx-zynqmp (buildd@bos01-arm64-022) (gcc (Ubuntu 11.4.0-1ubuntu1~22.04) 11.4.0, GNU ld (GNU Binutils for Ubuntu) 2.38) #31-Ubuntu SMP Wed Feb 21 04:33:09 UTC 2024 (Ubuntu 5.15.0-1027.31-xilinx-zynqmp 5.15.136)
[    0.000000] Machine model: ZynqMP KR260 revB
[    0.000000] efi: UEFI not found.
[    0.000000] earlycon: cdns0 at MMIO 0x00000000ff010000 (options '115200n8')
[    0.000000] printk: bootconsole [cdns0] enabled
[    0.000000] NUMA: No NUMA configuration found
[    0.000000] NUMA: Faking a node at [mem 0x0000000000000000-0x000000087fffffff]
[    0.000000] NUMA: NODE_DATA [mem 0x87f7c5340-0x87f7c9fff]
[    0.000000] Zone ranges:
[    0.000000]   DMA      [mem 0x0000000000000000-0x00000000ffffffff]
[    0.000000]   DMA32    empty
[    0.000000]   Normal   [mem 0x0000000100000000-0x000000087fffffff]
[    0.000000]   Device   empty
[    0.000000] Movable zone start for each node
[    0.000000] Early memory node ranges
[    0.000000]   node   0: [mem 0x0000000000000000-0x000000007fefffff]
[    0.000000]   node   0: [mem 0x000000007ff00000-0x000000007fffffff]
[    0.000000]   node   0: [mem 0x0000000800000000-0x000000087fffffff]
[    0.000000] Initmem setup node 0 [mem 0x0000000000000000-0x000000087fffffff]
[    0.000000] cma: Reserved 1000 MiB at 0x0000000037400000
[    0.000000] psci: probing for conduit method from DT.
[    0.000000] psci: PSCIv1.1 detected in firmware.
[    0.000000] psci: Using standard PSCI v0.2 function IDs
[    0.000000] psci: MIGRATE_INFO_TYPE not supported.
[    0.000000] psci: SMC Calling Convention v1.2
[    0.000000] percpu: Embedded 30 pages/cpu s84888 r8192 d29800 u122880
[    0.000000] Detected VIPT I-cache on CPU0
[    0.000000] CPU features: detected: ARM erratum 845719
[    0.000000] Built 1 zonelists, mobility grouping on.  Total pages: 1032192
[    0.000000] Policy zone: Normal
[    0.000000] Kernel command line:  root=LABEL=writable rootwait earlycon console=ttyPS1,115200 console=tty1 clk_ignore_unused uio_pdrv_genirq.of_id=generic-uio xilinx_tsn_ep.st_pcp=4 cma=1000M 
[    0.000000] Dentry cache hash table entries: 524288 (order: 10, 4194304 bytes, linear)
[    0.000000] Inode-cache hash table entries: 262144 (order: 9, 2097152 bytes, linear)
[    0.000000] mem auto-init: stack:off, heap alloc:on, heap free:off
[    0.000000] software IO TLB: mapped [mem 0x000000007bf00000-0x000000007ff00000] (64MB)
[    0.000000] Memory: 2925088K/4194304K available (20928K kernel code, 3310K rwdata, 15460K rodata, 6848K init, 1342K bss, 245216K reserved, 1024000K cma-reserved)
[    0.000000] SLUB: HWalign=64, Order=0-3, MinObjects=0, CPUs=4, Nodes=1
[    0.000000] ftrace: allocating 67015 entries in 262 pages
[    0.000000] ftrace: allocated 262 pages with 3 groups
[    0.000000] trace event string verifier disabled
[    0.000000] rcu: Hierarchical RCU implementation.
[    0.000000] rcu: 	RCU event tracing is enabled.
[    0.000000] 	Rude variant of Tasks RCU enabled.
[    0.000000] 	Tracing variant of Tasks RCU enabled.
[    0.000000] rcu: RCU calculated value of scheduler-enlistment delay is 25 jiffies.
[    0.000000] NR_IRQS: 64, nr_irqs: 64, preallocated irqs: 0
[    0.000000] GIC: Adjusting CPU interface base to 0x00000000f902f000
[    0.000000] Root IRQ handler: gic_handle_irq
[    0.000000] GIC: Using split EOI/Deactivate mode
[    0.000000] arch_timer: cp15 timer(s) running at 99.99MHz (phys).
[    0.000000] clocksource: arch_sys_counter: mask: 0x1ffffffffffffff max_cycles: 0x171015c90f, max_idle_ns: 440795203080 ns
[    0.000000] sched_clock: 57 bits at 99MHz, resolution 10ns, wraps every 4398046511101ns
[    0.008217] Console: colour dummy device 80x25
[    0.012374] printk: console [tty1] enabled
[    0.016437] printk: bootconsole [cdns0] disabled
[    0.021106] Calibrating delay loop (skipped), value calculated using timer frequency.. 199.99 BogoMIPS (lpj=399996)
[    0.021124] pid_max: default: 32768 minimum: 301
[    0.021322] LSM: Security Framework initializing
[    0.021352] landlock: Up and running.
[    0.021358] Yama: becoming mindful.
[    0.021450] AppArmor: AppArmor initialized
[    0.021641] Mount-cache hash table entries: 8192 (order: 4, 65536 bytes, linear)
[    0.021664] Mountpoint-cache hash table entries: 8192 (order: 4, 65536 bytes, linear)
[    0.023560] rcu: Hierarchical SRCU implementation.
[    0.025185] EFI services will not be available.
[    0.025601] smp: Bringing up secondary CPUs ...
[    0.026176] Detected VIPT I-cache on CPU1
[    0.026227] CPU1: Booted secondary processor 0x0000000001 [0x410fd034]
[    0.026860] Detected VIPT I-cache on CPU2
[    0.026885] CPU2: Booted secondary processor 0x0000000002 [0x410fd034]
[    0.027448] Detected VIPT I-cache on CPU3
[    0.027471] CPU3: Booted secondary processor 0x0000000003 [0x410fd034]
[    0.027537] smp: Brought up 1 node, 4 CPUs
[    0.027573] SMP: Total of 4 processors activated.
[    0.027581] CPU features: detected: 32-bit EL0 Support
[    0.027591] CPU features: detected: 32-bit EL1 Support
[    0.027600] CPU features: detected: CRC32 instructions
[    0.027654] CPU features: emulated: Privileged Access Never (PAN) using TTBR0_EL1 switching
[    0.039973] CPU: All CPU(s) started at EL2
[    0.040025] alternatives: patching kernel code
[    0.041527] devtmpfs: initialized
[    0.050581] KASLR disabled due to lack of seed
[    0.050752] clocksource: jiffies: mask: 0xffffffff max_cycles: 0xffffffff, max_idle_ns: 7645041785100000 ns
[    0.050784] futex hash table entries: 1024 (order: 4, 65536 bytes, linear)
[    0.075086] pinctrl core: initialized pinctrl subsystem
[    0.075664] DMI not present or invalid.
[    0.076269] NET: Registered PF_NETLINK/PF_ROUTE protocol family
[    0.078168] DMA: preallocated 512 KiB GFP_KERNEL pool for atomic allocations
[    0.078329] DMA: preallocated 512 KiB GFP_KERNEL|GFP_DMA pool for atomic allocations
[    0.078591] DMA: preallocated 512 KiB GFP_KERNEL|GFP_DMA32 pool for atomic allocations
[    0.078631] audit: initializing netlink subsys (disabled)
[    0.078749] audit: type=2000 audit(0.072:1): state=initialized audit_enabled=0 res=1
[    0.079341] thermal_sys: Registered thermal governor 'fair_share'
[    0.079346] thermal_sys: Registered thermal governor 'bang_bang'
[    0.079356] thermal_sys: Registered thermal governor 'step_wise'
[    0.079365] thermal_sys: Registered thermal governor 'user_space'
[    0.079373] thermal_sys: Registered thermal governor 'power_allocator'
[    0.079544] cpuidle: using governor ladder
[    0.079573] cpuidle: using governor menu
[    0.079845] hw-breakpoint: found 6 breakpoint and 4 watchpoint registers.
[    0.079931] ASID allocator initialised with 65536 entries
[    0.080514] Serial: AMBA PL011 UART driver
[    0.104734] HugeTLB registered 1.00 GiB page size, pre-allocated 0 pages
[    0.104763] HugeTLB registered 32.0 MiB page size, pre-allocated 0 pages
[    0.104774] HugeTLB registered 2.00 MiB page size, pre-allocated 0 pages
[    0.104784] HugeTLB registered 64.0 KiB page size, pre-allocated 0 pages
[    0.177444] raid6: neonx8   gen()  2379 MB/s
[    0.245498] raid6: neonx8   xor()  1773 MB/s
[    0.313553] raid6: neonx4   gen()  2427 MB/s
[    0.381606] raid6: neonx4   xor()  1738 MB/s
[    0.449666] raid6: neonx2   gen()  2318 MB/s
[    0.517713] raid6: neonx2   xor()  1600 MB/s
[    0.585774] raid6: neonx1   gen()  1987 MB/s
[    0.653827] raid6: neonx1   xor()  1353 MB/s
[    0.721885] raid6: int64x8  gen()  1519 MB/s
[    0.789940] raid6: int64x8  xor()   860 MB/s
[    0.857993] raid6: int64x4  gen()  1777 MB/s
[    0.926050] raid6: int64x4  xor()   948 MB/s
[    0.994115] raid6: int64x2  gen()  1554 MB/s
[    1.062178] raid6: int64x2  xor()   832 MB/s
[    1.130234] raid6: int64x1  gen()  1148 MB/s
[    1.198293] raid6: int64x1  xor()   575 MB/s
[    1.198302] raid6: using algorithm neonx4 gen() 2427 MB/s
[    1.198311] raid6: .... xor() 1738 MB/s, rmw enabled
[    1.198319] raid6: using neon recovery algorithm
[    1.199074] fbcon: Taking over console
[    1.199105] ACPI: Interpreter disabled.
[    1.199719] iommu: Default domain type: Translated 
[    1.199730] iommu: DMA domain TLB invalidation policy: strict mode 
[    1.200694] SCSI subsystem initialized
[    1.200982] vgaarb: loaded
[    1.201122] usbcore: registered new interface driver usbfs
[    1.201170] usbcore: registered new interface driver hub
[    1.201199] usbcore: registered new device driver usb
[    1.201334] mc: Linux media interface: v0.10
[    1.201361] videodev: Linux video capture interface: v2.00
[    1.201450] pps_core: LinuxPPS API ver. 1 registered
[    1.201459] pps_core: Software ver. 5.3.6 - Copyright 2005-2007 Rodolfo Giometti <giometti@linux.it>
[    1.201480] PTP clock support registered
[    1.201607] EDAC MC: Ver: 3.0.0
[    1.202190] zynqmp-ipi-mbox mailbox@ff9905c0: Registered ZynqMP IPI mbox with TX/RX channels.
[    1.202529] FPGA manager framework
[    1.202707] Advanced Linux Sound Architecture Driver Initialized.
[    1.203323] NetLabel: Initializing
[    1.203333] NetLabel:  domain hash size = 128
[    1.203341] NetLabel:  protocols = UNLABELED CIPSOv4 CALIPSO
[    1.203411] NetLabel:  unlabeled traffic allowed by default
[    1.204000] clocksource: Switched to clocksource arch_sys_counter
[    1.273160] VFS: Disk quotas dquot_6.6.0
[    1.273242] VFS: Dquot-cache hash table entries: 512 (order 0, 4096 bytes)
[    1.273851] AppArmor: AppArmor Filesystem Enabled
[    1.273916] pnp: PnP ACPI: disabled
[    1.280408] NET: Registered PF_INET protocol family
[    1.280573] IP idents hash table entries: 65536 (order: 7, 524288 bytes, linear)
[    1.282326] tcp_listen_portaddr_hash hash table entries: 2048 (order: 3, 32768 bytes, linear)
[    1.282413] Table-perturb hash table entries: 65536 (order: 6, 262144 bytes, linear)
[    1.282464] TCP established hash table entries: 32768 (order: 6, 262144 bytes, linear)
[    1.282722] TCP bind hash table entries: 32768 (order: 7, 524288 bytes, linear)
[    1.283127] TCP: Hash tables configured (established 32768 bind 32768)
[    1.283326] MPTCP token hash table entries: 4096 (order: 4, 98304 bytes, linear)
[    1.283439] UDP hash table entries: 2048 (order: 4, 65536 bytes, linear)
[    1.283523] UDP-Lite hash table entries: 2048 (order: 4, 65536 bytes, linear)
[    1.283741] NET: Registered PF_UNIX/PF_LOCAL protocol family
[    1.284251] RPC: Registered named UNIX socket transport module.
[    1.284263] RPC: Registered udp transport module.
[    1.284271] RPC: Registered tcp transport module.
[    1.284278] RPC: Registered tcp NFSv4.1 backchannel transport module.
[    1.284290] NET: Registered PF_XDP protocol family
[    1.284304] PCI: CLS 0 bytes, default 64
[    1.284506] Trying to unpack rootfs image as initramfs...
[    1.925932] hw perfevents: enabled with armv8_pmuv3 PMU driver, 7 counters available
[    1.926367] kvm [1]: IPA Size Limit: 40 bits
[    1.929120] kvm [1]: vgic interrupt IRQ9
[    1.929297] kvm [1]: Hyp mode initialized successfully
[    1.931805] Initialise system trusted keyrings
[    1.931883] Key type blacklist registered
[    1.932098] workingset: timestamp_bits=40 max_order=20 bucket_order=0
[    1.937975] zbud: loaded
[    1.939466] squashfs: version 4.0 (2009/01/31) Phillip Lougher
[    1.940908] NFS: Registering the id_resolver key type
[    1.940954] Key type id_resolver registered
[    1.940963] Key type id_legacy registered
[    1.941047] nfs4filelayout_init: NFSv4 File Layout Driver Registering...
[    1.941065] nfs4flexfilelayout_init: NFSv4 Flexfile Layout Driver Registering...
[    1.941103] jffs2: version 2.2. (NAND) (SUMMARY)  © 2001-2006 Red Hat, Inc.
[    1.941496] fuse: init (API version 7.34)
[    1.942171] integrity: Platform Keyring initialized
[    1.974840] NET: Registered PF_ALG protocol family
[    1.974888] xor: measuring software checksum speed
[    1.978677]    8regs           :  2627 MB/sec
[    1.981891]    32regs          :  3111 MB/sec
[    1.985718]    arm64_neon      :  2607 MB/sec
[    1.985742] xor: using function: 32regs (3111 MB/sec)
[    1.985768] Key type asymmetric registered
[    1.985779] Asymmetric key parser 'x509' registered
[    1.985913] Block layer SCSI generic (bsg) driver version 0.4 loaded (major 239)
[    1.986149] io scheduler mq-deadline registered
[    1.986162] io scheduler kyber registered
[    1.989123] shpchp: Standard Hot Plug PCI Controller Driver version: 0.4
[    2.031802] Serial: 8250/16550 driver, 4 ports, IRQ sharing enabled
[    2.033432] Serial: AMBA driver
[    2.043834] brd: module loaded
[    2.049972] loop: module loaded
[    2.053493] mtdoops: mtd device (mtddev=name/number) must be supplied
[    2.055878] tun: Universal TUN/TAP device driver, 1.6
[    2.056858] PPP generic driver version 2.4.2
[    2.057142] usbcore: registered new interface driver asix
[    2.057220] usbcore: registered new interface driver ax88179_178a
[    2.057258] usbcore: registered new interface driver cdc_ether
[    2.057300] usbcore: registered new interface driver net1080
[    2.057333] usbcore: registered new interface driver cdc_subset
[    2.057374] usbcore: registered new interface driver zaurus
[    2.057419] usbcore: registered new interface driver cdc_ncm
[    2.058091] ehci_hcd: USB 2.0 'Enhanced' Host Controller (EHCI) Driver
[    2.058124] ehci-pci: EHCI PCI platform driver
[    2.058157] ohci_hcd: USB 1.1 'Open' Host Controller (OHCI) Driver
[    2.058173] ohci-pci: OHCI PCI platform driver
[    2.058207] uhci_hcd: USB Universal Host Controller Interface driver
[    2.058664] usbcore: registered new interface driver uas
[    2.058706] usbcore: registered new interface driver usb-storage
[    2.059051] mousedev: PS/2 mouse device common for all mice
[    2.059318] i2c_dev: i2c /dev entries driver
[    2.060909] usbcore: registered new interface driver uvcvideo
[    2.062239] device-mapper: core: CONFIG_IMA_DISABLE_HTABLE is disabled. Duplicate IMA measurements will not be recorded in the IMA log.
[    2.062386] device-mapper: uevent: version 1.0.3
[    2.062698] device-mapper: ioctl: 4.45.0-ioctl (2021-03-22) initialised: dm-devel@redhat.com
[    2.062808] EDAC MC: ECC not enabled
[    2.062978] EDAC DEVICE0: Giving out device to module zynqmp-ocm-edac controller zynqmp_ocm: DEV ff960000.memory-controller (INTERRUPT)
[    2.064128] sdhci: Secure Digital Host Controller Interface driver
[    2.064141] sdhci: Copyright(c) Pierre Ossman
[    2.064149] sdhci-pltfm: SDHCI platform and OF driver helper
[    2.064601] ledtrig-cpu: registered to indicate activity on CPUs
[    2.064828] SMCCC: SOC_ID: ARCH_SOC_ID not implemented, skipping ....
[    2.064918] zynqmp_firmware_probe Platform Management API v1.1
[    2.064932] zynqmp_firmware_probe Trustzone version v1.0
[    2.097531] securefw securefw: securefw probed
[    2.097846] hid: raw HID events driver (C) Jiri Kosina
[    2.102433] fpga_manager fpga0: Xilinx ZynqMP FPGA Manager registered
[    2.103214] usbcore: registered new interface driver snd-usb-audio
[    2.104317] pktgen: Packet Generator for packet performance testing. Version: 2.75
[    2.109255] drop_monitor: Initializing network drop monitor service
[    2.109440] Initializing XFRM netlink socket
[    2.110007] NET: Registered PF_INET6 protocol family
[    2.933332] Freeing initrd memory: 49184K
[    2.962937] Segment Routing with IPv6
[    2.963015] In-situ OAM (IOAM) with IPv6
[    2.963089] NET: Registered PF_PACKET protocol family
[    2.963277] 8021q: 802.1Q VLAN Support v1.8
[    2.963600] Key type dns_resolver registered
[    2.964467] registered taskstats version 1
[    2.964770] Loading compiled-in X.509 certificates
[    2.967382] Loaded X.509 cert 'Build time autogenerated kernel key: ad1332e6fac816d7c10c85b059a20d7204027652'
[    2.969729] Loaded X.509 cert 'Canonical Ltd. Live Patch Signing: 14df34d1a87cf37625abec039ef2bf521249b969'
[    2.972069] Loaded X.509 cert 'Canonical Ltd. Kernel Module Signing: 88f752e560a1e0737e31163a466ad7b70a850c19'
[    2.972085] blacklist: Loading compiled-in revocation X.509 certificates
[    2.972159] Loaded X.509 cert 'Canonical Ltd. Secure Boot Signing: 61482aa2830d0ab2ad5af10b7250da9033ddcef0'
[    2.972220] Loaded X.509 cert 'Canonical Ltd. Secure Boot Signing (2017): 242ade75ac4a15e50d50c84b0d45ff3eae707a03'
[    2.972301] Loaded X.509 cert 'Canonical Ltd. Secure Boot Signing (ESM 2018): 365188c1d374d6b07c3c8f240f8ef722433d6a8b'
[    2.972380] Loaded X.509 cert 'Canonical Ltd. Secure Boot Signing (2019): c0746fd6c5da3ae827864651ad66ae47fe24b3e8'
[    2.972444] Loaded X.509 cert 'Canonical Ltd. Secure Boot Signing (2021 v1): a8d54bbb3825cfb94fa13c9f8a594a195c107b8d'
[    2.972515] Loaded X.509 cert 'Canonical Ltd. Secure Boot Signing (2021 v2): 4cf046892d6fd3c9a5b03f98d845f90851dc6a8c'
[    2.972582] Loaded X.509 cert 'Canonical Ltd. Secure Boot Signing (2021 v3): 100437bb6de6e469b581e61cd66bce3ef4ed53af'
[    2.972645] Loaded X.509 cert 'Canonical Ltd. Secure Boot Signing (Ubuntu Core 2019): c1d57b8f6b743f23ee41f4f7ee292f06eecadfb9'
[    2.972946] zswap: loaded using pool lzo/zbud
[    2.973355] Key type .fscrypt registered
[    2.973366] Key type fscrypt-provisioning registered
[    2.975702] Btrfs loaded, crc32c=crc32c-generic, zoned=yes, fsverity=yes
[    3.069311] cryptd: max_cpu_qlen set to 1000
[    3.099120] Key type encrypted registered
[    3.099162] AppArmor: AppArmor sha1 policy hashing enabled
[    3.099203] ima: No TPM chip found, activating TPM-bypass!
[    3.099230] Loading compiled-in module X.509 certificates
[    3.101629] Loaded X.509 cert 'Build time autogenerated kernel key: ad1332e6fac816d7c10c85b059a20d7204027652'
[    3.101650] ima: Allocated hash algorithm: sha1
[    3.101682] ima: No architecture policies found
[    3.101728] evm: Initialising EVM extended attributes:
[    3.101737] evm: security.selinux
[    3.101744] evm: security.SMACK64
[    3.101750] evm: security.SMACK64EXEC
[    3.101757] evm: security.SMACK64TRANSMUTE
[    3.101764] evm: security.SMACK64MMAP
[    3.101771] evm: security.apparmor
[    3.101777] evm: security.ima
[    3.101784] evm: security.capability
[    3.101790] evm: HMAC attrs: 0x1
[    3.115019] ff010000.serial: ttyPS1 at MMIO 0xff010000 (irq = 51, base_baud = 6249999) is a xuartps
[    4.738064] printk: console [ttyPS1] enabled
[    4.742942] of-fpga-region fpga-full: FPGA Region probed
[    4.749588] xilinx-zynqmp-dma fd500000.dma-controller: ZynqMP DMA driver Probe success
[    4.757769] xilinx-zynqmp-dma fd510000.dma-controller: ZynqMP DMA driver Probe success
[    4.765931] xilinx-zynqmp-dma fd520000.dma-controller: ZynqMP DMA driver Probe success
[    4.774088] xilinx-zynqmp-dma fd530000.dma-controller: ZynqMP DMA driver Probe success
[    4.782251] xilinx-zynqmp-dma fd540000.dma-controller: ZynqMP DMA driver Probe success
[    4.790418] xilinx-zynqmp-dma fd550000.dma-controller: ZynqMP DMA driver Probe success
[    4.798576] xilinx-zynqmp-dma fd560000.dma-controller: ZynqMP DMA driver Probe success
[    4.806752] xilinx-zynqmp-dma fd570000.dma-controller: ZynqMP DMA driver Probe success
[    4.814977] xilinx-zynqmp-dma ffa80000.dma-controller: ZynqMP DMA driver Probe success
[    4.823141] xilinx-zynqmp-dma ffa90000.dma-controller: ZynqMP DMA driver Probe success
[    4.831308] xilinx-zynqmp-dma ffaa0000.dma-controller: ZynqMP DMA driver Probe success
[    4.839455] xilinx-zynqmp-dma ffab0000.dma-controller: ZynqMP DMA driver Probe success
[    4.847619] xilinx-zynqmp-dma ffac0000.dma-controller: ZynqMP DMA driver Probe success
[    4.855806] xilinx-zynqmp-dma ffad0000.dma-controller: ZynqMP DMA driver Probe success
[    4.863963] xilinx-zynqmp-dma ffae0000.dma-controller: ZynqMP DMA driver Probe success
[    4.872180] xilinx-zynqmp-dma ffaf0000.dma-controller: ZynqMP DMA driver Probe success
[    4.880751] xilinx-zynqmp-dpdma fd4c0000.dma-controller: Xilinx DPDMA engine is probed
[    4.890236] macb ff0b0000.ethernet: Not enabling partial store and forward
[    4.897851] macb ff0b0000.ethernet eth0: Defer probe as mdio producer ff0c0000.ethernet is not probed
[    4.922737] macb ff0c0000.ethernet: Not enabling partial store and forward
[    4.928070] zynqmp_pll_disable() clock disable failed for dpll_int, ret = -13
[    4.957260] xilinx-axipmon ffa00000.perf-monitor: Probed Xilinx APM
[    4.963946] xilinx-axipmon fd0b0000.perf-monitor: Probed Xilinx APM
[    4.970528] xilinx-axipmon fd490000.perf-monitor: Probed Xilinx APM
[    4.977099] xilinx-axipmon ffa10000.perf-monitor: Probed Xilinx APM
[    4.985619] cdns-wdt fd4d0000.watchdog: Xilinx Watchdog Timer with timeout 60s
[    4.993191] cdns-wdt ff150000.watchdog: Xilinx Watchdog Timer with timeout 10s
[    5.001921] zynqmp_clk_divider_set_rate() set divider failed for gem_tsu_ref_div1, ret = -13
[    5.010675] macb ff0b0000.ethernet: Not enabling partial store and forward
[    5.017585] macb ff0b0000.ethernet: invalid hw address, using random
[    5.024656] macb ff0b0000.ethernet eth0: Defer probe as mdio producer ff0c0000.ethernet is not probed
[    5.050387] macb ff0c0000.ethernet: Not enabling partial store and forward
[    5.057303] macb ff0c0000.ethernet: invalid hw address, using random
[    5.098187] macb ff0b0000.ethernet: Not enabling partial store and forward
[    5.105130] macb ff0b0000.ethernet: invalid hw address, using random
[    5.112130] macb ff0b0000.ethernet eth0: Defer probe as mdio producer ff0c0000.ethernet is not probed
[    5.138379] macb ff0c0000.ethernet: Not enabling partial store and forward
[    5.145339] macb ff0c0000.ethernet: invalid hw address, using random
[    5.181415] input: gpio-keys as /devices/platform/gpio-keys/input/input0
[    5.188849] of_cfs_init
[    5.189353] macb ff0b0000.ethernet: Not enabling partial store and forward
[    5.191314] of_cfs_init: OK
[    5.198202] macb ff0b0000.ethernet: invalid hw address, using random
[    5.201182] clk: Not disabling unused clocks
[    5.207927] macb ff0b0000.ethernet eth0: Defer probe as mdio producer ff0c0000.ethernet is not probed
[    5.211841] ALSA device list:
[    5.223754]   No soundcards found.
[    5.232861] Freeing unused kernel memory: 6848K
[    5.250778] macb ff0c0000.ethernet: Not enabling partial store and forward
[    5.257708] macb ff0c0000.ethernet: invalid hw address, using random
[    5.325681] Checked W+X mappings: passed, no W+X pages found
[    5.331388] Run /init as init process
[    6.296536] zynqmp-display fd4a0000.display: vtc bridge property not present
[    6.323952] xilinx-dp-snd-codec fd4a0000.display:zynqmp-dp-snd-codec0: Xilinx DisplayPort Sound Codec probed
[    6.348844] spi-nor spi0.0: mt25qu512a (65536 Kbytes)
[    6.351069] macb ff0b0000.ethernet: Not enabling partial store and forward
[    6.354076] 17 fixed-partitions partitions found on MTD device spi0.0
[    6.365125] macb ff0b0000.ethernet: invalid hw address, using random
[    6.367319] Creating 17 MTD partitions on "spi0.0":
[    6.377472] macb ff0b0000.ethernet eth0: Defer probe as mdio producer ff0c0000.ethernet is not probed
[    6.378512] 0x000000000000-0x000000080000 : "Image Selector"
[    6.385878] xilinx-dp-snd-pcm zynqmp_dp_snd_pcm0: Xilinx DisplayPort Sound PCM probed
[    6.386620] xilinx-dp-snd-pcm zynqmp_dp_snd_pcm1: Xilinx DisplayPort Sound PCM probed
[    6.416660] at24 1-0050: supply vcc not found, using dummy regulator
[    6.423336] rtc_zynqmp ffa60000.rtc: registered as rtc0
[    6.424693] 0x000000080000-0x000000100000 : "Image Selector Golden"
[    6.425676] xilinx-dp-snd-card fd4a0000.display:zynqmp-dp-snd-card: Xilinx DisplayPort Sound Card probed
[    6.426005] OF: graph: no port node found in /axi/display@fd4a0000
[    6.426578] xlnx-drm xlnx-drm.0: bound fd4a0000.display (ops zynqmp_dpsub_component_ops [zynqmp_dpsub])
[    6.428644] rtc_zynqmp ffa60000.rtc: setting system clock to 1970-01-01T00:00:22 UTC (22)
[    6.433289] at24 1-0050: 8192 byte 24c64 EEPROM, writable, 1 bytes/write
[    6.433641] at24 1-0051: supply vcc not found, using dummy regulator
[    6.434052] at24 1-0051: 8192 byte 24c64 EEPROM, writable, 1 bytes/write
[    6.434388] cdns-i2c ff030000.i2c: 400 kHz mmio ff030000 irq 40
[    6.436536] 0x000000100000-0x000000120000 : "Persistent Register"
[    6.514404] 0x000000120000-0x000000140000 : "Persistent Register Backup"
[    6.539208] 0x000000140000-0x000000200000 : "Open_1"
[    6.571129] macb ff0c0000.ethernet: Not enabling partial store and forward
[    6.578875] 0x000000200000-0x000000f00000 : "Image A (FSBL, PMU, ATF, U-Boot)"
[    6.581400] macb ff0c0000.ethernet: invalid hw address, using random
[    6.735103] 0x000000f00000-0x000000f80000 : "ImgSel Image A Catch"
[    6.742883] 0x000000f80000-0x000001c80000 : "Image B (FSBL, PMU, ATF, U-Boot)"
[    6.754535] 0x000001c80000-0x000001d00000 : "ImgSel Image B Catch"
[    6.760136] macb ff0c0000.ethernet eth0: Cadence GEM rev 0x50070106 at 0xff0c0000 irq 38 (aa:a4:56:a6:dd:6c)
[    6.764764] 0x000001d00000-0x000001e00000 : "Open_2"
[    6.791165] 0x000001e00000-0x000002000000 : "Recovery Image"
[    6.812455] 0x000002000000-0x000002200000 : "Recovery Image Backup"
[    6.820223] 0x000002200000-0x000002220000 : "U-Boot storage variables"
[    6.829497] 0x000002220000-0x000002240000 : "U-Boot storage variables backup"
[    6.844942] 0x000002240000-0x000002280000 : "SHA256"
[    6.853388] 0x000002280000-0x0000022a0000 : "Secure OS Storage"
[    6.872489] xhci-hcd xhci-hcd.1.auto: xHCI Host Controller
[    6.878106] xhci-hcd xhci-hcd.1.auto: new USB bus registered, assigned bus number 1
[    6.878979] 0x0000022a0000-0x000004000000 : "User"
[    6.887770] xhci-hcd xhci-hcd.1.auto: hcc params 0x0238f625 hci version 0x100 quirks 0x0000000002010890
[    6.900863] xhci-hcd xhci-hcd.1.auto: irq 58, io mem 0xfe200000
[    6.909012] xhci-hcd xhci-hcd.1.auto: xHCI Host Controller
[    6.914744] xhci-hcd xhci-hcd.1.auto: new USB bus registered, assigned bus number 2
[    6.922462] xhci-hcd xhci-hcd.1.auto: Host supports USB 3.0 SuperSpeed
[    6.929171] usb usb1: New USB device found, idVendor=1d6b, idProduct=0002, bcdDevice= 5.15
[    6.937477] usb usb1: New USB device strings: Mfr=3, Product=2, SerialNumber=1
[    6.944738] usb usb1: Product: xHCI Host Controller
[    6.949629] usb usb1: Manufacturer: Linux 5.15.0-1027-xilinx-zynqmp xhci-hcd
[    6.956683] usb usb1: SerialNumber: xhci-hcd.1.auto
[    6.962119] hub 1-0:1.0: USB hub found
[    6.965953] hub 1-0:1.0: 1 port detected
[    6.973010] usb usb2: New USB device found, idVendor=1d6b, idProduct=0003, bcdDevice= 5.15
[    6.981319] usb usb2: New USB device strings: Mfr=3, Product=2, SerialNumber=1
[    6.988572] usb usb2: Product: xHCI Host Controller
[    6.993464] usb usb2: Manufacturer: Linux 5.15.0-1027-xilinx-zynqmp xhci-hcd
[    7.000517] usb usb2: SerialNumber: xhci-hcd.1.auto
[    7.005899] hub 2-0:1.0: USB hub found
[    7.009739] hub 2-0:1.0: 1 port detected
[    7.100778] xhci-hcd xhci-hcd.2.auto: xHCI Host Controller
[    7.106328] xhci-hcd xhci-hcd.2.auto: new USB bus registered, assigned bus number 3
[    7.114155] xhci-hcd xhci-hcd.2.auto: hcc params 0x0238f625 hci version 0x100 quirks 0x0000000002010890
[    7.123667] xhci-hcd xhci-hcd.2.auto: irq 61, io mem 0xfe300000
[    7.129811] xhci-hcd xhci-hcd.2.auto: xHCI Host Controller
[    7.135478] xhci-hcd xhci-hcd.2.auto: new USB bus registered, assigned bus number 4
[    7.143180] xhci-hcd xhci-hcd.2.auto: Host supports USB 3.0 SuperSpeed
[    7.149898] usb usb3: New USB device found, idVendor=1d6b, idProduct=0002, bcdDevice= 5.15
[    7.158204] usb usb3: New USB device strings: Mfr=3, Product=2, SerialNumber=1
[    7.165444] usb usb3: Product: xHCI Host Controller
[    7.170338] usb usb3: Manufacturer: Linux 5.15.0-1027-xilinx-zynqmp xhci-hcd
[    7.177392] usb usb3: SerialNumber: xhci-hcd.2.auto
[    7.183489] hub 3-0:1.0: USB hub found
[    7.187350] hub 3-0:1.0: 1 port detected
[    7.191864] usb usb4: New USB device found, idVendor=1d6b, idProduct=0003, bcdDevice= 5.15
[    7.200167] usb usb4: New USB device strings: Mfr=3, Product=2, SerialNumber=1
[    7.207435] usb usb4: Product: xHCI Host Controller
[    7.212332] usb usb4: Manufacturer: Linux 5.15.0-1027-xilinx-zynqmp xhci-hcd
[    7.219400] usb usb4: SerialNumber: xhci-hcd.2.auto
[    7.229659] hub 4-0:1.0: USB hub found
[    7.233468] hub 4-0:1.0: 1 port detected
[    7.239181] macb ff0b0000.ethernet: Not enabling partial store and forward
[    7.246190] macb ff0b0000.ethernet: invalid hw address, using random
[    7.262591] i2c i2c-1: Added multiplexed i2c bus 3
[    7.270591] i2c i2c-1: Added multiplexed i2c bus 4
[    7.308096] usb 1-1: new high-speed USB device number 2 using xhci-hcd
[    7.332945] da9121 1-0033: Device detected (device-ID: 0x05, var-ID: 0x21, DA9131)
[    7.342076] i2c i2c-1: Added multiplexed i2c bus 5
[    7.389702] da9121 1-0032: Device detected (device-ID: 0x05, var-ID: 0x20, DA9130)
[    7.397427] i2c i2c-1: Added multiplexed i2c bus 6
[    7.411695] pca954x 1-0074: registered 4 multiplexed busses for I2C switch pca9546
[    7.464910] usb 1-1: New USB device found, idVendor=0424, idProduct=2744, bcdDevice= 2.21
[    7.473135] usb 1-1: New USB device strings: Mfr=1, Product=2, SerialNumber=0
[    7.480284] usb 1-1: Product: USB2744
[    7.483947] usb 1-1: Manufacturer: Microchip Tech
[    7.504308] zynqmp-display fd4a0000.display: [drm] Cannot find any crtc or sizes
[    7.532050] usb 3-1: new high-speed USB device number 2 using xhci-hcd
[    7.550572] [drm] Initialized xlnx 1.0.0 20130509 for fd4a0000.display on minor 0
[    7.568118] zynqmp-display fd4a0000.display: ZynqMP DisplayPort Subsystem driver probed
[    7.576524] hub 1-1:1.0: USB hub found
[    7.580486] hub 1-1:1.0: 4 ports detected
[    7.601182] usb 2-1: new SuperSpeed USB device number 2 using xhci-hcd
[    7.624497] usb 2-1: New USB device found, idVendor=0424, idProduct=5744, bcdDevice= 2.21
[    7.632753] usb 2-1: New USB device strings: Mfr=2, Product=3, SerialNumber=0
[    7.639915] usb 2-1: Product: USB5744
[    7.643599] usb 2-1: Manufacturer: Microchip Tech
[    7.685003] usb 3-1: New USB device found, idVendor=0424, idProduct=2744, bcdDevice= 2.21
[    7.693245] usb 3-1: New USB device strings: Mfr=1, Product=2, SerialNumber=0
[    7.700437] usb 3-1: Product: USB2744
[    7.704166] usb 3-1: Manufacturer: Microchip Tech
[    7.713394] hub 2-1:1.0: USB hub found
[    7.717547] hub 2-1:1.0: 3 ports detected
[    7.722388] macb ff0b0000.ethernet eth1: Cadence GEM rev 0x50070106 at 0xff0b0000 irq 37 (52:91:e9:b7:f2:9d)
[    7.748039] random: crng init done
[    7.758738] hub 3-1:1.0: USB hub found
[    7.762731] hub 3-1:1.0: 3 ports detected
[    7.821780] usb 4-1: new SuperSpeed USB device number 2 using xhci-hcd
[    7.848941] usb 4-1: New USB device found, idVendor=0424, idProduct=5744, bcdDevice= 2.21
[    7.857171] usb 4-1: New USB device strings: Mfr=2, Product=3, SerialNumber=0
[    7.864309] usb 4-1: Product: USB5744
[    7.867969] usb 4-1: Manufacturer: Microchip Tech
[    7.934039] hub 4-1:1.0: USB hub found
[    7.937983] hub 4-1:1.0: 2 ports detected
[    7.952030] usb 1-1.1: new high-speed USB device number 3 using xhci-hcd
[    8.066548] usb 1-1.1: New USB device found, idVendor=0424, idProduct=2240, bcdDevice= 1.98
[    8.074928] usb 1-1.1: New USB device strings: Mfr=1, Product=2, SerialNumber=3
[    8.082237] usb 1-1.1: Product: Ultra Fast Media 
[    8.086949] usb 1-1.1: Manufacturer: Generic
[    8.091218] usb 1-1.1: SerialNumber: 000000225001
[    8.098694] usb-storage 1-1.1:1.0: USB Mass Storage device detected
[    8.105742] scsi host0: usb-storage 1-1.1:1.0
[    8.120036] usb 3-1.3: new high-speed USB device number 3 using xhci-hcd
[    8.188025] usb 1-1.4: new high-speed USB device number 4 using xhci-hcd
[    8.229365] usb 3-1.3: New USB device found, idVendor=0424, idProduct=2740, bcdDevice= 2.00
[    8.237728] usb 3-1.3: New USB device strings: Mfr=1, Product=2, SerialNumber=0
[    8.245040] usb 3-1.3: Product: Hub Controller
[    8.249485] usb 3-1.3: Manufacturer: Microchip Tech
[    8.292763] usb 1-1.4: New USB device found, idVendor=0424, idProduct=2740, bcdDevice= 2.00
[    8.301150] usb 1-1.4: New USB device strings: Mfr=1, Product=2, SerialNumber=0
[    8.308466] usb 1-1.4: Product: Hub Controller
[    8.312909] usb 1-1.4: Manufacturer: Microchip Tech
[    9.125090] scsi 0:0:0:0: Direct-Access     Generic  Ultra HS-COMBO   1.98 PQ: 0 ANSI: 0
[    9.133871] sd 0:0:0:0: Attached scsi generic sg0 type 0
[    9.134728] sd 0:0:0:0: [sda] 123596800 512-byte logical blocks: (63.3 GB/58.9 GiB)
[    9.147534] sd 0:0:0:0: [sda] Write Protect is off
[    9.152953] sd 0:0:0:0: [sda] No Caching mode page found
[    9.158268] sd 0:0:0:0: [sda] Assuming drive cache: write through
[    9.168447]  sda: sda1 sda2
[    9.173434] sd 0:0:0:0: [sda] Attached SCSI removable disk
[    9.799184] async_tx: api initialized (async)
[   11.230936] EXT4-fs (sda2): mounted filesystem with ordered data mode. Opts: (null). Quota mode: none.
[   12.503884] systemd[1]: System time before build time, advancing clock.
[   12.651014] systemd[1]: Inserted module 'autofs4'
[   12.766448] systemd[1]: systemd 249.11-0ubuntu3.12 running in system mode (+PAM +AUDIT +SELINUX +APPARMOR +IMA +SMACK +SECCOMP +GCRYPT +GNUTLS +OPENSSL +ACL +BLKID +CURL +ELFUTILS +FIDO2 +IDN2 -IDN +IPTC +KMOD +LIBCRYPTSETUP +LIBFDISK +PCRE2 -PWQUALITY -P11KIT -QRENCODE +BZIP2 +LZ4 +XZ +ZLIB +ZSTD -XKBCOMMON +UTMP +SYSVINIT default-hierarchy=unified)
[   12.798082] systemd[1]: Detected architecture arm64.
[   12.806503] systemd[1]: Hostname set to <kria>.
[   15.469148] systemd[1]: Queued start job for default target Graphical Interface.
[   15.481363] systemd[1]: Created slice Slice /system/modprobe.
[   15.489000] systemd[1]: Created slice Slice /system/serial-getty.
[   15.496830] systemd[1]: Created slice Slice /system/systemd-fsck.
[   15.503969] systemd[1]: Created slice User and Session Slice.
[   15.510168] systemd[1]: Started Dispatch Password Requests to Console Directory Watch.
[   15.518470] systemd[1]: Started Forward Password Requests to Wall Directory Watch.
[   15.526954] systemd[1]: Set up automount Arbitrary Executable File Formats File System Automount Point.
[   15.536631] systemd[1]: Reached target Local Encrypted Volumes.
[   15.542976] systemd[1]: Reached target Slice Units.
[   15.548046] systemd[1]: Reached target Mounting snaps.
[   15.553367] systemd[1]: Reached target Swaps.
[   15.557914] systemd[1]: Reached target Local Verity Protected Volumes.
[   15.564904] systemd[1]: Listening on Device-mapper event daemon FIFOs.
[   15.572028] systemd[1]: Listening on LVM2 poll daemon socket.
[   15.578307] systemd[1]: Listening on multipathd control socket.
[   15.597654] systemd[1]: Listening on RPCbind Server Activation Socket.
[   15.605184] systemd[1]: Listening on Syslog Socket.
[   15.610662] systemd[1]: Listening on fsck to fsckd communication Socket.
[   15.617759] systemd[1]: Listening on initctl Compatibility Named Pipe.
[   15.625208] systemd[1]: Listening on Journal Audit Socket.
[   15.631230] systemd[1]: Listening on Journal Socket (/dev/log).
[   15.637789] systemd[1]: Listening on Journal Socket.
[   15.643615] systemd[1]: Listening on Network Service Netlink Socket.
[   15.650742] systemd[1]: Listening on udev Control Socket.
[   15.656686] systemd[1]: Listening on udev Kernel Socket.
[   15.665128] systemd[1]: Mounting Huge Pages File System...
[   15.674203] systemd[1]: Mounting POSIX Message Queue File System...
[   15.684212] systemd[1]: Mounting Kernel Debug File System...
[   15.693689] systemd[1]: Mounting Kernel Trace File System...
[   15.705654] systemd[1]: Starting Journal Service...
[   15.711204] systemd[1]: Condition check resulted in Kernel Module supporting RPCSEC_GSS being skipped.
[   15.725063] systemd[1]: Starting Set the console keyboard layout...
[   15.735890] systemd[1]: Starting Create List of Static Device Nodes...
[   15.746615] systemd[1]: Starting Monitoring of LVM2 mirrors, snapshots etc. using dmeventd or progress polling...
[   15.757380] systemd[1]: Condition check resulted in LXD - agent being skipped.
[   15.769037] systemd[1]: Starting Load Kernel Module configfs...
[   15.779478] systemd[1]: Starting Load Kernel Module drm...
[   15.791540] systemd[1]: Starting Load Kernel Module efi_pstore...
[   15.802875] systemd[1]: Starting Load Kernel Module fuse...
[   15.809714] systemd[1]: Condition check resulted in OpenVSwitch configuration for cleanup being skipped.
[   15.820276] systemd[1]: Condition check resulted in File System Check on Root Device being skipped.
[   15.846099] systemd[1]: Starting Load Kernel Modules...
[   15.855969] systemd[1]: Starting Remount Root and Kernel File Systems...
[   15.867000] systemd[1]: Starting Coldplug All udev Devices...
[   15.880607] systemd[1]: Mounted Huge Pages File System.
[   15.886610] systemd[1]: Mounted POSIX Message Queue File System.
[   15.893316] systemd[1]: Mounted Kernel Debug File System.
[   15.899433] systemd[1]: Mounted Kernel Trace File System.
[   15.906482] systemd[1]: Finished Create List of Static Device Nodes.
[   15.913512] EXT4-fs (sda2): re-mounted. Opts: discard,errors=remount-ro. Quota mode: none.
[   15.914703] systemd[1]: modprobe@configfs.service: Deactivated successfully.
[   15.925750] dmaproxy: module is from the staging directory, the quality is unknown, you have been warned.
[   15.930616] systemd[1]: Finished Load Kernel Module configfs.
[   15.949456] systemd[1]: modprobe@drm.service: Deactivated successfully.
[   15.957257] systemd[1]: Finished Load Kernel Module drm.
[   15.964181] systemd[1]: modprobe@efi_pstore.service: Deactivated successfully.
[   15.972595] systemd[1]: Finished Load Kernel Module efi_pstore.
[   15.980710] systemd[1]: Finished Set the console keyboard layout.
[   15.989062] systemd[1]: modprobe@fuse.service: Deactivated successfully.
[   15.997179] systemd[1]: Finished Load Kernel Module fuse.
[   16.003843] systemd[1]: Started Journal Service.
[   16.052668] systemd-journald[588]: Received client request to flush runtime journal.
[   16.089477] alua: device handler registered
[   16.100614] emc: device handler registered
[   16.125348] rdac: device handler registered
[   16.125442] systemd-journald[588]: File /var/log/journal/fd1f4dfa19124906a2885f0c88480459/system.journal corrupted or uncleanly shut down, renaming and replacing.
[   17.991950] tpm tpm0: A TPM error (256) occurred attempting the self test
[  156.827826] OF: overlay: WARNING: memory leak will occur if overlay removed, property: /fpga-full/firmware-name
[  156.838036] OF: overlay: WARNING: memory leak will occur if overlay removed, property: /fpga-full/resets

Ubuntu 22.04.4 LTS kria ttyPS1

kria login: [  174.027988] zocl-drm axi:zyxclmm_drm: IRQ index 0 not found

kria login: 
kria login: 
kria login: ubuntu
Password: 
Welcome to Ubuntu 22.04.4 LTS (GNU/Linux 5.15.0-1027-xilinx-zynqmp aarch64)

 * Documentation:  https://help.ubuntu.com
 * Management:     https://landscape.canonical.com
 * Support:        https://ubuntu.com/pro

 System information disabled due to load higher than 1.0

 * Strictly confined Kubernetes makes edge and IoT secure. Learn how MicroK8s
   just raised the bar for easy, resilient and secure K8s cluster deployment.

   https://ubuntu.com/engage/secure-kubernetes-at-the-edge

 * Introducing Expanded Security Maintenance for Applications.
   Receive updates to over 25,000 software packages with your
   Ubuntu Pro subscription. Free for personal use.

     https://ubuntu.com/pro

Expanded Security Maintenance for Applications is not enabled.

0 updates can be applied immediately.

32 additional security updates can be applied with ESM Apps.
Learn more about enabling ESM Apps service at https://ubuntu.com/esm


Last login: Wed May  8 10:42:12 UTC 2024 on ttyPS1


ubuntu@kria:~$ 
ubuntu@kria:~$ 
ubuntu@kria:~$ ls
Kria-PYNQ                             kria-roboticsai  vai3.5_kr260.zip
install_update_kr260_to_vitisai35.sh  snap
ubuntu@kria:~$ 
ubuntu@kria:~$ 
ubuntu@kria:~$ 
ubuntu@kria:~$ 
ubuntu@kria:~$ 
ubuntu@kria:~$ 
ubuntu@kria:~$ 


## LogicTronix Comment- TPM error delay the boot time. TPM error can come due to firmware mismatch in Kria!
## Seems TPM error cames after running the apt update and upgrade commands. 
## The first run does not have TPM error: https://github.com/LogicTronixInc/AMD-Kria-Robotics-AI-Competition-Resources/blob/main/AMD_Kria-RoboticsAI_Github/KR260-Ubuntu-22-04-boot_log-v5-after-pynq-env-lunched-jupyter.sh
#
