Xilinx Zynq MP First Stage Boot Loader 
Release 2022.2   Apr  3 2023  -  09:10:43
MultiBootOffset: 0x40
Reset Mode	:	System Reset
Platform: Silicon (4.0), Running on A53-0 (64-bit) Processor, Device Name: XCZUUNKNEG
QSPI 32 bit Boot Mode 
FlashID=0x20 0xBB 0x20
PMU Firmware 2022.2	Apr  3 2023   09:10:43
PMU_ROM Version: xpbr-v8.1.0-0
�NOTICE:  BL31: v2.6(release):xlnx_rebase_v2.6_2022.1_update3-18-g0897efd45
NOTICE:  BL31: Built : 03:55:03, Sep  9 2022


U-Boot 2022.01 (Jan 25 2023 - 08:10:44 +0000)

CPU:   ZynqMP
Silicon: v3
Detected name: zynqmp-smk-k26-xcl2g-rev1-sck-kr-g-rev1
Model: ZynqMP SMK-K26 Rev1/B/A
Board: Xilinx ZynqMP
DRAM:  4 GiB
PMUFW:	v1.1
Cannot load PMUFW configuration object (1)
PMUFW returned 0x00000001 status!
Xilinx I2C FRU format at nvmem0:
 Manufacturer Name: XILINX
 Product Name: SMK-K26-XCL2G
 Serial No: XFL14PVBG4CJ
 Part Number: 5057-04
 File ID: 0x0
 Revision Number: 1
Xilinx I2C FRU format at nvmem1:
 Manufacturer Name: XILINX
 Product Name: SCK-KR-G
 Serial No: XFL15OICDU5P
 Part Number: 5100-01
 File ID: 0x0
 Revision Number: 1
EL Level:	EL2
Chip ID:	xck26
NAND:  0 MiB
MMC:   
Loading Environment from nowhere... OK
In:    serial
Out:   serial
Err:   serial
Bootmode: QSPI_MODE
Reset reason:	SOFT 
Net:   
ZYNQ GEM: ff0c0000, mdio bus ff0c0000, phyaddr 8, interface rgmii-id
Get shared mii bus on ethernet@ff0b0000

ZYNQ GEM: ff0b0000, mdio bus ff0c0000, phyaddr 4, interface sgmii
eth0: ethernet@ff0b0000, eth1: ethernet@ff0c0000
starting USB...
Bus usb@fe200000: Register 2000440 NbrPorts 2
Starting the controller
USB XHCI 1.00
Bus usb@fe300000: Register 2000440 NbrPorts 2
Starting the controller
USB XHCI 1.00
scanning bus usb@fe200000 for devices... 5 USB Device(s) found
scanning bus usb@fe300000 for devices... 4 USB Device(s) found
       scanning usb for storage devices... 1 Storage Device(s) found
Hit any key to stop autoboot:  0 
model=SMK-K26-XCL2G

Device 0: Vendor: Generic  Rev: 1.98 Prod: Ultra HS-COMBO
            Type: Removable Hard Disk
            Capacity: 60350.0 MB = 58.9 GB (123596800 x 512)
... is now current device
Scanning usb 0:1...
Found U-Boot script /boot.scr.uimg
8001 bytes read in 3 ms (2.5 MiB/s)
## Executing script at 20000000
Selecting DT for Kria boards
Kria DT: #conf-smk-k26-revA-sck-kr-g-revB
Configuring the cma value based on the board type
cma=1000M
Loading image.fit
67780728 bytes read in 4608 ms (14 MiB/s)
## Loading kernel from FIT Image at 10000000 ...
   Using 'conf-smk-k26-revA-sck-kr-g-revB' configuration
   Trying 'kernel-1' kernel subimage
     Description:  Ubuntu kernel
     Created:      2024-05-08   9:44:46 UTC
     Type:         Kernel Image
     Compression:  gzip compressed
     Data Start:   0x100000ec
     Data Size:    17155401 Bytes = 16.4 MiB
     Architecture: AArch64
     OS:           Linux
     Load Address: 0x00200000
     Entry Point:  0x00200000
     Hash algo:    sha1
     Hash value:   17cc6cbc5b485390821f7f027dfe5462e223d4d5
   Verifying Hash Integrity ... sha1+ OK
## Loading ramdisk from FIT Image at 10000000 ...
   Using 'conf-smk-k26-revA-sck-kr-g-revB' configuration
   Trying 'ramdisk-1' ramdisk subimage
     Description:  Ubuntu ramdisk
     Created:      2024-05-08   9:44:46 UTC
     Type:         RAMDisk Image
     Compression:  uncompressed
     Data Start:   0x1105c728
     Data Size:    50364896 Bytes = 48 MiB
     Architecture: AArch64
     OS:           Linux
     Load Address: unavailable
     Entry Point:  unavailable
     Hash algo:    sha1
     Hash value:   db5afc4f0676c386ecd9a49ff70d88137ec7a822
   Verifying Hash Integrity ... sha1+ OK
## Loading fdt from FIT Image at 10000000 ...
   Using 'conf-smk-k26-revA-sck-kr-g-revB' configuration
   Trying 'fdt-smk-k26-revA-sck-kr-g-revB.dtb' fdt subimage
     Description:  Flattened device tree blob - smk-k26-revA-sck-kr-g-revB
     Created:      2024-05-08   9:44:46 UTC
     Type:         Flat Device Tree
     Compression:  uncompressed
     Data Start:   0x1408387c
     Data Size:    44305 Bytes = 43.3 KiB
     Architecture: AArch64
     Load Address: 0x44000000
     Hash algo:    sha1
     Hash value:   9599347a3ea7f20a4e96ef316ef8d07dd28ae303
   Verifying Hash Integrity ... sha1+ OK
   Loading fdt from 0x1408387c to 0x44000000
   Booting using the fdt blob at 0x44000000
   Uncompressing Kernel Image
   Loading Ramdisk to 75ff7000, end 78fff1e0 ... OK
ERROR: reserving fdt memory region failed (addr=7ff00000 size=100000 flags=4)
   Loading Device Tree to 000000000fff2000, end 000000000ffffd10 ... OK

Starting kernel ...

[    0.000000] Booting Linux on physical CPU 0x0000000000 [0x410fd034]
[    0.000000] Linux version 5.15.0-1027-xilinx-zynqmp (buildd@bos01-arm64-022) (gcc (Ubuntu 11.4.0-1ubuntu1~22.04) 11.4.0, GNU ld (GNU Binutils for Ubuntu) 2.38) #31-Ubuntu SMP Wed Feb 21 04:33:09 UTC 2024 (Ubuntu 5.15.0-1027.31-xilinx-zynqmp 5.15.136)
[    0.000000] Machine model: ZynqMP KR260 revB
[    0.000000] efi: UEFI not found.
[    0.000000] earlycon: cdns0 at MMIO 0x00000000ff010000 (options '115200n8')
[    0.000000] printk: bootconsole [cdns0] enabled
[    0.000000] NUMA: No NUMA configuration found
[    0.000000] NUMA: Faking a node at [mem 0x0000000000000000-0x000000087fffffff]
[    0.000000] NUMA: NODE_DATA [mem 0x87f7c5340-0x87f7c9fff]
[    0.000000] Zone ranges:
[    0.000000]   DMA      [mem 0x0000000000000000-0x00000000ffffffff]
[    0.000000]   DMA32    empty
[    0.000000]   Normal   [mem 0x0000000100000000-0x000000087fffffff]
[    0.000000]   Device   empty
[    0.000000] Movable zone start for each node
[    0.000000] Early memory node ranges
[    0.000000]   node   0: [mem 0x0000000000000000-0x000000007fefffff]
[    0.000000]   node   0: [mem 0x000000007ff00000-0x000000007fffffff]
[    0.000000]   node   0: [mem 0x0000000800000000-0x000000087fffffff]
[    0.000000] Initmem setup node 0 [mem 0x0000000000000000-0x000000087fffffff]
[    0.000000] cma: Reserved 1000 MiB at 0x0000000037400000
[    0.000000] psci: probing for conduit method from DT.
[    0.000000] psci: PSCIv1.1 detected in firmware.
[    0.000000] psci: Using standard PSCI v0.2 function IDs
[    0.000000] psci: MIGRATE_INFO_TYPE not supported.
[    0.000000] psci: SMC Calling Convention v1.2
[    0.000000] percpu: Embedded 30 pages/cpu s84888 r8192 d29800 u122880
[    0.000000] Detected VIPT I-cache on CPU0
[    0.000000] CPU features: detected: ARM erratum 845719
[    0.000000] Built 1 zonelists, mobility grouping on.  Total pages: 1032192
[    0.000000] Policy zone: Normal
[    0.000000] Kernel command line:  root=LABEL=writable rootwait earlycon console=ttyPS1,115200 console=tty1 clk_ignore_unused uio_pdrv_genirq.of_id=generic-uio xilinx_tsn_ep.st_pcp=4 cma=1000M 
[    0.000000] Dentry cache hash table entries: 524288 (order: 10, 4194304 bytes, linear)
[    0.000000] Inode-cache hash table entries: 262144 (order: 9, 2097152 bytes, linear)
[    0.000000] mem auto-init: stack:off, heap alloc:on, heap free:off
[    0.000000] software IO TLB: mapped [mem 0x000000007bf00000-0x000000007ff00000] (64MB)
[    0.000000] Memory: 2925088K/4194304K available (20928K kernel code, 3310K rwdata, 15460K rodata, 6848K init, 1342K bss, 245216K reserved, 1024000K cma-reserved)
[    0.000000] SLUB: HWalign=64, Order=0-3, MinObjects=0, CPUs=4, Nodes=1
[    0.000000] ftrace: allocating 67015 entries in 262 pages
[    0.000000] ftrace: allocated 262 pages with 3 groups
[    0.000000] trace event string verifier disabled
[    0.000000] rcu: Hierarchical RCU implementation.
[    0.000000] rcu: 	RCU event tracing is enabled.
[    0.000000] 	Rude variant of Tasks RCU enabled.
[    0.000000] 	Tracing variant of Tasks RCU enabled.
[    0.000000] rcu: RCU calculated value of scheduler-enlistment delay is 25 jiffies.
[    0.000000] NR_IRQS: 64, nr_irqs: 64, preallocated irqs: 0
[    0.000000] GIC: Adjusting CPU interface base to 0x00000000f902f000
[    0.000000] Root IRQ handler: gic_handle_irq
[    0.000000] GIC: Using split EOI/Deactivate mode
[    0.000000] arch_timer: cp15 timer(s) running at 99.99MHz (phys).
[    0.000000] clocksource: arch_sys_counter: mask: 0x1ffffffffffffff max_cycles: 0x171015c90f, max_idle_ns: 440795203080 ns
[    0.000000] sched_clock: 57 bits at 99MHz, resolution 10ns, wraps every 4398046511101ns
[    0.008215] Console: colour dummy device 80x25
[    0.012374] printk: console [tty1] enabled
[    0.016436] printk: bootconsole [cdns0] disabled
[    0.000000] Booting Linux on physical CPU 0x0000000000 [0x410fd034]
[    0.000000] Linux version 5.15.0-1027-xilinx-zynqmp (buildd@bos01-arm64-022) (gcc (Ubuntu 11.4.0-1ubuntu1~22.04) 11.4.0, GNU ld (GNU Binutils for Ubuntu) 2.38) #31-Ubuntu SMP Wed Feb 21 04:33:09 UTC 2024 (Ubuntu 5.15.0-1027.31-xilinx-zynqmp 5.15.136)
[    0.000000] Machine model: ZynqMP KR260 revB
[    0.000000] efi: UEFI not found.
[    0.000000] earlycon: cdns0 at MMIO 0x00000000ff010000 (options '115200n8')
[    0.000000] printk: bootconsole [cdns0] enabled
[    0.000000] NUMA: No NUMA configuration found
[    0.000000] NUMA: Faking a node at [mem 0x0000000000000000-0x000000087fffffff]
[    0.000000] NUMA: NODE_DATA [mem 0x87f7c5340-0x87f7c9fff]
[    0.000000] Zone ranges:
[    0.000000]   DMA      [mem 0x0000000000000000-0x00000000ffffffff]
[    0.000000]   DMA32    empty
[    0.000000]   Normal   [mem 0x0000000100000000-0x000000087fffffff]
[    0.000000]   Device   empty
[    0.000000] Movable zone start for each node
[    0.000000] Early memory node ranges
[    0.000000]   node   0: [mem 0x0000000000000000-0x000000007fefffff]
[    0.000000]   node   0: [mem 0x000000007ff00000-0x000000007fffffff]
[    0.000000]   node   0: [mem 0x0000000800000000-0x000000087fffffff]
[    0.000000] Initmem setup node 0 [mem 0x0000000000000000-0x000000087fffffff]
[    0.000000] cma: Reserved 1000 MiB at 0x0000000037400000
[    0.000000] psci: probing for conduit method from DT.
[    0.000000] psci: PSCIv1.1 detected in firmware.
[    0.000000] psci: Using standard PSCI v0.2 function IDs
[    0.000000] psci: MIGRATE_INFO_TYPE not supported.
[    0.000000] psci: SMC Calling Convention v1.2
[    0.000000] percpu: Embedded 30 pages/cpu s84888 r8192 d29800 u122880
[    0.000000] Detected VIPT I-cache on CPU0
[    0.000000] CPU features: detected: ARM erratum 845719
[    0.000000] Built 1 zonelists, mobility grouping on.  Total pages: 1032192
[    0.000000] Policy zone: Normal
[    0.000000] Kernel command line:  root=LABEL=writable rootwait earlycon console=ttyPS1,115200 console=tty1 clk_ignore_unused uio_pdrv_genirq.of_id=generic-uio xilinx_tsn_ep.st_pcp=4 cma=1000M 
[    0.000000] Dentry cache hash table entries: 524288 (order: 10, 4194304 bytes, linear)
[    0.000000] Inode-cache hash table entries: 262144 (order: 9, 2097152 bytes, linear)
[    0.000000] mem auto-init: stack:off, heap alloc:on, heap free:off
[    0.000000] software IO TLB: mapped [mem 0x000000007bf00000-0x000000007ff00000] (64MB)
[    0.000000] Memory: 2925088K/4194304K available (20928K kernel code, 3310K rwdata, 15460K rodata, 6848K init, 1342K bss, 245216K reserved, 1024000K cma-reserved)
[    0.000000] SLUB: HWalign=64, Order=0-3, MinObjects=0, CPUs=4, Nodes=1
[    0.000000] ftrace: allocating 67015 entries in 262 pages
[    0.000000] ftrace: allocated 262 pages with 3 groups
[    0.000000] trace event string verifier disabled
[    0.000000] rcu: Hierarchical RCU implementation.
[    0.000000] rcu: 	RCU event tracing is enabled.
[    0.000000] 	Rude variant of Tasks RCU enabled.
[    0.000000] 	Tracing variant of Tasks RCU enabled.
[    0.000000] rcu: RCU calculated value of scheduler-enlistment delay is 25 jiffies.
[    0.000000] NR_IRQS: 64, nr_irqs: 64, preallocated irqs: 0
[    0.000000] GIC: Adjusting CPU interface base to 0x00000000f902f000
[    0.000000] Root IRQ handler: gic_handle_irq
[    0.000000] GIC: Using split EOI/Deactivate mode
[    0.000000] arch_timer: cp15 timer(s) running at 99.99MHz (phys).
[    0.000000] clocksource: arch_sys_counter: mask: 0x1ffffffffffffff max_cycles: 0x171015c90f, max_idle_ns: 440795203080 ns
[    0.000000] sched_clock: 57 bits at 99MHz, resolution 10ns, wraps every 4398046511101ns
[    0.008215] Console: colour dummy device 80x25
[    0.012374] printk: console [tty1] enabled
[    0.016436] printk: bootconsole [cdns0] disabled
[    0.021102] Calibrating delay loop (skipped), value calculated using timer frequency.. 199.99 BogoMIPS (lpj=399996)
[    0.021120] pid_max: default: 32768 minimum: 301
[    0.021317] LSM: Security Framework initializing
[    0.021347] landlock: Up and running.
[    0.021354] Yama: becoming mindful.
[    0.021445] AppArmor: AppArmor initialized
[    0.021636] Mount-cache hash table entries: 8192 (order: 4, 65536 bytes, linear)
[    0.021659] Mountpoint-cache hash table entries: 8192 (order: 4, 65536 bytes, linear)
[    0.023555] rcu: Hierarchical SRCU implementation.
[    0.025176] EFI services will not be available.
[    0.025592] smp: Bringing up secondary CPUs ...
[    0.026164] Detected VIPT I-cache on CPU1
[    0.026212] CPU1: Booted secondary processor 0x0000000001 [0x410fd034]
[    0.026848] Detected VIPT I-cache on CPU2
[    0.026872] CPU2: Booted secondary processor 0x0000000002 [0x410fd034]
[    0.027436] Detected VIPT I-cache on CPU3
[    0.027459] CPU3: Booted secondary processor 0x0000000003 [0x410fd034]
[    0.027525] smp: Brought up 1 node, 4 CPUs
[    0.027560] SMP: Total of 4 processors activated.
[    0.027568] CPU features: detected: 32-bit EL0 Support
[    0.027577] CPU features: detected: 32-bit EL1 Support
[    0.027586] CPU features: detected: CRC32 instructions
[    0.027640] CPU features: emulated: Privileged Access Never (PAN) using TTBR0_EL1 switching
[    0.039947] CPU: All CPU(s) started at EL2
[    0.039999] alternatives: patching kernel code
[    0.041504] devtmpfs: initialized
[    0.050552] KASLR disabled due to lack of seed
[    0.050723] clocksource: jiffies: mask: 0xffffffff max_cycles: 0xffffffff, max_idle_ns: 7645041785100000 ns
[    0.050755] futex hash table entries: 1024 (order: 4, 65536 bytes, linear)
[    0.073836] pinctrl core: initialized pinctrl subsystem
[    0.074415] DMI not present or invalid.
[    0.075023] NET: Registered PF_NETLINK/PF_ROUTE protocol family
[    0.076931] DMA: preallocated 512 KiB GFP_KERNEL pool for atomic allocations
[    0.077098] DMA: preallocated 512 KiB GFP_KERNEL|GFP_DMA pool for atomic allocations
[    0.077363] DMA: preallocated 512 KiB GFP_KERNEL|GFP_DMA32 pool for atomic allocations
[    0.077456] audit: initializing netlink subsys (disabled)
[    0.077622] audit: type=2000 audit(0.072:1): state=initialized audit_enabled=0 res=1
[    0.078218] thermal_sys: Registered thermal governor 'fair_share'
[    0.078223] thermal_sys: Registered thermal governor 'bang_bang'
[    0.078233] thermal_sys: Registered thermal governor 'step_wise'
[    0.078242] thermal_sys: Registered thermal governor 'user_space'
[    0.078251] thermal_sys: Registered thermal governor 'power_allocator'
[    0.078410] cpuidle: using governor ladder
[    0.078441] cpuidle: using governor menu
[    0.078712] hw-breakpoint: found 6 breakpoint and 4 watchpoint registers.
[    0.078796] ASID allocator initialised with 65536 entries
[    0.079412] Serial: AMBA PL011 UART driver
[    0.103593] HugeTLB registered 1.00 GiB page size, pre-allocated 0 pages
[    0.103623] HugeTLB registered 32.0 MiB page size, pre-allocated 0 pages
[    0.103634] HugeTLB registered 2.00 MiB page size, pre-allocated 0 pages
[    0.103643] HugeTLB registered 64.0 KiB page size, pre-allocated 0 pages
[    0.177405] raid6: neonx8   gen()  2380 MB/s
[    0.245455] raid6: neonx8   xor()  1771 MB/s
[    0.313504] raid6: neonx4   gen()  2429 MB/s
[    0.381549] raid6: neonx4   xor()  1738 MB/s
[    0.449601] raid6: neonx2   gen()  2316 MB/s
[    0.517647] raid6: neonx2   xor()  1597 MB/s
[    0.585693] raid6: neonx1   gen()  1988 MB/s
[    0.653741] raid6: neonx1   xor()  1353 MB/s
[    0.721798] raid6: int64x8  gen()  1518 MB/s
[    0.789858] raid6: int64x8  xor()   860 MB/s
[    0.857918] raid6: int64x4  gen()  1778 MB/s
[    0.925969] raid6: int64x4  xor()   944 MB/s
[    0.994037] raid6: int64x2  gen()  1555 MB/s
[    1.062097] raid6: int64x2  xor()   828 MB/s
[    1.130163] raid6: int64x1  gen()  1148 MB/s
[    1.198216] raid6: int64x1  xor()   575 MB/s
[    1.198225] raid6: using algorithm neonx4 gen() 2429 MB/s
[    1.198234] raid6: .... xor() 1738 MB/s, rmw enabled
[    1.198242] raid6: using neon recovery algorithm
[    1.198999] fbcon: Taking over console
[    1.199031] ACPI: Interpreter disabled.
[    1.199607] iommu: Default domain type: Translated 
[    1.199618] iommu: DMA domain TLB invalidation policy: strict mode 
[    1.200559] SCSI subsystem initialized
[    1.200829] vgaarb: loaded
[    1.200959] usbcore: registered new interface driver usbfs
[    1.201016] usbcore: registered new interface driver hub
[    1.201045] usbcore: registered new device driver usb
[    1.201179] mc: Linux media interface: v0.10
[    1.201206] videodev: Linux video capture interface: v2.00
[    1.201294] pps_core: LinuxPPS API ver. 1 registered
[    1.201303] pps_core: Software ver. 5.3.6 - Copyright 2005-2007 Rodolfo Giometti <giometti@linux.it>
[    1.201324] PTP clock support registered
[    1.201459] EDAC MC: Ver: 3.0.0
[    1.202019] zynqmp-ipi-mbox mailbox@ff9905c0: Registered ZynqMP IPI mbox with TX/RX channels.
[    1.202367] FPGA manager framework
[    1.202541] Advanced Linux Sound Architecture Driver Initialized.
[    1.203583] NetLabel: Initializing
[    1.203593] NetLabel:  domain hash size = 128
[    1.203600] NetLabel:  protocols = UNLABELED CIPSOv4 CALIPSO
[    1.203659] NetLabel:  unlabeled traffic allowed by default
[    1.204234] clocksource: Switched to clocksource arch_sys_counter
[    1.273409] VFS: Disk quotas dquot_6.6.0
[    1.273491] VFS: Dquot-cache hash table entries: 512 (order 0, 4096 bytes)
[    1.274090] AppArmor: AppArmor Filesystem Enabled
[    1.274154] pnp: PnP ACPI: disabled
[    1.280782] NET: Registered PF_INET protocol family
[    1.280937] IP idents hash table entries: 65536 (order: 7, 524288 bytes, linear)
[    1.282581] tcp_listen_portaddr_hash hash table entries: 2048 (order: 3, 32768 bytes, linear)
[    1.282664] Table-perturb hash table entries: 65536 (order: 6, 262144 bytes, linear)
[    1.282715] TCP established hash table entries: 32768 (order: 6, 262144 bytes, linear)
[    1.282972] TCP bind hash table entries: 32768 (order: 7, 524288 bytes, linear)
[    1.283386] TCP: Hash tables configured (established 32768 bind 32768)
[    1.283600] MPTCP token hash table entries: 4096 (order: 4, 98304 bytes, linear)
[    1.283712] UDP hash table entries: 2048 (order: 4, 65536 bytes, linear)
[    1.283796] UDP-Lite hash table entries: 2048 (order: 4, 65536 bytes, linear)
[    1.284005] NET: Registered PF_UNIX/PF_LOCAL protocol family
[    1.284488] RPC: Registered named UNIX socket transport module.
[    1.284499] RPC: Registered udp transport module.
[    1.284507] RPC: Registered tcp transport module.
[    1.284514] RPC: Registered tcp NFSv4.1 backchannel transport module.
[    1.284527] NET: Registered PF_XDP protocol family
[    1.284540] PCI: CLS 0 bytes, default 64
[    1.284799] Trying to unpack rootfs image as initramfs...
[    1.927456] hw perfevents: enabled with armv8_pmuv3 PMU driver, 7 counters available
[    1.927869] kvm [1]: IPA Size Limit: 40 bits
[    1.931712] kvm [1]: vgic interrupt IRQ9
[    1.931885] kvm [1]: Hyp mode initialized successfully
[    1.934447] Initialise system trusted keyrings
[    1.934558] Key type blacklist registered
[    1.934723] workingset: timestamp_bits=40 max_order=20 bucket_order=0
[    1.940639] zbud: loaded
[    1.942106] squashfs: version 4.0 (2009/01/31) Phillip Lougher
[    1.943560] NFS: Registering the id_resolver key type
[    1.943606] Key type id_resolver registered
[    1.943615] Key type id_legacy registered
[    1.943708] nfs4filelayout_init: NFSv4 File Layout Driver Registering...
[    1.943725] nfs4flexfilelayout_init: NFSv4 Flexfile Layout Driver Registering...
[    1.943751] jffs2: version 2.2. (NAND) (SUMMARY)  © 2001-2006 Red Hat, Inc.
[    1.944147] fuse: init (API version 7.34)
[    1.944860] integrity: Platform Keyring initialized
[    1.976769] NET: Registered PF_ALG protocol family
[    1.976815] xor: measuring software checksum speed
[    1.980615]    8regs           :  2627 MB/sec
[    1.983804]    32regs          :  3111 MB/sec
[    1.987629]    arm64_neon      :  2607 MB/sec
[    1.987655] xor: using function: 32regs (3111 MB/sec)
[    1.987680] Key type asymmetric registered
[    1.987691] Asymmetric key parser 'x509' registered
[    1.987820] Block layer SCSI generic (bsg) driver version 0.4 loaded (major 239)
[    1.988075] io scheduler mq-deadline registered
[    1.988089] io scheduler kyber registered
[    1.990934] shpchp: Standard Hot Plug PCI Controller Driver version: 0.4
[    2.034902] Serial: 8250/16550 driver, 4 ports, IRQ sharing enabled
[    2.036574] Serial: AMBA driver
[    2.047079] brd: module loaded
[    2.053097] loop: module loaded
[    2.056577] mtdoops: mtd device (mtddev=name/number) must be supplied
[    2.058923] tun: Universal TUN/TAP device driver, 1.6
[    2.059882] PPP generic driver version 2.4.2
[    2.060060] usbcore: registered new interface driver asix
[    2.060124] usbcore: registered new interface driver ax88179_178a
[    2.060169] usbcore: registered new interface driver cdc_ether
[    2.060201] usbcore: registered new interface driver net1080
[    2.060275] usbcore: registered new interface driver cdc_subset
[    2.060308] usbcore: registered new interface driver zaurus
[    2.060353] usbcore: registered new interface driver cdc_ncm
[    2.061030] ehci_hcd: USB 2.0 'Enhanced' Host Controller (EHCI) Driver
[    2.061059] ehci-pci: EHCI PCI platform driver
[    2.061106] ohci_hcd: USB 1.1 'Open' Host Controller (OHCI) Driver
[    2.061123] ohci-pci: OHCI PCI platform driver
[    2.061155] uhci_hcd: USB Universal Host Controller Interface driver
[    2.061607] usbcore: registered new interface driver uas
[    2.061659] usbcore: registered new interface driver usb-storage
[    2.062019] mousedev: PS/2 mouse device common for all mice
[    2.062289] i2c_dev: i2c /dev entries driver
[    2.063827] usbcore: registered new interface driver uvcvideo
[    2.065216] device-mapper: core: CONFIG_IMA_DISABLE_HTABLE is disabled. Duplicate IMA measurements will not be recorded in the IMA log.
[    2.065367] device-mapper: uevent: version 1.0.3
[    2.065614] device-mapper: ioctl: 4.45.0-ioctl (2021-03-22) initialised: dm-devel@redhat.com
[    2.065737] EDAC MC: ECC not enabled
[    2.065915] EDAC DEVICE0: Giving out device to module zynqmp-ocm-edac controller zynqmp_ocm: DEV ff960000.memory-controller (INTERRUPT)
[    2.067052] sdhci: Secure Digital Host Controller Interface driver
[    2.067068] sdhci: Copyright(c) Pierre Ossman
[    2.067076] sdhci-pltfm: SDHCI platform and OF driver helper
[    2.067739] ledtrig-cpu: registered to indicate activity on CPUs
[    2.067950] SMCCC: SOC_ID: ARCH_SOC_ID not implemented, skipping ....
[    2.068059] zynqmp_firmware_probe Platform Management API v1.1
[    2.068073] zynqmp_firmware_probe Trustzone version v1.0
[    2.100940] securefw securefw: securefw probed
[    2.101266] hid: raw HID events driver (C) Jiri Kosina
[    2.105754] fpga_manager fpga0: Xilinx ZynqMP FPGA Manager registered
[    2.106515] usbcore: registered new interface driver snd-usb-audio
[    2.107561] pktgen: Packet Generator for packet performance testing. Version: 2.75
[    2.109327] drop_monitor: Initializing network drop monitor service
[    2.109508] Initializing XFRM netlink socket
[    2.110086] NET: Registered PF_INET6 protocol family
[    2.933546] Freeing initrd memory: 49184K
[    2.962965] Segment Routing with IPv6
[    2.963082] In-situ OAM (IOAM) with IPv6
[    2.963166] NET: Registered PF_PACKET protocol family
[    2.963370] 8021q: 802.1Q VLAN Support v1.8
[    2.963696] Key type dns_resolver registered
[    2.964557] registered taskstats version 1
[    2.964852] Loading compiled-in X.509 certificates
[    2.967484] Loaded X.509 cert 'Build time autogenerated kernel key: ad1332e6fac816d7c10c85b059a20d7204027652'
[    2.969861] Loaded X.509 cert 'Canonical Ltd. Live Patch Signing: 14df34d1a87cf37625abec039ef2bf521249b969'
[    2.972204] Loaded X.509 cert 'Canonical Ltd. Kernel Module Signing: 88f752e560a1e0737e31163a466ad7b70a850c19'
[    2.972220] blacklist: Loading compiled-in revocation X.509 certificates
[    2.972341] Loaded X.509 cert 'Canonical Ltd. Secure Boot Signing: 61482aa2830d0ab2ad5af10b7250da9033ddcef0'
[    2.972410] Loaded X.509 cert 'Canonical Ltd. Secure Boot Signing (2017): 242ade75ac4a15e50d50c84b0d45ff3eae707a03'
[    2.972482] Loaded X.509 cert 'Canonical Ltd. Secure Boot Signing (ESM 2018): 365188c1d374d6b07c3c8f240f8ef722433d6a8b'
[    2.972541] Loaded X.509 cert 'Canonical Ltd. Secure Boot Signing (2019): c0746fd6c5da3ae827864651ad66ae47fe24b3e8'
[    2.972610] Loaded X.509 cert 'Canonical Ltd. Secure Boot Signing (2021 v1): a8d54bbb3825cfb94fa13c9f8a594a195c107b8d'
[    2.972669] Loaded X.509 cert 'Canonical Ltd. Secure Boot Signing (2021 v2): 4cf046892d6fd3c9a5b03f98d845f90851dc6a8c'
[    2.972741] Loaded X.509 cert 'Canonical Ltd. Secure Boot Signing (2021 v3): 100437bb6de6e469b581e61cd66bce3ef4ed53af'
[    2.972802] Loaded X.509 cert 'Canonical Ltd. Secure Boot Signing (Ubuntu Core 2019): c1d57b8f6b743f23ee41f4f7ee292f06eecadfb9'
[    2.973151] zswap: loaded using pool lzo/zbud
[    2.973557] Key type .fscrypt registered
[    2.973568] Key type fscrypt-provisioning registered
[    2.975926] Btrfs loaded, crc32c=crc32c-generic, zoned=yes, fsverity=yes
[    3.069521] cryptd: max_cpu_qlen set to 1000
[    3.099294] Key type encrypted registered
[    3.099335] AppArmor: AppArmor sha1 policy hashing enabled
[    3.099376] ima: No TPM chip found, activating TPM-bypass!
[    3.099402] Loading compiled-in module X.509 certificates
[    3.101825] Loaded X.509 cert 'Build time autogenerated kernel key: ad1332e6fac816d7c10c85b059a20d7204027652'
[    3.101846] ima: Allocated hash algorithm: sha1
[    3.101879] ima: No architecture policies found
[    3.101946] evm: Initialising EVM extended attributes:
[    3.101956] evm: security.selinux
[    3.101963] evm: security.SMACK64
[    3.101970] evm: security.SMACK64EXEC
[    3.101976] evm: security.SMACK64TRANSMUTE
[    3.101983] evm: security.SMACK64MMAP
[    3.101990] evm: security.apparmor
[    3.101997] evm: security.ima
[    3.102003] evm: security.capability
[    3.102010] evm: HMAC attrs: 0x1
[    3.115187] ff010000.serial: ttyPS1 at MMIO 0xff010000 (irq = 51, base_baud = 6249999) is a xuartps
[    4.738016] printk: console [ttyPS1] enabled
[    4.742899] of-fpga-region fpga-full: FPGA Region probed
[    4.749517] xilinx-zynqmp-dma fd500000.dma-controller: ZynqMP DMA driver Probe success
[    4.757692] xilinx-zynqmp-dma fd510000.dma-controller: ZynqMP DMA driver Probe success
[    4.765859] xilinx-zynqmp-dma fd520000.dma-controller: ZynqMP DMA driver Probe success
[    4.774013] xilinx-zynqmp-dma fd530000.dma-controller: ZynqMP DMA driver Probe success
[    4.782177] xilinx-zynqmp-dma fd540000.dma-controller: ZynqMP DMA driver Probe success
[    4.790351] xilinx-zynqmp-dma fd550000.dma-controller: ZynqMP DMA driver Probe success
[    4.798502] xilinx-zynqmp-dma fd560000.dma-controller: ZynqMP DMA driver Probe success
[    4.806678] xilinx-zynqmp-dma fd570000.dma-controller: ZynqMP DMA driver Probe success
[    4.814892] xilinx-zynqmp-dma ffa80000.dma-controller: ZynqMP DMA driver Probe success
[    4.823074] xilinx-zynqmp-dma ffa90000.dma-controller: ZynqMP DMA driver Probe success
[    4.831223] xilinx-zynqmp-dma ffaa0000.dma-controller: ZynqMP DMA driver Probe success
[    4.839392] xilinx-zynqmp-dma ffab0000.dma-controller: ZynqMP DMA driver Probe success
[    4.847563] xilinx-zynqmp-dma ffac0000.dma-controller: ZynqMP DMA driver Probe success
[    4.855732] xilinx-zynqmp-dma ffad0000.dma-controller: ZynqMP DMA driver Probe success
[    4.863890] xilinx-zynqmp-dma ffae0000.dma-controller: ZynqMP DMA driver Probe success
[    4.872053] xilinx-zynqmp-dma ffaf0000.dma-controller: ZynqMP DMA driver Probe success
[    4.880678] xilinx-zynqmp-dpdma fd4c0000.dma-controller: Xilinx DPDMA engine is probed
[    4.890139] macb ff0b0000.ethernet: Not enabling partial store and forward
[    4.897747] macb ff0b0000.ethernet eth0: Defer probe as mdio producer ff0c0000.ethernet is not probed
[    4.922882] macb ff0c0000.ethernet: Not enabling partial store and forward
[    4.928301] zynqmp_pll_disable() clock disable failed for dpll_int, ret = -13
[    4.957501] xilinx-axipmon ffa00000.perf-monitor: Probed Xilinx APM
[    4.964154] xilinx-axipmon fd0b0000.perf-monitor: Probed Xilinx APM
[    4.970730] xilinx-axipmon fd490000.perf-monitor: Probed Xilinx APM
[    4.977287] xilinx-axipmon ffa10000.perf-monitor: Probed Xilinx APM
[    4.985910] cdns-wdt fd4d0000.watchdog: Xilinx Watchdog Timer with timeout 60s
[    4.993477] cdns-wdt ff150000.watchdog: Xilinx Watchdog Timer with timeout 10s
[    5.002232] zynqmp_clk_divider_set_rate() set divider failed for gem_tsu_ref_div1, ret = -13
[    5.011021] macb ff0b0000.ethernet: Not enabling partial store and forward
[    5.017957] macb ff0b0000.ethernet: invalid hw address, using random
[    5.024962] macb ff0b0000.ethernet eth0: Defer probe as mdio producer ff0c0000.ethernet is not probed
[    5.050628] macb ff0c0000.ethernet: Not enabling partial store and forward
[    5.057550] macb ff0c0000.ethernet: invalid hw address, using random
[    5.094480] macb ff0b0000.ethernet: Not enabling partial store and forward
[    5.101413] macb ff0b0000.ethernet: invalid hw address, using random
[    5.108376] macb ff0b0000.ethernet eth0: Defer probe as mdio producer ff0c0000.ethernet is not probed
[    5.150544] macb ff0c0000.ethernet: Not enabling partial store and forward
[    5.157452] macb ff0c0000.ethernet: invalid hw address, using random
[    5.201827] input: gpio-keys as /devices/platform/gpio-keys/input/input0
[    5.209267] of_cfs_init
[    5.209780] macb ff0b0000.ethernet: Not enabling partial store and forward
[    5.211732] of_cfs_init: OK
[    5.218623] macb ff0b0000.ethernet: invalid hw address, using random
[    5.221619] clk: Not disabling unused clocks
[    5.228349] macb ff0b0000.ethernet eth0: Defer probe as mdio producer ff0c0000.ethernet is not probed
[    5.232290] ALSA device list:
[    5.244182]   No soundcards found.
[    5.253263] Freeing unused kernel memory: 6848K
[    5.271097] macb ff0c0000.ethernet: Not enabling partial store and forward
[    5.278030] macb ff0c0000.ethernet: invalid hw address, using random
[    5.346169] Checked W+X mappings: passed, no W+X pages found
[    5.351875] Run /init as init process
[    6.340924] zynqmp-display fd4a0000.display: vtc bridge property not present
[    6.363067] xilinx-dp-snd-codec fd4a0000.display:zynqmp-dp-snd-codec0: Xilinx DisplayPort Sound Codec probed
[    6.374619] xilinx-dp-snd-pcm zynqmp_dp_snd_pcm0: Xilinx DisplayPort Sound PCM probed
[    6.374628] macb ff0b0000.ethernet: Not enabling partial store and forward
[    6.374684] macb ff0b0000.ethernet: invalid hw address, using random
[    6.389924] spi-nor spi0.0: mt25qu512a (65536 Kbytes)
[    6.391156] xilinx-dp-snd-pcm zynqmp_dp_snd_pcm1: Xilinx DisplayPort Sound PCM probed
[    6.406062] at24 1-0050: supply vcc not found, using dummy regulator
[    6.408809] 17 fixed-partitions partitions found on MTD device spi0.0
[    6.421485] Creating 17 MTD partitions on "spi0.0":
[    6.426466] 0x000000000000-0x000000080000 : "Image Selector"
[    6.428550] macb ff0b0000.ethernet eth0: Defer probe as mdio producer ff0c0000.ethernet is not probed
[    6.432295] at24 1-0050: 8192 byte 24c64 EEPROM, writable, 1 bytes/write
[    6.458361] at24 1-0051: supply vcc not found, using dummy regulator
[    6.461055] 0x000000080000-0x000000100000 : "Image Selector Golden"
[    6.465373] at24 1-0051: 8192 byte 24c64 EEPROM, writable, 1 bytes/write
[    6.479678] rtc_zynqmp ffa60000.rtc: registered as rtc0
[    6.485030] rtc_zynqmp ffa60000.rtc: setting system clock to 1970-01-01T00:07:42 UTC (462)
[    6.494505] xilinx-dp-snd-card fd4a0000.display:zynqmp-dp-snd-card: Xilinx DisplayPort Sound Card probed
[    6.505006] cdns-i2c ff030000.i2c: 400 kHz mmio ff030000 irq 40
[    6.518098] macb ff0c0000.ethernet: Not enabling partial store and forward
[    6.525123] macb ff0c0000.ethernet: invalid hw address, using random
[    6.537466] OF: graph: no port node found in /axi/display@fd4a0000
[    6.540141] 0x000000100000-0x000000120000 : "Persistent Register"
[    6.546139] xlnx-drm xlnx-drm.0: bound fd4a0000.display (ops zynqmp_dpsub_component_ops [zynqmp_dpsub])
[    6.572507] 0x000000120000-0x000000140000 : "Persistent Register Backup"
[    6.573823] macb ff0c0000.ethernet eth0: Cadence GEM rev 0x50070106 at 0xff0c0000 irq 38 (b2:5d:d6:52:ab:da)
[    6.598602] 0x000000140000-0x000000200000 : "Open_1"
[    6.732796] xhci-hcd xhci-hcd.1.auto: xHCI Host Controller
[    6.739194] xhci-hcd xhci-hcd.1.auto: new USB bus registered, assigned bus number 1
[    6.747765] xhci-hcd xhci-hcd.1.auto: hcc params 0x0238f625 hci version 0x100 quirks 0x0000000002010890
[    6.757245] xhci-hcd xhci-hcd.1.auto: irq 58, io mem 0xfe200000
[    6.763476] xhci-hcd xhci-hcd.1.auto: xHCI Host Controller
[    6.769078] xhci-hcd xhci-hcd.1.auto: new USB bus registered, assigned bus number 2
[    6.770915] 0x000000200000-0x000000f00000 : "Image A (FSBL, PMU, ATF, U-Boot)"
[    6.776847] xhci-hcd xhci-hcd.1.auto: Host supports USB 3.0 SuperSpeed
[    6.790853] usb usb1: New USB device found, idVendor=1d6b, idProduct=0002, bcdDevice= 5.15
[    6.799165] usb usb1: New USB device strings: Mfr=3, Product=2, SerialNumber=1
[    6.806416] usb usb1: Product: xHCI Host Controller
[    6.809816] 0x000000f00000-0x000000f80000 : "ImgSel Image A Catch"
[    6.811316] usb usb1: Manufacturer: Linux 5.15.0-1027-xilinx-zynqmp xhci-hcd
[    6.821334] 0x000000f80000-0x000001c80000 : "Image B (FSBL, PMU, ATF, U-Boot)"
[    6.824531] usb usb1: SerialNumber: xhci-hcd.1.auto
[    6.825118] hub 1-0:1.0: USB hub found
[    6.840538] hub 1-0:1.0: 1 port detected
[    6.845069] usb usb2: New USB device found, idVendor=1d6b, idProduct=0003, bcdDevice= 5.15
[    6.849603] 0x000001c80000-0x000001d00000 : "ImgSel Image B Catch"
[    6.853358] usb usb2: New USB device strings: Mfr=3, Product=2, SerialNumber=1
[    6.866822] usb usb2: Product: xHCI Host Controller
[    6.871718] usb usb2: Manufacturer: Linux 5.15.0-1027-xilinx-zynqmp xhci-hcd
[    6.871933] 0x000001d00000-0x000001e00000 : "Open_2"
[    6.878771] usb usb2: SerialNumber: xhci-hcd.1.auto
[    6.879264] hub 2-0:1.0: USB hub found
[    6.892446] hub 2-0:1.0: 1 port detected
[    6.896688] 0x000001e00000-0x000002000000 : "Recovery Image"
[    6.911851] 0x000002000000-0x000002200000 : "Recovery Image Backup"
[    6.924634] 0x000002200000-0x000002220000 : "U-Boot storage variables"
[    6.939107] 0x000002220000-0x000002240000 : "U-Boot storage variables backup"
[    6.949898] 0x000002240000-0x000002280000 : "SHA256"
[    6.962614] 0x000002280000-0x0000022a0000 : "Secure OS Storage"
[    6.971054] 0x0000022a0000-0x000004000000 : "User"
[    6.984865] xhci-hcd xhci-hcd.2.auto: xHCI Host Controller
[    6.990724] xhci-hcd xhci-hcd.2.auto: new USB bus registered, assigned bus number 3
[    6.998613] xhci-hcd xhci-hcd.2.auto: hcc params 0x0238f625 hci version 0x100 quirks 0x0000000002010890
[    7.009774] xhci-hcd xhci-hcd.2.auto: irq 61, io mem 0xfe300000
[    7.015975] xhci-hcd xhci-hcd.2.auto: xHCI Host Controller
[    7.021515] xhci-hcd xhci-hcd.2.auto: new USB bus registered, assigned bus number 4
[    7.029209] xhci-hcd xhci-hcd.2.auto: Host supports USB 3.0 SuperSpeed
[    7.035940] usb usb3: New USB device found, idVendor=1d6b, idProduct=0002, bcdDevice= 5.15
[    7.044275] usb usb3: New USB device strings: Mfr=3, Product=2, SerialNumber=1
[    7.051550] usb usb3: Product: xHCI Host Controller
[    7.056441] usb usb3: Manufacturer: Linux 5.15.0-1027-xilinx-zynqmp xhci-hcd
[    7.063501] usb usb3: SerialNumber: xhci-hcd.2.auto
[    7.069756] hub 3-0:1.0: USB hub found
[    7.073592] hub 3-0:1.0: 1 port detected
[    7.078187] usb usb4: New USB device found, idVendor=1d6b, idProduct=0003, bcdDevice= 5.15
[    7.086490] usb usb4: New USB device strings: Mfr=3, Product=2, SerialNumber=1
[    7.093732] usb usb4: Product: xHCI Host Controller
[    7.098627] usb usb4: Manufacturer: Linux 5.15.0-1027-xilinx-zynqmp xhci-hcd
[    7.105695] usb usb4: SerialNumber: xhci-hcd.2.auto
[    7.111904] hub 4-0:1.0: USB hub found
[    7.115758] hub 4-0:1.0: 1 port detected
[    7.121440] macb ff0b0000.ethernet: Not enabling partial store and forward
[    7.128405] macb ff0b0000.ethernet: invalid hw address, using random
[    7.180288] usb 1-1: new high-speed USB device number 2 using xhci-hcd
[    7.310162] i2c i2c-1: Added multiplexed i2c bus 3
[    7.336119] i2c i2c-1: Added multiplexed i2c bus 4
[    7.345114] usb 1-1: New USB device found, idVendor=0424, idProduct=2744, bcdDevice= 2.21
[    7.347864] i2c i2c-1: Added multiplexed i2c bus 5
[    7.353426] usb 1-1: New USB device strings: Mfr=1, Product=2, SerialNumber=0
[    7.362265] i2c i2c-1: Added multiplexed i2c bus 6
[    7.365349] usb 1-1: Product: USB2744
[    7.373813] usb 1-1: Manufacturer: Microchip Tech
[    7.375274] pca954x 1-0074: registered 4 multiplexed busses for I2C switch pca9546
[    7.378962] da9121 1-0033: Device detected (device-ID: 0x05, var-ID: 0x21, DA9131)
[    7.416290] usb 3-1: new high-speed USB device number 2 using xhci-hcd
[    7.460679] hub 1-1:1.0: USB hub found
[    7.464588] hub 1-1:1.0: 4 ports detected
[    7.494799] usb 2-1: new SuperSpeed USB device number 2 using xhci-hcd
[    7.501743] da9121 1-0032: Device detected (device-ID: 0x05, var-ID: 0x20, DA9130)
[    7.520881] usb 2-1: New USB device found, idVendor=0424, idProduct=5744, bcdDevice= 2.21
[    7.529185] usb 2-1: New USB device strings: Mfr=2, Product=3, SerialNumber=0
[    7.536342] usb 2-1: Product: USB5744
[    7.540007] usb 2-1: Manufacturer: Microchip Tech
[    7.566447] macb ff0b0000.ethernet eth1: Cadence GEM rev 0x50070106 at 0xff0b0000 irq 37 (fe:7e:f4:44:cf:ff)
[    7.577086] usb 3-1: New USB device found, idVendor=0424, idProduct=2744, bcdDevice= 2.21
[    7.585311] usb 3-1: New USB device strings: Mfr=1, Product=2, SerialNumber=0
[    7.592486] usb 3-1: Product: USB2744
[    7.596159] usb 3-1: Manufacturer: Microchip Tech
[    7.607463] hub 2-1:1.0: USB hub found
[    7.611473] hub 2-1:1.0: 3 ports detected
[    7.644111] hub 3-1:1.0: USB hub found
[    7.648223] hub 3-1:1.0: 3 ports detected
[    7.656569] zynqmp-display fd4a0000.display: [drm] Cannot find any crtc or sizes
[    7.665363] [drm] Initialized xlnx 1.0.0 20130509 for fd4a0000.display on minor 0
[    7.673058] zynqmp-display fd4a0000.display: ZynqMP DisplayPort Subsystem driver probed
[    7.708331] usb 4-1: new SuperSpeed USB device number 2 using xhci-hcd
[    7.732746] usb 4-1: New USB device found, idVendor=0424, idProduct=5744, bcdDevice= 2.21
[    7.740984] usb 4-1: New USB device strings: Mfr=2, Product=3, SerialNumber=0
[    7.748187] usb 4-1: Product: USB5744
[    7.751874] usb 4-1: Manufacturer: Microchip Tech
[    7.820138] hub 4-1:1.0: USB hub found
[    7.824450] hub 4-1:1.0: 2 ports detected
[    7.844276] usb 1-1.1: new high-speed USB device number 3 using xhci-hcd
[    7.892265] random: crng init done
[    7.954767] usb 1-1.1: New USB device found, idVendor=0424, idProduct=2240, bcdDevice= 1.98
[    7.963143] usb 1-1.1: New USB device strings: Mfr=1, Product=2, SerialNumber=3
[    7.970459] usb 1-1.1: Product: Ultra Fast Media 
[    7.975161] usb 1-1.1: Manufacturer: Generic
[    7.979431] usb 1-1.1: SerialNumber: 000000225001
[    7.985297] usb-storage 1-1.1:1.0: USB Mass Storage device detected
[    7.992391] scsi host0: usb-storage 1-1.1:1.0
[    8.000304] usb 3-1.3: new high-speed USB device number 3 using xhci-hcd
[    8.076261] usb 1-1.4: new high-speed USB device number 4 using xhci-hcd
[    8.105209] usb 3-1.3: New USB device found, idVendor=0424, idProduct=2740, bcdDevice= 2.00
[    8.113570] usb 3-1.3: New USB device strings: Mfr=1, Product=2, SerialNumber=0
[    8.120898] usb 3-1.3: Product: Hub Controller
[    8.125348] usb 3-1.3: Manufacturer: Microchip Tech
[    8.185173] usb 1-1.4: New USB device found, idVendor=0424, idProduct=2740, bcdDevice= 2.00
[    8.193549] usb 1-1.4: New USB device strings: Mfr=1, Product=2, SerialNumber=0
[    8.200861] usb 1-1.4: Product: Hub Controller
[    8.205304] usb 1-1.4: Manufacturer: Microchip Tech
[    9.001405] scsi 0:0:0:0: Direct-Access     Generic  Ultra HS-COMBO   1.98 PQ: 0 ANSI: 0
[    9.010272] sd 0:0:0:0: Attached scsi generic sg0 type 0
[    9.011126] sd 0:0:0:0: [sda] 123596800 512-byte logical blocks: (63.3 GB/58.9 GiB)
[    9.023893] sd 0:0:0:0: [sda] Write Protect is off
[    9.029298] sd 0:0:0:0: [sda] No Caching mode page found
[    9.034615] sd 0:0:0:0: [sda] Assuming drive cache: write through
[    9.044805]  sda: sda1 sda2
[    9.049792] sd 0:0:0:0: [sda] Attached SCSI removable disk
[    9.675581] async_tx: api initialized (async)
[   11.633021] EXT4-fs (sda2): mounted filesystem with ordered data mode. Opts: (null). Quota mode: none.
[   12.921975] systemd[1]: System time before build time, advancing clock.
[   13.074119] systemd[1]: Inserted module 'autofs4'
[   13.194064] systemd[1]: systemd 249.11-0ubuntu3.12 running in system mode (+PAM +AUDIT +SELINUX +APPARMOR +IMA +SMACK +SECCOMP +GCRYPT +GNUTLS +OPENSSL +ACL +BLKID +CURL +ELFUTILS +FIDO2 +IDN2 -IDN +IPTC +KMOD +LIBCRYPTSETUP +LIBFDISK +PCRE2 -PWQUALITY -P11KIT -QRENCODE +BZIP2 +LZ4 +XZ +ZLIB +ZSTD -XKBCOMMON +UTMP +SYSVINIT default-hierarchy=unified)
[   13.225667] systemd[1]: Detected architecture arm64.
[   13.234346] systemd[1]: Hostname set to <kria>.
[   15.967257] systemd[1]: Queued start job for default target Graphical Interface.
[   15.979419] systemd[1]: Created slice Slice /system/modprobe.
[   15.987091] systemd[1]: Created slice Slice /system/serial-getty.
[   15.994938] systemd[1]: Created slice Slice /system/systemd-fsck.
[   16.002034] systemd[1]: Created slice User and Session Slice.
[   16.008268] systemd[1]: Started Dispatch Password Requests to Console Directory Watch.
[   16.016565] systemd[1]: Started Forward Password Requests to Wall Directory Watch.
[   16.025112] systemd[1]: Set up automount Arbitrary Executable File Formats File System Automount Point.
[   16.034820] systemd[1]: Reached target Local Encrypted Volumes.
[   16.041173] systemd[1]: Reached target Slice Units.
[   16.046226] systemd[1]: Reached target Mounting snaps.
[   16.051556] systemd[1]: Reached target Swaps.
[   16.056117] systemd[1]: Reached target Local Verity Protected Volumes.
[   16.063104] systemd[1]: Listening on Device-mapper event daemon FIFOs.
[   16.070213] systemd[1]: Listening on LVM2 poll daemon socket.
[   16.076526] systemd[1]: Listening on multipathd control socket.
[   16.096008] systemd[1]: Listening on RPCbind Server Activation Socket.
[   16.103575] systemd[1]: Listening on Syslog Socket.
[   16.109034] systemd[1]: Listening on fsck to fsckd communication Socket.
[   16.116121] systemd[1]: Listening on initctl Compatibility Named Pipe.
[   16.123526] systemd[1]: Listening on Journal Audit Socket.
[   16.129539] systemd[1]: Listening on Journal Socket (/dev/log).
[   16.136098] systemd[1]: Listening on Journal Socket.
[   16.141898] systemd[1]: Listening on Network Service Netlink Socket.
[   16.149014] systemd[1]: Listening on udev Control Socket.
[   16.154969] systemd[1]: Listening on udev Kernel Socket.
[   16.163423] systemd[1]: Mounting Huge Pages File System...
[   16.172452] systemd[1]: Mounting POSIX Message Queue File System...
[   16.182486] systemd[1]: Mounting Kernel Debug File System...
[   16.192027] systemd[1]: Mounting Kernel Trace File System...
[   16.203988] systemd[1]: Starting Journal Service...
[   16.209580] systemd[1]: Condition check resulted in Kernel Module supporting RPCSEC_GSS being skipped.
[   16.223362] systemd[1]: Starting Set the console keyboard layout...
[   16.234194] systemd[1]: Starting Create List of Static Device Nodes...
[   16.244853] systemd[1]: Starting Monitoring of LVM2 mirrors, snapshots etc. using dmeventd or progress polling...
[   16.255613] systemd[1]: Condition check resulted in LXD - agent being skipped.
[   16.267407] systemd[1]: Starting Load Kernel Module configfs...
[   16.277992] systemd[1]: Starting Load Kernel Module drm...
[   16.288991] systemd[1]: Starting Load Kernel Module efi_pstore...
[   16.301549] systemd[1]: Starting Load Kernel Module fuse...
[   16.307749] systemd[1]: Condition check resulted in OpenVSwitch configuration for cleanup being skipped.
[   16.318079] systemd[1]: Condition check resulted in File System Check on Root Device being skipped.
[   16.350122] systemd[1]: Starting Load Kernel Modules...
[   16.359612] systemd[1]: Starting Remount Root and Kernel File Systems...
[   16.370806] systemd[1]: Starting Coldplug All udev Devices...
[   16.385170] systemd[1]: Mounted Huge Pages File System.
[   16.391331] systemd[1]: Mounted POSIX Message Queue File System.
[   16.398025] systemd[1]: Mounted Kernel Debug File System.
[   16.402304] EXT4-fs (sda2): re-mounted. Opts: discard,errors=remount-ro. Quota mode: none.
[   16.416016] systemd[1]: Mounted Kernel Trace File System.
[   16.423292] systemd[1]: Finished Create List of Static Device Nodes.
[   16.431329] systemd[1]: modprobe@configfs.service: Deactivated successfully.
[   16.439739] systemd[1]: Finished Load Kernel Module configfs.
[   16.447481] systemd[1]: Finished Monitoring of LVM2 mirrors, snapshots etc. using dmeventd or progress polling.
[   16.459712] systemd[1]: modprobe@drm.service: Deactivated successfully.
[   16.467636] systemd[1]: Finished Load Kernel Module drm.
[   16.470436] dmaproxy: module is from the staging directory, the quality is unknown, you have been warned.
[   16.484503] systemd[1]: modprobe@efi_pstore.service: Deactivated successfully.
[   16.493000] systemd[1]: Finished Load Kernel Module efi_pstore.
[   16.500385] systemd[1]: Started Journal Service.
[   16.559519] systemd-journald[589]: Received client request to flush runtime journal.
[   16.594091] alua: device handler registered
[   16.608824] emc: device handler registered
[   16.627227] rdac: device handler registered
[   16.632263] systemd-journald[589]: File /var/log/journal/fd1f4dfa19124906a2885f0c88480459/system.journal corrupted or uncleanly shut down, renaming and replacing.
[   18.499633] tpm tpm0: A TPM error (256) occurred attempting the self test
[  157.849962] OF: overlay: WARNING: memory leak will occur if overlay removed, property: /fpga-full/firmware-name
[  157.860103] OF: overlay: WARNING: memory leak will occur if overlay removed, property: /fpga-full/resets

Ubuntu 22.04.4 LTS kria ttyPS1

kria login: [  178.184210] zocl-drm axi:zyxclmm_drm: IRQ index 0 not found

kria login: ubuntu
Password: 
Welcome to Ubuntu 22.04.4 LTS (GNU/Linux 5.15.0-1027-xilinx-zynqmp aarch64)

 * Documentation:  https://help.ubuntu.com
 * Management:     https://landscape.canonical.com
 * Support:        https://ubuntu.com/pro

 System information disabled due to load higher than 1.0

 * Strictly confined Kubernetes makes edge and IoT secure. Learn how MicroK8s
   just raised the bar for easy, resilient and secure K8s cluster deployment.

   https://ubuntu.com/engage/secure-kubernetes-at-the-edge

 * Introducing Expanded Security Maintenance for Applications.
   Receive updates to over 25,000 software packages with your
   Ubuntu Pro subscription. Free for personal use.

     https://ubuntu.com/pro

Expanded Security Maintenance for Applications is not enabled.

0 updates can be applied immediately.

32 additional security updates can be applied with ESM Apps.
Learn more about enabling ESM Apps service at https://ubuntu.com/esm


Last login: Wed May  8 12:05:37 UTC 2024 on ttyPS1

ubuntu@kria:~$ 
ubuntu@kria:~$ 
ubuntu@kria:~$ sudo xmutil listapps
[sudo] password for ubuntu: 
Sorry, try again.
[sudo] password for ubuntu: 
                     Accelerator          Accel_type                            Base           Base_type      #slots(PL+AIE)         Active_slot

                k26-starter-kits            XRT_FLAT                k26-starter-kits            XRT_FLAT               (0+0)                  0,
ubuntu@kria:~$ dmesg
dmesg: read kernel buffer failed: Operation not permitted
ubuntu@kria:~$ sudo dmesg
[    0.000000] Booting Linux on physical CPU 0x0000000000 [0x410fd034]
[    0.000000] Linux version 5.15.0-1027-xilinx-zynqmp (buildd@bos01-arm64-022) (gcc (Ubuntu 11.4.0-1ubuntu1~22.04) 11.4.0, GNU ld (GNU Binutils for Ubuntu) 2.38) #31-Ubuntu SMP Wed Feb 21 04:33:09 UTC 2024 (Ubuntu 5.15.0-1027.31-xilinx-zynqmp 5.15.136)
[    0.000000] Machine model: ZynqMP KR260 revB
[    0.000000] efi: UEFI not found.
[    0.000000] earlycon: cdns0 at MMIO 0x00000000ff010000 (options '115200n8')
[    0.000000] printk: bootconsole [cdns0] enabled
[    0.000000] NUMA: No NUMA configuration found
[    0.000000] NUMA: Faking a node at [mem 0x0000000000000000-0x000000087fffffff]
[    0.000000] NUMA: NODE_DATA [mem 0x87f7c5340-0x87f7c9fff]
[    0.000000] Zone ranges:
[    0.000000]   DMA      [mem 0x0000000000000000-0x00000000ffffffff]
[    0.000000]   DMA32    empty
[    0.000000]   Normal   [mem 0x0000000100000000-0x000000087fffffff]
[    0.000000]   Device   empty
[    0.000000] Movable zone start for each node
[    0.000000] Early memory node ranges
[    0.000000]   node   0: [mem 0x0000000000000000-0x000000007fefffff]
[    0.000000]   node   0: [mem 0x000000007ff00000-0x000000007fffffff]
[    0.000000]   node   0: [mem 0x0000000800000000-0x000000087fffffff]
[    0.000000] Initmem setup node 0 [mem 0x0000000000000000-0x000000087fffffff]
[    0.000000] cma: Reserved 1000 MiB at 0x0000000037400000
[    0.000000] psci: probing for conduit method from DT.
[    0.000000] psci: PSCIv1.1 detected in firmware.
[    0.000000] psci: Using standard PSCI v0.2 function IDs
[    0.000000] psci: MIGRATE_INFO_TYPE not supported.
[    0.000000] psci: SMC Calling Convention v1.2
[    0.000000] percpu: Embedded 30 pages/cpu s84888 r8192 d29800 u122880
[    0.000000] pcpu-alloc: s84888 r8192 d29800 u122880 alloc=30*4096
[    0.000000] pcpu-alloc: [0] 0 [0] 1 [0] 2 [0] 3 
[    0.000000] Detected VIPT I-cache on CPU0
[    0.000000] CPU features: detected: ARM erratum 845719
[    0.000000] Built 1 zonelists, mobility grouping on.  Total pages: 1032192
[    0.000000] Policy zone: Normal
[    0.000000] Kernel command line:  root=LABEL=writable rootwait earlycon console=ttyPS1,115200 console=tty1 clk_ignore_unused uio_pdrv_genirq.of_id=generic-uio xilinx_tsn_ep.st_pcp=4 cma=1000M 
[    0.000000] Dentry cache hash table entries: 524288 (order: 10, 4194304 bytes, linear)
[    0.000000] Inode-cache hash table entries: 262144 (order: 9, 2097152 bytes, linear)
[    0.000000] mem auto-init: stack:off, heap alloc:on, heap free:off
[    0.000000] software IO TLB: mapped [mem 0x000000007bf00000-0x000000007ff00000] (64MB)
[    0.000000] Memory: 2925088K/4194304K available (20928K kernel code, 3310K rwdata, 15460K rodata, 6848K init, 1342K bss, 245216K reserved, 1024000K cma-reserved)
[    0.000000] SLUB: HWalign=64, Order=0-3, MinObjects=0, CPUs=4, Nodes=1
[    0.000000] ftrace: allocating 67015 entries in 262 pages
[    0.000000] ftrace: allocated 262 pages with 3 groups
[    0.000000] trace event string verifier disabled
[    0.000000] rcu: Hierarchical RCU implementation.
[    0.000000] rcu: 	RCU event tracing is enabled.
[    0.000000] 	Rude variant of Tasks RCU enabled.
[    0.000000] 	Tracing variant of Tasks RCU enabled.
[    0.000000] rcu: RCU calculated value of scheduler-enlistment delay is 25 jiffies.
[    0.000000] NR_IRQS: 64, nr_irqs: 64, preallocated irqs: 0
[    0.000000] GIC: Adjusting CPU interface base to 0x00000000f902f000
[    0.000000] Root IRQ handler: gic_handle_irq
[    0.000000] GIC: Using split EOI/Deactivate mode
[    0.000000] arch_timer: cp15 timer(s) running at 99.99MHz (phys).
[    0.000000] clocksource: arch_sys_counter: mask: 0x1ffffffffffffff max_cycles: 0x171015c90f, max_idle_ns: 440795203080 ns
[    0.000000] sched_clock: 57 bits at 99MHz, resolution 10ns, wraps every 4398046511101ns
[    0.008215] Console: colour dummy device 80x25
[    0.012374] printk: console [tty1] enabled
[    0.016436] printk: bootconsole [cdns0] disabled
[    0.021102] Calibrating delay loop (skipped), value calculated using timer frequency.. 199.99 BogoMIPS (lpj=399996)
[    0.021120] pid_max: default: 32768 minimum: 301
[    0.021317] LSM: Security Framework initializing
[    0.021347] landlock: Up and running.
[    0.021354] Yama: becoming mindful.
[    0.021445] AppArmor: AppArmor initialized
[    0.021636] Mount-cache hash table entries: 8192 (order: 4, 65536 bytes, linear)
[    0.021659] Mountpoint-cache hash table entries: 8192 (order: 4, 65536 bytes, linear)
[    0.023555] rcu: Hierarchical SRCU implementation.
[    0.025176] EFI services will not be available.
[    0.025592] smp: Bringing up secondary CPUs ...
[    0.026164] Detected VIPT I-cache on CPU1
[    0.026212] CPU1: Booted secondary processor 0x0000000001 [0x410fd034]
[    0.026848] Detected VIPT I-cache on CPU2
[    0.026872] CPU2: Booted secondary processor 0x0000000002 [0x410fd034]
[    0.027436] Detected VIPT I-cache on CPU3
[    0.027459] CPU3: Booted secondary processor 0x0000000003 [0x410fd034]
[    0.027525] smp: Brought up 1 node, 4 CPUs
[    0.027560] SMP: Total of 4 processors activated.
[    0.027568] CPU features: detected: 32-bit EL0 Support
[    0.027577] CPU features: detected: 32-bit EL1 Support
[    0.027586] CPU features: detected: CRC32 instructions
[    0.027640] CPU features: emulated: Privileged Access Never (PAN) using TTBR0_EL1 switching
[    0.039947] CPU: All CPU(s) started at EL2
[    0.039999] alternatives: patching kernel code
[    0.041504] devtmpfs: initialized
[    0.050552] KASLR disabled due to lack of seed
[    0.050723] clocksource: jiffies: mask: 0xffffffff max_cycles: 0xffffffff, max_idle_ns: 7645041785100000 ns
[    0.050755] futex hash table entries: 1024 (order: 4, 65536 bytes, linear)
[    0.073836] pinctrl core: initialized pinctrl subsystem
[    0.074415] DMI not present or invalid.
[    0.075023] NET: Registered PF_NETLINK/PF_ROUTE protocol family
[    0.076931] DMA: preallocated 512 KiB GFP_KERNEL pool for atomic allocations
[    0.077098] DMA: preallocated 512 KiB GFP_KERNEL|GFP_DMA pool for atomic allocations
[    0.077363] DMA: preallocated 512 KiB GFP_KERNEL|GFP_DMA32 pool for atomic allocations
[    0.077456] audit: initializing netlink subsys (disabled)
[    0.077622] audit: type=2000 audit(0.072:1): state=initialized audit_enabled=0 res=1
[    0.078218] thermal_sys: Registered thermal governor 'fair_share'
[    0.078223] thermal_sys: Registered thermal governor 'bang_bang'
[    0.078233] thermal_sys: Registered thermal governor 'step_wise'
[    0.078242] thermal_sys: Registered thermal governor 'user_space'
[    0.078251] thermal_sys: Registered thermal governor 'power_allocator'
[    0.078410] cpuidle: using governor ladder
[    0.078441] cpuidle: using governor menu
[    0.078712] hw-breakpoint: found 6 breakpoint and 4 watchpoint registers.
[    0.078796] ASID allocator initialised with 65536 entries
[    0.079412] Serial: AMBA PL011 UART driver
[    0.103593] HugeTLB registered 1.00 GiB page size, pre-allocated 0 pages
[    0.103623] HugeTLB registered 32.0 MiB page size, pre-allocated 0 pages
[    0.103634] HugeTLB registered 2.00 MiB page size, pre-allocated 0 pages
[    0.103643] HugeTLB registered 64.0 KiB page size, pre-allocated 0 pages
[    0.177405] raid6: neonx8   gen()  2380 MB/s
[    0.245455] raid6: neonx8   xor()  1771 MB/s
[    0.313504] raid6: neonx4   gen()  2429 MB/s
[    0.381549] raid6: neonx4   xor()  1738 MB/s
[    0.449601] raid6: neonx2   gen()  2316 MB/s
[    0.517647] raid6: neonx2   xor()  1597 MB/s
[    0.585693] raid6: neonx1   gen()  1988 MB/s
[    0.653741] raid6: neonx1   xor()  1353 MB/s
[    0.721798] raid6: int64x8  gen()  1518 MB/s
[    0.789858] raid6: int64x8  xor()   860 MB/s
[    0.857918] raid6: int64x4  gen()  1778 MB/s
[    0.925969] raid6: int64x4  xor()   944 MB/s
[    0.994037] raid6: int64x2  gen()  1555 MB/s
[    1.062097] raid6: int64x2  xor()   828 MB/s
[    1.130163] raid6: int64x1  gen()  1148 MB/s
[    1.198216] raid6: int64x1  xor()   575 MB/s
[    1.198225] raid6: using algorithm neonx4 gen() 2429 MB/s
[    1.198234] raid6: .... xor() 1738 MB/s, rmw enabled
[    1.198242] raid6: using neon recovery algorithm
[    1.198999] fbcon: Taking over console
[    1.199031] ACPI: Interpreter disabled.
[    1.199607] iommu: Default domain type: Translated 
[    1.199618] iommu: DMA domain TLB invalidation policy: strict mode 
[    1.200559] SCSI subsystem initialized
[    1.200671] libata version 3.00 loaded.
[    1.200829] vgaarb: loaded
[    1.200959] usbcore: registered new interface driver usbfs
[    1.201016] usbcore: registered new interface driver hub
[    1.201045] usbcore: registered new device driver usb
[    1.201179] mc: Linux media interface: v0.10
[    1.201206] videodev: Linux video capture interface: v2.00
[    1.201294] pps_core: LinuxPPS API ver. 1 registered
[    1.201303] pps_core: Software ver. 5.3.6 - Copyright 2005-2007 Rodolfo Giometti <giometti@linux.it>
[    1.201324] PTP clock support registered
[    1.201459] EDAC MC: Ver: 3.0.0
[    1.202019] zynqmp-ipi-mbox mailbox@ff9905c0: Registered ZynqMP IPI mbox with TX/RX channels.
[    1.202367] FPGA manager framework
[    1.202541] Advanced Linux Sound Architecture Driver Initialized.
[    1.203583] NetLabel: Initializing
[    1.203593] NetLabel:  domain hash size = 128
[    1.203600] NetLabel:  protocols = UNLABELED CIPSOv4 CALIPSO
[    1.203659] NetLabel:  unlabeled traffic allowed by default
[    1.204234] clocksource: Switched to clocksource arch_sys_counter
[    1.273409] VFS: Disk quotas dquot_6.6.0
[    1.273491] VFS: Dquot-cache hash table entries: 512 (order 0, 4096 bytes)
[    1.274090] AppArmor: AppArmor Filesystem Enabled
[    1.274154] pnp: PnP ACPI: disabled
[    1.280782] NET: Registered PF_INET protocol family
[    1.280937] IP idents hash table entries: 65536 (order: 7, 524288 bytes, linear)
[    1.282581] tcp_listen_portaddr_hash hash table entries: 2048 (order: 3, 32768 bytes, linear)
[    1.282664] Table-perturb hash table entries: 65536 (order: 6, 262144 bytes, linear)
[    1.282715] TCP established hash table entries: 32768 (order: 6, 262144 bytes, linear)
[    1.282972] TCP bind hash table entries: 32768 (order: 7, 524288 bytes, linear)
[    1.283386] TCP: Hash tables configured (established 32768 bind 32768)
[    1.283600] MPTCP token hash table entries: 4096 (order: 4, 98304 bytes, linear)
[    1.283712] UDP hash table entries: 2048 (order: 4, 65536 bytes, linear)
[    1.283796] UDP-Lite hash table entries: 2048 (order: 4, 65536 bytes, linear)
[    1.284005] NET: Registered PF_UNIX/PF_LOCAL protocol family
[    1.284488] RPC: Registered named UNIX socket transport module.
[    1.284499] RPC: Registered udp transport module.
[    1.284507] RPC: Registered tcp transport module.
[    1.284514] RPC: Registered tcp NFSv4.1 backchannel transport module.
[    1.284527] NET: Registered PF_XDP protocol family
[    1.284540] PCI: CLS 0 bytes, default 64
[    1.284799] Trying to unpack rootfs image as initramfs...
[    1.927456] hw perfevents: enabled with armv8_pmuv3 PMU driver, 7 counters available
[    1.927869] kvm [1]: IPA Size Limit: 40 bits
[    1.931712] kvm [1]: vgic interrupt IRQ9
[    1.931885] kvm [1]: Hyp mode initialized successfully
[    1.934447] Initialise system trusted keyrings
[    1.934558] Key type blacklist registered
[    1.934723] workingset: timestamp_bits=40 max_order=20 bucket_order=0
[    1.940639] zbud: loaded
[    1.942106] squashfs: version 4.0 (2009/01/31) Phillip Lougher
[    1.943560] NFS: Registering the id_resolver key type
[    1.943606] Key type id_resolver registered
[    1.943615] Key type id_legacy registered
[    1.943708] nfs4filelayout_init: NFSv4 File Layout Driver Registering...
[    1.943725] nfs4flexfilelayout_init: NFSv4 Flexfile Layout Driver Registering...
[    1.943751] jffs2: version 2.2. (NAND) (SUMMARY)  © 2001-2006 Red Hat, Inc.
[    1.944147] fuse: init (API version 7.34)
[    1.944860] integrity: Platform Keyring initialized
[    1.976769] NET: Registered PF_ALG protocol family
[    1.976815] xor: measuring software checksum speed
[    1.980615]    8regs           :  2627 MB/sec
[    1.983804]    32regs          :  3111 MB/sec
[    1.987629]    arm64_neon      :  2607 MB/sec
[    1.987655] xor: using function: 32regs (3111 MB/sec)
[    1.987680] Key type asymmetric registered
[    1.987691] Asymmetric key parser 'x509' registered
[    1.987820] Block layer SCSI generic (bsg) driver version 0.4 loaded (major 239)
[    1.988075] io scheduler mq-deadline registered
[    1.988089] io scheduler kyber registered
[    1.990934] shpchp: Standard Hot Plug PCI Controller Driver version: 0.4
[    2.034902] Serial: 8250/16550 driver, 4 ports, IRQ sharing enabled
[    2.036574] Serial: AMBA driver
[    2.047079] brd: module loaded
[    2.053097] loop: module loaded
[    2.056577] mtdoops: mtd device (mtddev=name/number) must be supplied
[    2.058923] tun: Universal TUN/TAP device driver, 1.6
[    2.059882] PPP generic driver version 2.4.2
[    2.060060] usbcore: registered new interface driver asix
[    2.060124] usbcore: registered new interface driver ax88179_178a
[    2.060169] usbcore: registered new interface driver cdc_ether
[    2.060201] usbcore: registered new interface driver net1080
[    2.060275] usbcore: registered new interface driver cdc_subset
[    2.060308] usbcore: registered new interface driver zaurus
[    2.060353] usbcore: registered new interface driver cdc_ncm
[    2.061030] ehci_hcd: USB 2.0 'Enhanced' Host Controller (EHCI) Driver
[    2.061059] ehci-pci: EHCI PCI platform driver
[    2.061106] ohci_hcd: USB 1.1 'Open' Host Controller (OHCI) Driver
[    2.061123] ohci-pci: OHCI PCI platform driver
[    2.061155] uhci_hcd: USB Universal Host Controller Interface driver
[    2.061607] usbcore: registered new interface driver uas
[    2.061659] usbcore: registered new interface driver usb-storage
[    2.062019] mousedev: PS/2 mouse device common for all mice
[    2.062289] i2c_dev: i2c /dev entries driver
[    2.063827] usbcore: registered new interface driver uvcvideo
[    2.065216] device-mapper: core: CONFIG_IMA_DISABLE_HTABLE is disabled. Duplicate IMA measurements will not be recorded in the IMA log.
[    2.065367] device-mapper: uevent: version 1.0.3
[    2.065614] device-mapper: ioctl: 4.45.0-ioctl (2021-03-22) initialised: dm-devel@redhat.com
[    2.065737] EDAC MC: ECC not enabled
[    2.065915] EDAC DEVICE0: Giving out device to module zynqmp-ocm-edac controller zynqmp_ocm: DEV ff960000.memory-controller (INTERRUPT)
[    2.067052] sdhci: Secure Digital Host Controller Interface driver
[    2.067068] sdhci: Copyright(c) Pierre Ossman
[    2.067076] sdhci-pltfm: SDHCI platform and OF driver helper
[    2.067739] ledtrig-cpu: registered to indicate activity on CPUs
[    2.067950] SMCCC: SOC_ID: ARCH_SOC_ID not implemented, skipping ....
[    2.068059] zynqmp_firmware_probe Platform Management API v1.1
[    2.068073] zynqmp_firmware_probe Trustzone version v1.0
[    2.100940] securefw securefw: securefw probed
[    2.101266] hid: raw HID events driver (C) Jiri Kosina
[    2.105754] fpga_manager fpga0: Xilinx ZynqMP FPGA Manager registered
[    2.106515] usbcore: registered new interface driver snd-usb-audio
[    2.107561] pktgen: Packet Generator for packet performance testing. Version: 2.75
[    2.109327] drop_monitor: Initializing network drop monitor service
[    2.109508] Initializing XFRM netlink socket
[    2.110086] NET: Registered PF_INET6 protocol family
[    2.933546] Freeing initrd memory: 49184K
[    2.962965] Segment Routing with IPv6
[    2.963082] In-situ OAM (IOAM) with IPv6
[    2.963166] NET: Registered PF_PACKET protocol family
[    2.963370] 8021q: 802.1Q VLAN Support v1.8
[    2.963696] Key type dns_resolver registered
[    2.964557] registered taskstats version 1
[    2.964852] Loading compiled-in X.509 certificates
[    2.967484] Loaded X.509 cert 'Build time autogenerated kernel key: ad1332e6fac816d7c10c85b059a20d7204027652'
[    2.969861] Loaded X.509 cert 'Canonical Ltd. Live Patch Signing: 14df34d1a87cf37625abec039ef2bf521249b969'
[    2.972204] Loaded X.509 cert 'Canonical Ltd. Kernel Module Signing: 88f752e560a1e0737e31163a466ad7b70a850c19'
[    2.972220] blacklist: Loading compiled-in revocation X.509 certificates
[    2.972341] Loaded X.509 cert 'Canonical Ltd. Secure Boot Signing: 61482aa2830d0ab2ad5af10b7250da9033ddcef0'
[    2.972410] Loaded X.509 cert 'Canonical Ltd. Secure Boot Signing (2017): 242ade75ac4a15e50d50c84b0d45ff3eae707a03'
[    2.972482] Loaded X.509 cert 'Canonical Ltd. Secure Boot Signing (ESM 2018): 365188c1d374d6b07c3c8f240f8ef722433d6a8b'
[    2.972541] Loaded X.509 cert 'Canonical Ltd. Secure Boot Signing (2019): c0746fd6c5da3ae827864651ad66ae47fe24b3e8'
[    2.972610] Loaded X.509 cert 'Canonical Ltd. Secure Boot Signing (2021 v1): a8d54bbb3825cfb94fa13c9f8a594a195c107b8d'
[    2.972669] Loaded X.509 cert 'Canonical Ltd. Secure Boot Signing (2021 v2): 4cf046892d6fd3c9a5b03f98d845f90851dc6a8c'
[    2.972741] Loaded X.509 cert 'Canonical Ltd. Secure Boot Signing (2021 v3): 100437bb6de6e469b581e61cd66bce3ef4ed53af'
[    2.972802] Loaded X.509 cert 'Canonical Ltd. Secure Boot Signing (Ubuntu Core 2019): c1d57b8f6b743f23ee41f4f7ee292f06eecadfb9'
[    2.973151] zswap: loaded using pool lzo/zbud
[    2.973557] Key type .fscrypt registered
[    2.973568] Key type fscrypt-provisioning registered
[    2.975926] Btrfs loaded, crc32c=crc32c-generic, zoned=yes, fsverity=yes
[    3.069521] cryptd: max_cpu_qlen set to 1000
[    3.099294] Key type encrypted registered
[    3.099335] AppArmor: AppArmor sha1 policy hashing enabled
[    3.099376] ima: No TPM chip found, activating TPM-bypass!
[    3.099402] Loading compiled-in module X.509 certificates
[    3.101825] Loaded X.509 cert 'Build time autogenerated kernel key: ad1332e6fac816d7c10c85b059a20d7204027652'
[    3.101846] ima: Allocated hash algorithm: sha1
[    3.101879] ima: No architecture policies found
[    3.101946] evm: Initialising EVM extended attributes:
[    3.101956] evm: security.selinux
[    3.101963] evm: security.SMACK64
[    3.101970] evm: security.SMACK64EXEC
[    3.101976] evm: security.SMACK64TRANSMUTE
[    3.101983] evm: security.SMACK64MMAP
[    3.101990] evm: security.apparmor
[    3.101997] evm: security.ima
[    3.102003] evm: security.capability
[    3.102010] evm: HMAC attrs: 0x1
[    3.115187] ff010000.serial: ttyPS1 at MMIO 0xff010000 (irq = 51, base_baud = 6249999) is a xuartps
[    4.738016] printk: console [ttyPS1] enabled
[    4.742899] of-fpga-region fpga-full: FPGA Region probed
[    4.749517] xilinx-zynqmp-dma fd500000.dma-controller: ZynqMP DMA driver Probe success
[    4.757692] xilinx-zynqmp-dma fd510000.dma-controller: ZynqMP DMA driver Probe success
[    4.765859] xilinx-zynqmp-dma fd520000.dma-controller: ZynqMP DMA driver Probe success
[    4.774013] xilinx-zynqmp-dma fd530000.dma-controller: ZynqMP DMA driver Probe success
[    4.782177] xilinx-zynqmp-dma fd540000.dma-controller: ZynqMP DMA driver Probe success
[    4.790351] xilinx-zynqmp-dma fd550000.dma-controller: ZynqMP DMA driver Probe success
[    4.798502] xilinx-zynqmp-dma fd560000.dma-controller: ZynqMP DMA driver Probe success
[    4.806678] xilinx-zynqmp-dma fd570000.dma-controller: ZynqMP DMA driver Probe success
[    4.814892] xilinx-zynqmp-dma ffa80000.dma-controller: ZynqMP DMA driver Probe success
[    4.823074] xilinx-zynqmp-dma ffa90000.dma-controller: ZynqMP DMA driver Probe success
[    4.831223] xilinx-zynqmp-dma ffaa0000.dma-controller: ZynqMP DMA driver Probe success
[    4.839392] xilinx-zynqmp-dma ffab0000.dma-controller: ZynqMP DMA driver Probe success
[    4.847563] xilinx-zynqmp-dma ffac0000.dma-controller: ZynqMP DMA driver Probe success
[    4.855732] xilinx-zynqmp-dma ffad0000.dma-controller: ZynqMP DMA driver Probe success
[    4.863890] xilinx-zynqmp-dma ffae0000.dma-controller: ZynqMP DMA driver Probe success
[    4.872053] xilinx-zynqmp-dma ffaf0000.dma-controller: ZynqMP DMA driver Probe success
[    4.880678] xilinx-zynqmp-dpdma fd4c0000.dma-controller: Xilinx DPDMA engine is probed
[    4.890139] macb ff0b0000.ethernet: Not enabling partial store and forward
[    4.897747] macb ff0b0000.ethernet eth0: Defer probe as mdio producer ff0c0000.ethernet is not probed
[    4.922882] macb ff0c0000.ethernet: Not enabling partial store and forward
[    4.928301] zynqmp_pll_disable() clock disable failed for dpll_int, ret = -13
[    4.957501] xilinx-axipmon ffa00000.perf-monitor: Probed Xilinx APM
[    4.964154] xilinx-axipmon fd0b0000.perf-monitor: Probed Xilinx APM
[    4.970730] xilinx-axipmon fd490000.perf-monitor: Probed Xilinx APM
[    4.977287] xilinx-axipmon ffa10000.perf-monitor: Probed Xilinx APM
[    4.985910] cdns-wdt fd4d0000.watchdog: Xilinx Watchdog Timer with timeout 60s
[    4.993477] cdns-wdt ff150000.watchdog: Xilinx Watchdog Timer with timeout 10s
[    5.002232] zynqmp_clk_divider_set_rate() set divider failed for gem_tsu_ref_div1, ret = -13
[    5.011021] macb ff0b0000.ethernet: Not enabling partial store and forward
[    5.017957] macb ff0b0000.ethernet: invalid hw address, using random
[    5.024962] macb ff0b0000.ethernet eth0: Defer probe as mdio producer ff0c0000.ethernet is not probed
[    5.050628] macb ff0c0000.ethernet: Not enabling partial store and forward
[    5.057550] macb ff0c0000.ethernet: invalid hw address, using random
[    5.094480] macb ff0b0000.ethernet: Not enabling partial store and forward
[    5.101413] macb ff0b0000.ethernet: invalid hw address, using random
[    5.108376] macb ff0b0000.ethernet eth0: Defer probe as mdio producer ff0c0000.ethernet is not probed
[    5.150544] macb ff0c0000.ethernet: Not enabling partial store and forward
[    5.157452] macb ff0c0000.ethernet: invalid hw address, using random
[    5.201827] input: gpio-keys as /devices/platform/gpio-keys/input/input0
[    5.209267] of_cfs_init
[    5.209780] macb ff0b0000.ethernet: Not enabling partial store and forward
[    5.211732] of_cfs_init: OK
[    5.218623] macb ff0b0000.ethernet: invalid hw address, using random
[    5.221619] clk: Not disabling unused clocks
[    5.228349] macb ff0b0000.ethernet eth0: Defer probe as mdio producer ff0c0000.ethernet is not probed
[    5.232290] ALSA device list:
[    5.244182]   No soundcards found.
[    5.253263] Freeing unused kernel memory: 6848K
[    5.271097] macb ff0c0000.ethernet: Not enabling partial store and forward
[    5.278030] macb ff0c0000.ethernet: invalid hw address, using random
[    5.346169] Checked W+X mappings: passed, no W+X pages found
[    5.351875] Run /init as init process
[    5.355550]   with arguments:
[    5.355555]     /init
[    5.355559]   with environment:
[    5.355562]     HOME=/
[    5.355565]     TERM=linux
[    6.340924] zynqmp-display fd4a0000.display: vtc bridge property not present
[    6.363067] xilinx-dp-snd-codec fd4a0000.display:zynqmp-dp-snd-codec0: Xilinx DisplayPort Sound Codec probed
[    6.374619] xilinx-dp-snd-pcm zynqmp_dp_snd_pcm0: Xilinx DisplayPort Sound PCM probed
[    6.374628] macb ff0b0000.ethernet: Not enabling partial store and forward
[    6.374684] macb ff0b0000.ethernet: invalid hw address, using random
[    6.389924] spi-nor spi0.0: mt25qu512a (65536 Kbytes)
[    6.391156] xilinx-dp-snd-pcm zynqmp_dp_snd_pcm1: Xilinx DisplayPort Sound PCM probed
[    6.406062] at24 1-0050: supply vcc not found, using dummy regulator
[    6.408809] 17 fixed-partitions partitions found on MTD device spi0.0
[    6.421485] Creating 17 MTD partitions on "spi0.0":
[    6.426466] 0x000000000000-0x000000080000 : "Image Selector"
[    6.428550] macb ff0b0000.ethernet eth0: Defer probe as mdio producer ff0c0000.ethernet is not probed
[    6.432295] at24 1-0050: 8192 byte 24c64 EEPROM, writable, 1 bytes/write
[    6.458361] at24 1-0051: supply vcc not found, using dummy regulator
[    6.461055] 0x000000080000-0x000000100000 : "Image Selector Golden"
[    6.465373] at24 1-0051: 8192 byte 24c64 EEPROM, writable, 1 bytes/write
[    6.479678] rtc_zynqmp ffa60000.rtc: registered as rtc0
[    6.485030] rtc_zynqmp ffa60000.rtc: setting system clock to 1970-01-01T00:07:42 UTC (462)
[    6.494505] xilinx-dp-snd-card fd4a0000.display:zynqmp-dp-snd-card: Xilinx DisplayPort Sound Card probed
[    6.505006] cdns-i2c ff030000.i2c: 400 kHz mmio ff030000 irq 40
[    6.518098] macb ff0c0000.ethernet: Not enabling partial store and forward
[    6.525123] macb ff0c0000.ethernet: invalid hw address, using random
[    6.537466] OF: graph: no port node found in /axi/display@fd4a0000
[    6.540141] 0x000000100000-0x000000120000 : "Persistent Register"
[    6.546139] xlnx-drm xlnx-drm.0: bound fd4a0000.display (ops zynqmp_dpsub_component_ops [zynqmp_dpsub])
[    6.572507] 0x000000120000-0x000000140000 : "Persistent Register Backup"
[    6.573823] macb ff0c0000.ethernet eth0: Cadence GEM rev 0x50070106 at 0xff0c0000 irq 38 (b2:5d:d6:52:ab:da)
[    6.598602] 0x000000140000-0x000000200000 : "Open_1"
[    6.732796] xhci-hcd xhci-hcd.1.auto: xHCI Host Controller
[    6.739194] xhci-hcd xhci-hcd.1.auto: new USB bus registered, assigned bus number 1
[    6.747765] xhci-hcd xhci-hcd.1.auto: hcc params 0x0238f625 hci version 0x100 quirks 0x0000000002010890
[    6.757245] xhci-hcd xhci-hcd.1.auto: irq 58, io mem 0xfe200000
[    6.763476] xhci-hcd xhci-hcd.1.auto: xHCI Host Controller
[    6.769078] xhci-hcd xhci-hcd.1.auto: new USB bus registered, assigned bus number 2
[    6.770915] 0x000000200000-0x000000f00000 : "Image A (FSBL, PMU, ATF, U-Boot)"
[    6.776847] xhci-hcd xhci-hcd.1.auto: Host supports USB 3.0 SuperSpeed
[    6.790853] usb usb1: New USB device found, idVendor=1d6b, idProduct=0002, bcdDevice= 5.15
[    6.799165] usb usb1: New USB device strings: Mfr=3, Product=2, SerialNumber=1
[    6.806416] usb usb1: Product: xHCI Host Controller
[    6.809816] 0x000000f00000-0x000000f80000 : "ImgSel Image A Catch"
[    6.811316] usb usb1: Manufacturer: Linux 5.15.0-1027-xilinx-zynqmp xhci-hcd
[    6.821334] 0x000000f80000-0x000001c80000 : "Image B (FSBL, PMU, ATF, U-Boot)"
[    6.824531] usb usb1: SerialNumber: xhci-hcd.1.auto
[    6.825118] hub 1-0:1.0: USB hub found
[    6.840538] hub 1-0:1.0: 1 port detected
[    6.845069] usb usb2: New USB device found, idVendor=1d6b, idProduct=0003, bcdDevice= 5.15
[    6.849603] 0x000001c80000-0x000001d00000 : "ImgSel Image B Catch"
[    6.853358] usb usb2: New USB device strings: Mfr=3, Product=2, SerialNumber=1
[    6.866822] usb usb2: Product: xHCI Host Controller
[    6.871718] usb usb2: Manufacturer: Linux 5.15.0-1027-xilinx-zynqmp xhci-hcd
[    6.871933] 0x000001d00000-0x000001e00000 : "Open_2"
[    6.878771] usb usb2: SerialNumber: xhci-hcd.1.auto
[    6.879264] hub 2-0:1.0: USB hub found
[    6.892446] hub 2-0:1.0: 1 port detected
[    6.896688] 0x000001e00000-0x000002000000 : "Recovery Image"
[    6.911851] 0x000002000000-0x000002200000 : "Recovery Image Backup"
[    6.924634] 0x000002200000-0x000002220000 : "U-Boot storage variables"
[    6.939107] 0x000002220000-0x000002240000 : "U-Boot storage variables backup"
[    6.949898] 0x000002240000-0x000002280000 : "SHA256"
[    6.962614] 0x000002280000-0x0000022a0000 : "Secure OS Storage"
[    6.971054] 0x0000022a0000-0x000004000000 : "User"
[    6.984865] xhci-hcd xhci-hcd.2.auto: xHCI Host Controller
[    6.990724] xhci-hcd xhci-hcd.2.auto: new USB bus registered, assigned bus number 3
[    6.998613] xhci-hcd xhci-hcd.2.auto: hcc params 0x0238f625 hci version 0x100 quirks 0x0000000002010890
[    7.009774] xhci-hcd xhci-hcd.2.auto: irq 61, io mem 0xfe300000
[    7.015975] xhci-hcd xhci-hcd.2.auto: xHCI Host Controller
[    7.021515] xhci-hcd xhci-hcd.2.auto: new USB bus registered, assigned bus number 4
[    7.029209] xhci-hcd xhci-hcd.2.auto: Host supports USB 3.0 SuperSpeed
[    7.035940] usb usb3: New USB device found, idVendor=1d6b, idProduct=0002, bcdDevice= 5.15
[    7.044275] usb usb3: New USB device strings: Mfr=3, Product=2, SerialNumber=1
[    7.051550] usb usb3: Product: xHCI Host Controller
[    7.056441] usb usb3: Manufacturer: Linux 5.15.0-1027-xilinx-zynqmp xhci-hcd
[    7.063501] usb usb3: SerialNumber: xhci-hcd.2.auto
[    7.069756] hub 3-0:1.0: USB hub found
[    7.073592] hub 3-0:1.0: 1 port detected
[    7.078187] usb usb4: New USB device found, idVendor=1d6b, idProduct=0003, bcdDevice= 5.15
[    7.086490] usb usb4: New USB device strings: Mfr=3, Product=2, SerialNumber=1
[    7.093732] usb usb4: Product: xHCI Host Controller
[    7.098627] usb usb4: Manufacturer: Linux 5.15.0-1027-xilinx-zynqmp xhci-hcd
[    7.105695] usb usb4: SerialNumber: xhci-hcd.2.auto
[    7.111904] hub 4-0:1.0: USB hub found
[    7.115758] hub 4-0:1.0: 1 port detected
[    7.121440] macb ff0b0000.ethernet: Not enabling partial store and forward
[    7.128405] macb ff0b0000.ethernet: invalid hw address, using random
[    7.180288] usb 1-1: new high-speed USB device number 2 using xhci-hcd
[    7.310162] i2c i2c-1: Added multiplexed i2c bus 3
[    7.336119] i2c i2c-1: Added multiplexed i2c bus 4
[    7.345114] usb 1-1: New USB device found, idVendor=0424, idProduct=2744, bcdDevice= 2.21
[    7.347864] i2c i2c-1: Added multiplexed i2c bus 5
[    7.353426] usb 1-1: New USB device strings: Mfr=1, Product=2, SerialNumber=0
[    7.362265] i2c i2c-1: Added multiplexed i2c bus 6
[    7.365349] usb 1-1: Product: USB2744
[    7.373813] usb 1-1: Manufacturer: Microchip Tech
[    7.375274] pca954x 1-0074: registered 4 multiplexed busses for I2C switch pca9546
[    7.378962] da9121 1-0033: Device detected (device-ID: 0x05, var-ID: 0x21, DA9131)
[    7.416290] usb 3-1: new high-speed USB device number 2 using xhci-hcd
[    7.460679] hub 1-1:1.0: USB hub found
[    7.464588] hub 1-1:1.0: 4 ports detected
[    7.494799] usb 2-1: new SuperSpeed USB device number 2 using xhci-hcd
[    7.501743] da9121 1-0032: Device detected (device-ID: 0x05, var-ID: 0x20, DA9130)
[    7.520881] usb 2-1: New USB device found, idVendor=0424, idProduct=5744, bcdDevice= 2.21
[    7.529185] usb 2-1: New USB device strings: Mfr=2, Product=3, SerialNumber=0
[    7.536342] usb 2-1: Product: USB5744
[    7.540007] usb 2-1: Manufacturer: Microchip Tech
[    7.566447] macb ff0b0000.ethernet eth1: Cadence GEM rev 0x50070106 at 0xff0b0000 irq 37 (fe:7e:f4:44:cf:ff)
[    7.577086] usb 3-1: New USB device found, idVendor=0424, idProduct=2744, bcdDevice= 2.21
[    7.585311] usb 3-1: New USB device strings: Mfr=1, Product=2, SerialNumber=0
[    7.592486] usb 3-1: Product: USB2744
[    7.596159] usb 3-1: Manufacturer: Microchip Tech
[    7.607463] hub 2-1:1.0: USB hub found
[    7.611473] hub 2-1:1.0: 3 ports detected
[    7.644111] hub 3-1:1.0: USB hub found
[    7.648223] hub 3-1:1.0: 3 ports detected
[    7.656569] zynqmp-display fd4a0000.display: [drm] Cannot find any crtc or sizes
[    7.665363] [drm] Initialized xlnx 1.0.0 20130509 for fd4a0000.display on minor 0
[    7.673058] zynqmp-display fd4a0000.display: ZynqMP DisplayPort Subsystem driver probed
[    7.708331] usb 4-1: new SuperSpeed USB device number 2 using xhci-hcd
[    7.732746] usb 4-1: New USB device found, idVendor=0424, idProduct=5744, bcdDevice= 2.21
[    7.740984] usb 4-1: New USB device strings: Mfr=2, Product=3, SerialNumber=0
[    7.748187] usb 4-1: Product: USB5744
[    7.751874] usb 4-1: Manufacturer: Microchip Tech
[    7.820138] hub 4-1:1.0: USB hub found
[    7.824450] hub 4-1:1.0: 2 ports detected
[    7.844276] usb 1-1.1: new high-speed USB device number 3 using xhci-hcd
[    7.892265] random: crng init done
[    7.954767] usb 1-1.1: New USB device found, idVendor=0424, idProduct=2240, bcdDevice= 1.98
[    7.963143] usb 1-1.1: New USB device strings: Mfr=1, Product=2, SerialNumber=3
[    7.970459] usb 1-1.1: Product: Ultra Fast Media 
[    7.975161] usb 1-1.1: Manufacturer: Generic
[    7.979431] usb 1-1.1: SerialNumber: 000000225001
[    7.985297] usb-storage 1-1.1:1.0: USB Mass Storage device detected
[    7.992391] scsi host0: usb-storage 1-1.1:1.0
[    8.000304] usb 3-1.3: new high-speed USB device number 3 using xhci-hcd
[    8.076261] usb 1-1.4: new high-speed USB device number 4 using xhci-hcd
[    8.105209] usb 3-1.3: New USB device found, idVendor=0424, idProduct=2740, bcdDevice= 2.00
[    8.113570] usb 3-1.3: New USB device strings: Mfr=1, Product=2, SerialNumber=0
[    8.120898] usb 3-1.3: Product: Hub Controller
[    8.125348] usb 3-1.3: Manufacturer: Microchip Tech
[    8.185173] usb 1-1.4: New USB device found, idVendor=0424, idProduct=2740, bcdDevice= 2.00
[    8.193549] usb 1-1.4: New USB device strings: Mfr=1, Product=2, SerialNumber=0
[    8.200861] usb 1-1.4: Product: Hub Controller
[    8.205304] usb 1-1.4: Manufacturer: Microchip Tech
[    9.001405] scsi 0:0:0:0: Direct-Access     Generic  Ultra HS-COMBO   1.98 PQ: 0 ANSI: 0
[    9.010272] sd 0:0:0:0: Attached scsi generic sg0 type 0
[    9.011126] sd 0:0:0:0: [sda] 123596800 512-byte logical blocks: (63.3 GB/58.9 GiB)
[    9.023893] sd 0:0:0:0: [sda] Write Protect is off
[    9.028705] sd 0:0:0:0: [sda] Mode Sense: 23 00 00 00
[    9.029298] sd 0:0:0:0: [sda] No Caching mode page found
[    9.034615] sd 0:0:0:0: [sda] Assuming drive cache: write through
[    9.044805]  sda: sda1 sda2
[    9.049792] sd 0:0:0:0: [sda] Attached SCSI removable disk
[    9.675581] async_tx: api initialized (async)
[   11.633021] EXT4-fs (sda2): mounted filesystem with ordered data mode. Opts: (null). Quota mode: none.
[   12.921975] systemd[1]: System time before build time, advancing clock.
[   13.074119] systemd[1]: Inserted module 'autofs4'
[   13.194064] systemd[1]: systemd 249.11-0ubuntu3.12 running in system mode (+PAM +AUDIT +SELINUX +APPARMOR +IMA +SMACK +SECCOMP +GCRYPT +GNUTLS +OPENSSL +ACL +BLKID +CURL +ELFUTILS +FIDO2 +IDN2 -IDN +IPTC +KMOD +LIBCRYPTSETUP +LIBFDISK +PCRE2 -PWQUALITY -P11KIT -QRENCODE +BZIP2 +LZ4 +XZ +ZLIB +ZSTD -XKBCOMMON +UTMP +SYSVINIT default-hierarchy=unified)
[   13.225667] systemd[1]: Detected architecture arm64.
[   13.234346] systemd[1]: Hostname set to <kria>.
[   15.967257] systemd[1]: Queued start job for default target Graphical Interface.
[   15.979419] systemd[1]: Created slice Slice /system/modprobe.
[   15.987091] systemd[1]: Created slice Slice /system/serial-getty.
[   15.994938] systemd[1]: Created slice Slice /system/systemd-fsck.
[   16.002034] systemd[1]: Created slice User and Session Slice.
[   16.008268] systemd[1]: Started Dispatch Password Requests to Console Directory Watch.
[   16.016565] systemd[1]: Started Forward Password Requests to Wall Directory Watch.
[   16.025112] systemd[1]: Set up automount Arbitrary Executable File Formats File System Automount Point.
[   16.034820] systemd[1]: Reached target Local Encrypted Volumes.
[   16.041173] systemd[1]: Reached target Slice Units.
[   16.046226] systemd[1]: Reached target Mounting snaps.
[   16.051556] systemd[1]: Reached target Swaps.
[   16.056117] systemd[1]: Reached target Local Verity Protected Volumes.
[   16.063104] systemd[1]: Listening on Device-mapper event daemon FIFOs.
[   16.070213] systemd[1]: Listening on LVM2 poll daemon socket.
[   16.076526] systemd[1]: Listening on multipathd control socket.
[   16.096008] systemd[1]: Listening on RPCbind Server Activation Socket.
[   16.103575] systemd[1]: Listening on Syslog Socket.
[   16.109034] systemd[1]: Listening on fsck to fsckd communication Socket.
[   16.116121] systemd[1]: Listening on initctl Compatibility Named Pipe.
[   16.123526] systemd[1]: Listening on Journal Audit Socket.
[   16.129539] systemd[1]: Listening on Journal Socket (/dev/log).
[   16.136098] systemd[1]: Listening on Journal Socket.
[   16.141898] systemd[1]: Listening on Network Service Netlink Socket.
[   16.149014] systemd[1]: Listening on udev Control Socket.
[   16.154969] systemd[1]: Listening on udev Kernel Socket.
[   16.163423] systemd[1]: Mounting Huge Pages File System...
[   16.172452] systemd[1]: Mounting POSIX Message Queue File System...
[   16.182486] systemd[1]: Mounting Kernel Debug File System...
[   16.192027] systemd[1]: Mounting Kernel Trace File System...
[   16.203988] systemd[1]: Starting Journal Service...
[   16.209580] systemd[1]: Condition check resulted in Kernel Module supporting RPCSEC_GSS being skipped.
[   16.223362] systemd[1]: Starting Set the console keyboard layout...
[   16.234194] systemd[1]: Starting Create List of Static Device Nodes...
[   16.244853] systemd[1]: Starting Monitoring of LVM2 mirrors, snapshots etc. using dmeventd or progress polling...
[   16.255613] systemd[1]: Condition check resulted in LXD - agent being skipped.
[   16.267407] systemd[1]: Starting Load Kernel Module configfs...
[   16.277992] systemd[1]: Starting Load Kernel Module drm...
[   16.288991] systemd[1]: Starting Load Kernel Module efi_pstore...
[   16.301549] systemd[1]: Starting Load Kernel Module fuse...
[   16.307749] systemd[1]: Condition check resulted in OpenVSwitch configuration for cleanup being skipped.
[   16.318079] systemd[1]: Condition check resulted in File System Check on Root Device being skipped.
[   16.350122] systemd[1]: Starting Load Kernel Modules...
[   16.359612] systemd[1]: Starting Remount Root and Kernel File Systems...
[   16.370806] systemd[1]: Starting Coldplug All udev Devices...
[   16.385170] systemd[1]: Mounted Huge Pages File System.
[   16.391331] systemd[1]: Mounted POSIX Message Queue File System.
[   16.398025] systemd[1]: Mounted Kernel Debug File System.
[   16.402304] EXT4-fs (sda2): re-mounted. Opts: discard,errors=remount-ro. Quota mode: none.
[   16.416016] systemd[1]: Mounted Kernel Trace File System.
[   16.423292] systemd[1]: Finished Create List of Static Device Nodes.
[   16.431329] systemd[1]: modprobe@configfs.service: Deactivated successfully.
[   16.439739] systemd[1]: Finished Load Kernel Module configfs.
[   16.447481] systemd[1]: Finished Monitoring of LVM2 mirrors, snapshots etc. using dmeventd or progress polling.
[   16.459712] systemd[1]: modprobe@drm.service: Deactivated successfully.
[   16.467636] systemd[1]: Finished Load Kernel Module drm.
[   16.470436] dmaproxy: module is from the staging directory, the quality is unknown, you have been warned.
[   16.484503] systemd[1]: modprobe@efi_pstore.service: Deactivated successfully.
[   16.493000] systemd[1]: Finished Load Kernel Module efi_pstore.
[   16.500385] systemd[1]: Started Journal Service.
[   16.559519] systemd-journald[589]: Received client request to flush runtime journal.
[   16.594091] alua: device handler registered
[   16.608824] emc: device handler registered
[   16.627227] rdac: device handler registered
[   16.632263] systemd-journald[589]: File /var/log/journal/fd1f4dfa19124906a2885f0c88480459/system.journal corrupted or uncleanly shut down, renaming and replacing.
[   17.436992] loop0: detected capacity change from 0 to 121008
[   17.437172] loop1: detected capacity change from 0 to 8
[   17.447200] loop2: detected capacity change from 0 to 138336
[   17.456883] loop3: detected capacity change from 0 to 438168
[   17.466255] loop4: detected capacity change from 0 to 677120
[   17.474086] loop5: detected capacity change from 0 to 684120
[   17.484512] loop6: detected capacity change from 0 to 898504
[   17.496339] loop7: detected capacity change from 0 to 187776
[   17.506511] loop8: detected capacity change from 0 to 90856
[   17.516544] loop9: detected capacity change from 0 to 88456
[   17.527084] loop10: detected capacity change from 0 to 824
[   17.538233] loop11: detected capacity change from 0 to 32776
[   18.461592] mali: module is from the staging directory, the quality is unknown, you have been warned.
[   18.496892] tpm_tis_spi spi2.0: 2.0 TPM (device-id 0x1B, rev-id 22)
[   18.499633] tpm tpm0: A TPM error (256) occurred attempting the self test
[   18.506480] tpm tpm0: starting up the TPM manually
[   22.686385] audit: type=1400 audit(1700600246.760:2): apparmor="STATUS" operation="profile_load" profile="unconfined" name="lsb_release" pid=871 comm="apparmor_parser"
[   22.690358] audit: type=1400 audit(1700600246.764:3): apparmor="STATUS" operation="profile_load" profile="unconfined" name="nvidia_modprobe" pid=872 comm="apparmor_parser"
[   22.690400] audit: type=1400 audit(1700600246.764:4): apparmor="STATUS" operation="profile_load" profile="unconfined" name="nvidia_modprobe//kmod" pid=872 comm="apparmor_parser"
[   22.729234] audit: type=1400 audit(1700600246.804:5): apparmor="STATUS" operation="profile_load" profile="unconfined" name="/usr/bin/man" pid=875 comm="apparmor_parser"
[   22.729263] audit: type=1400 audit(1700600246.804:6): apparmor="STATUS" operation="profile_load" profile="unconfined" name="man_filter" pid=875 comm="apparmor_parser"
[   22.729275] audit: type=1400 audit(1700600246.804:7): apparmor="STATUS" operation="profile_load" profile="unconfined" name="man_groff" pid=875 comm="apparmor_parser"
[   22.754231] audit: type=1400 audit(1700600246.828:8): apparmor="STATUS" operation="profile_load" profile="unconfined" name="tcpdump" pid=876 comm="apparmor_parser"
[   22.776969] audit: type=1400 audit(1700600246.852:9): apparmor="STATUS" operation="profile_load" profile="unconfined" name="/usr/sbin/cups-browsed" pid=878 comm="apparmor_parser"
[   22.778751] audit: type=1400 audit(1700600246.852:10): apparmor="STATUS" operation="profile_load" profile="unconfined" name="/usr/lib/NetworkManager/nm-dhcp-client.action" pid=873 comm="apparmor_parser"
[   22.778779] audit: type=1400 audit(1700600246.852:11): apparmor="STATUS" operation="profile_load" profile="unconfined" name="/usr/lib/NetworkManager/nm-dhcp-helper" pid=873 comm="apparmor_parser"
[  157.157685] macb ff0b0000.ethernet eth1: PHY [ff0c0000.ethernet-ffffffff:04] driver [TI DP83867] (irq=POLL)
[  157.157707] macb ff0b0000.ethernet eth1: configuring for phy/sgmii link mode
[  157.157990] pps pps0: new PPS source ptp0
[  157.158123] macb ff0b0000.ethernet: gem-ptp-timer ptp clock registered.
[  157.726176] macb ff0c0000.ethernet eth0: PHY [ff0c0000.ethernet-ffffffff:08] driver [TI DP83867] (irq=POLL)
[  157.726199] macb ff0c0000.ethernet eth0: configuring for phy/rgmii-id link mode
[  157.726482] pps pps1: new PPS source ptp1
[  157.726613] macb ff0c0000.ethernet: gem-ptp-timer ptp clock registered.
[  157.849962] OF: overlay: WARNING: memory leak will occur if overlay removed, property: /fpga-full/firmware-name
[  157.860103] OF: overlay: WARNING: memory leak will occur if overlay removed, property: /fpga-full/resets
[  161.256605] macb ff0b0000.ethernet eth1: unable to generate target frequency: 125000000 Hz
[  161.258060] macb ff0b0000.ethernet eth1: Link is Up - 1Gbps/Full - flow control tx
[  161.258101] IPv6: ADDRCONF(NETDEV_CHANGE): eth1: link becomes ready
[  162.365187] kauditd_printk_skb: 36 callbacks suppressed
[  162.365199] audit: type=1400 audit(1715416273.700:48): apparmor="DENIED" operation="capable" profile="/usr/sbin/cupsd" pid=1282 comm="cupsd" capability=12  capname="net_admin"
[  164.695309] loop12: detected capacity change from 0 to 8
[  166.475602] audit: type=1400 audit(1715416277.808:49): apparmor="STATUS" operation="profile_replace" profile="unconfined" name="/usr/lib/snapd/snap-confine" pid=1453 comm="apparmor_parser"
[  166.491973] audit: type=1400 audit(1715416277.824:50): apparmor="STATUS" operation="profile_replace" profile="unconfined" name="/usr/lib/snapd/snap-confine//mount-namespace-capture-helper" pid=1453 comm="apparmor_parser"
[  167.859450] audit: type=1400 audit(1715416279.192:51): apparmor="DENIED" operation="capable" profile="/usr/sbin/cups-browsed" pid=1467 comm="cups-browsed" capability=23  capname="sys_nice"
[  171.942154] audit: type=1400 audit(1715416283.276:52): apparmor="DENIED" operation="capable" profile="/usr/lib/snapd/snap-confine" pid=1524 comm="snap-confine" capability=12  capname="net_admin"
[  171.943774] audit: type=1400 audit(1715416283.276:53): apparmor="DENIED" operation="capable" profile="/usr/lib/snapd/snap-confine" pid=1524 comm="snap-confine" capability=38  capname="perfmon"
[  178.184175] [drm] Probing for xlnx,zocl
[  178.184210] zocl-drm axi:zyxclmm_drm: IRQ index 0 not found
[  178.190066] [drm] FPGA programming device pcap founded.
[  178.192167] [drm] PR[0] Isolation addr 0x0
[  178.192661] [drm] Initialized zocl 2.13.479 00000 for axi:zyxclmm_drm on minor 1
[  179.633583] zocl-drm axi:zyxclmm_drm: zocl_create_client: created KDS client for pid(997), ret: 0
[  179.649559] zocl-drm axi:zyxclmm_drm: zocl_destroy_client: client exits pid(997)
[  179.832715] zocl-drm axi:zyxclmm_drm: zocl_create_client: created KDS client for pid(997), ret: 0
[  179.840038] zocl-drm axi:zyxclmm_drm: zocl_destroy_client: client exits pid(997)
[  191.482413] rfkill: input handler disabled
[  194.698016] zocl-drm axi:zyxclmm_drm: zocl_create_client: created KDS client for pid(1733), ret: 0
[  194.698101] zocl-drm axi:zyxclmm_drm: zocl_destroy_client: client exits pid(1733)
[  194.698307] zocl-drm axi:zyxclmm_drm: zocl_create_client: created KDS client for pid(1733), ret: 0
[  197.449604] zocl-drm axi:zyxclmm_drm: zocl_destroy_client: client exits pid(1733)
[  225.294774] audit: type=1326 audit(1715416377.951:54): auid=1000 uid=1000 gid=1000 ses=3 subj=snap.snapd-desktop-integration.snapd-desktop-integration pid=2158 comm="snapd-desktop-i" exe="/snap/snapd-desktop-integration/58/usr/bin/snapd-desktop-integration" sig=0 arch=c00000b7 syscall=274 compat=0 ip=0xffffae201a68 code=0x50000
ubuntu@kria:~$ 

