 
Xilinx Zynq MP First Stage Boot Loader 
Release 2022.2   Apr  3 2023  -  09:10:43
MultiBootOffset: 0x40
Reset Mode	:	System Reset
Platform: Silicon (4.0), Running on A53-0 (64-bit) Processor, Device Name: XCZUUNKNEG
QSPI 32 bit Boot Mode 
FlashID=0x20 0xBB 0x20
PMU Firmware 2022.2	Apr  3 2023   09:10:43
PMU_ROM Version: xpbr-v8.1.0-0
�NOTICE:  BL31: v2.6(release):xlnx_rebase_v2.6_2022.1_update3-18-g0897efd45
NOTICE:  BL31: Built : 03:55:03, Sep  9 2022


U-Boot 2022.01 (Jan 25 2023 - 08:10:44 +0000)

CPU:   ZynqMP
Silicon: v3
Detected name: zynqmp-smk-k26-xcl2g-rev1-sck-kr-g-rev1
Model: ZynqMP SMK-K26 Rev1/B/A
Board: Xilinx ZynqMP
DRAM:  4 GiB
PMUFW:	v1.1
Cannot load PMUFW configuration object (1)
PMUFW returned 0x00000001 status!
Xilinx I2C FRU format at nvmem0:
 Manufacturer Name: XILINX
 Product Name: SMK-K26-XCL2G
 Serial No: XFL14PVBG4CJ
 Part Number: 5057-04
 File ID: 0x0
 Revision Number: 1
Xilinx I2C FRU format at nvmem1:
 Manufacturer Name: XILINX
 Product Name: SCK-KR-G
 Serial No: XFL15OICDU5P
 Part Number: 5100-01
 File ID: 0x0
 Revision Number: 1
EL Level:	EL2
Chip ID:	xck26
NAND:  0 MiB
MMC:   
Loading Environment from nowhere... OK
In:    serial
Out:   serial
Err:   serial
Bootmode: QSPI_MODE
Reset reason:	SOFT 
Net:   
ZYNQ GEM: ff0c0000, mdio bus ff0c0000, phyaddr 8, interface rgmii-id
Get shared mii bus on ethernet@ff0b0000

ZYNQ GEM: ff0b0000, mdio bus ff0c0000, phyaddr 4, interface sgmii
eth0: ethernet@ff0b0000, eth1: ethernet@ff0c0000
starting USB...
Bus usb@fe200000: Register 2000440 NbrPorts 2
Starting the controller
USB XHCI 1.00
Bus usb@fe300000: Register 2000440 NbrPorts 2
Starting the controller
USB XHCI 1.00
scanning bus usb@fe200000 for devices... 5 USB Device(s) found
scanning bus usb@fe300000 for devices... 4 USB Device(s) found
       scanning usb for storage devices... 1 Storage Device(s) found
Hit any key to stop autoboot:  0 
model=SMK-K26-XCL2G

Device 0: Vendor: Generic  Rev: 1.98 Prod: Ultra HS-COMBO
            Type: Removable Hard Disk
            Capacity: 15193.5 MB = 14.8 GB (31116288 x 512)
... is now current device
Scanning usb 0:1...
Found U-Boot script /boot.scr.uimg
8379 bytes read in 2 ms (4 MiB/s)
## Executing script at 20000000
Selecting DT for Kria boards
Kria DT: #conf-smk-k26-revA-sck-kr-g-revB
Configuring the cma value based on the board type
cma=1000M
Loading image.fit
67432900 bytes read in 4617 ms (13.9 MiB/s)
## Loading kernel from FIT Image at 10000000 ...
   Using 'conf-smk-k26-revA-sck-kr-g-revB' configuration
   Trying 'kernel-1' kernel subimage
     Description:  Ubuntu kernel
     Created:      2024-03-04  17:35:11 UTC
     Type:         Kernel Image
     Compression:  gzip compressed
     Data Start:   0x100000ec
     Data Size:    17155401 Bytes = 16.4 MiB
     Architecture: AArch64
     OS:           Linux
     Load Address: 0x00200000
     Entry Point:  0x00200000
     Hash algo:    sha1
     Hash value:   17cc6cbc5b485390821f7f027dfe5462e223d4d5
   Verifying Hash Integrity ... sha1+ OK
## Loading ramdisk from FIT Image at 10000000 ...
   Using 'conf-smk-k26-revA-sck-kr-g-revB' configuration
   Trying 'ramdisk-1' ramdisk subimage
     Description:  Ubuntu ramdisk
     Created:      2024-03-04  17:35:11 UTC
     Type:         RAMDisk Image
     Compression:  uncompressed
     Data Start:   0x1105c728
     Data Size:    50017067 Bytes = 47.7 MiB
     Architecture: AArch64
     OS:           Linux
     Load Address: unavailable
     Entry Point:  unavailable
     Hash algo:    sha1
     Hash value:   3faefc5eb59824bd502d05cc376df14d524ea731
   Verifying Hash Integrity ... sha1+ OK
## Loading fdt from FIT Image at 10000000 ...
   Using 'conf-smk-k26-revA-sck-kr-g-revB' configuration
   Trying 'fdt-smk-k26-revA-sck-kr-g-revB.dtb' fdt subimage
     Description:  Flattened device tree blob - smk-k26-revA-sck-kr-g-revB
     Created:      2024-03-04  17:35:11 UTC
     Type:         Flat Device Tree
     Compression:  uncompressed
     Data Start:   0x1402e9c8
     Data Size:    44305 Bytes = 43.3 KiB
     Architecture: AArch64
     Load Address: 0x44000000
     Hash algo:    sha1
     Hash value:   9599347a3ea7f20a4e96ef316ef8d07dd28ae303
   Verifying Hash Integrity ... sha1+ OK
   Loading fdt from 0x1402e9c8 to 0x44000000
   Booting using the fdt blob at 0x44000000
   Uncompressing Kernel Image
   Loading Ramdisk to 7604c000, end 78fff32b ... OK
ERROR: reserving fdt memory region failed (addr=7ff00000 size=100000 flags=4)
   Loading Device Tree to 000000000fff2000, end 000000000ffffd10 ... OK

Starting kernel ...

[    0.000000] Booting Linux on physical CPU 0x0000000000 [0x410fd034]
[    0.000000] Linux version 5.15.0-1027-xilinx-zynqmp (buildd@bos01-arm64-022) (gcc (Ubuntu 11.4.0-1ubuntu1~22.04) 11.4.0, GNU ld (GNU Binutils for Ubuntu) 2.38) #31-Ubuntu SMP Wed Feb 21 04:33:09 UTC 2024 (Ubuntu 5.15.0-1027.31-xilinx-zynqmp 5.15.136)
[    0.000000] Machine model: ZynqMP KR260 revB
[    0.000000] efi: UEFI not found.
[    0.000000] earlycon: cdns0 at MMIO 0x00000000ff010000 (options '115200n8')
[    0.000000] printk: bootconsole [cdns0] enabled
[    0.000000] NUMA: No NUMA configuration found
[    0.000000] NUMA: Faking a node at [mem 0x0000000000000000-0x000000087fffffff]
[    0.000000] NUMA: NODE_DATA [mem 0x87f7c5340-0x87f7c9fff]
[    0.000000] Zone ranges:
[    0.000000]   DMA      [mem 0x0000000000000000-0x00000000ffffffff]
[    0.000000]   DMA32    empty
[    0.000000]   Normal   [mem 0x0000000100000000-0x000000087fffffff]
[    0.000000]   Device   empty
[    0.000000] Movable zone start for each node
[    0.000000] Early memory node ranges
[    0.000000]   node   0: [mem 0x0000000000000000-0x000000007fefffff]
[    0.000000]   node   0: [mem 0x000000007ff00000-0x000000007fffffff]
[    0.000000]   node   0: [mem 0x0000000800000000-0x000000087fffffff]
[    0.000000] Initmem setup node 0 [mem 0x0000000000000000-0x000000087fffffff]
[    0.000000] cma: Reserved 1000 MiB at 0x0000000037800000
[    0.000000] psci: probing for conduit method from DT.
[    0.000000] psci: PSCIv1.1 detected in firmware.
[    0.000000] psci: Using standard PSCI v0.2 function IDs
[    0.000000] psci: MIGRATE_INFO_TYPE not supported.
[    0.000000] psci: SMC Calling Convention v1.2
[    0.000000] percpu: Embedded 30 pages/cpu s84888 r8192 d29800 u122880
[    0.000000] Detected VIPT I-cache on CPU0
[    0.000000] CPU features: detected: ARM erratum 845719
[    0.000000] Built 1 zonelists, mobility grouping on.  Total pages: 1032192
[    0.000000] Policy zone: Normal
[    0.000000] Kernel command line:  root=LABEL=writable rootwait earlycon console=ttyPS1,115200 console=tty1 clk_ignore_unused uio_pdrv_genirq.of_id=generic-uio xilinx_tsn_ep.st_pcp=4 cma=1000M 
[    0.000000] Dentry cache hash table entries: 524288 (order: 10, 4194304 bytes, linear)
[    0.000000] Inode-cache hash table entries: 262144 (order: 9, 2097152 bytes, linear)
[    0.000000] mem auto-init: stack:off, heap alloc:on, heap free:off
[    0.000000] software IO TLB: mapped [mem 0x000000007bf00000-0x000000007ff00000] (64MB)
[    0.000000] Memory: 2925428K/4194304K available (20928K kernel code, 3310K rwdata, 15460K rodata, 6848K init, 1342K bss, 244876K reserved, 1024000K cma-reserved)
[    0.000000] SLUB: HWalign=64, Order=0-3, MinObjects=0, CPUs=4, Nodes=1
[    0.000000] ftrace: allocating 67015 entries in 262 pages
[    0.000000] ftrace: allocated 262 pages with 3 groups
[    0.000000] trace event string verifier disabled
[    0.000000] rcu: Hierarchical RCU implementation.
[    0.000000] rcu: 	RCU event tracing is enabled.
[    0.000000] 	Rude variant of Tasks RCU enabled.
[    0.000000] 	Tracing variant of Tasks RCU enabled.
[    0.000000] rcu: RCU calculated value of scheduler-enlistment delay is 25 jiffies.
[    0.000000] NR_IRQS: 64, nr_irqs: 64, preallocated irqs: 0
[    0.000000] GIC: Adjusting CPU interface base to 0x00000000f902f000
[    0.000000] Root IRQ handler: gic_handle_irq
[    0.000000] GIC: Using split EOI/Deactivate mode
[    0.000000] arch_timer: cp15 timer(s) running at 99.99MHz (phys).
[    0.000000] clocksource: arch_sys_counter: mask: 0x1ffffffffffffff max_cycles: 0x171015c90f, max_idle_ns: 440795203080 ns
[    0.000000] sched_clock: 57 bits at 99MHz, resolution 10ns, wraps every 4398046511101ns
[    0.008217] Console: colour dummy device 80x25
[    0.012374] printk: console [tty1] enabled
[    0.016437] printk: bootconsole [cdns0] disabled
[    0.000000] Booting Linux on physical CPU 0x0000000000 [0x410fd034]
[    0.000000] Linux version 5.15.0-1027-xilinx-zynqmp (buildd@bos01-arm64-022) (gcc (Ubuntu 11.4.0-1ubuntu1~22.04) 11.4.0, GNU ld (GNU Binutils for Ubuntu) 2.38) #31-Ubuntu SMP Wed Feb 21 04:33:09 UTC 2024 (Ubuntu 5.15.0-1027.31-xilinx-zynqmp 5.15.136)
[    0.000000] Machine model: ZynqMP KR260 revB
[    0.000000] efi: UEFI not found.
[    0.000000] earlycon: cdns0 at MMIO 0x00000000ff010000 (options '115200n8')
[    0.000000] printk: bootconsole [cdns0] enabled
[    0.000000] NUMA: No NUMA configuration found
[    0.000000] NUMA: Faking a node at [mem 0x0000000000000000-0x000000087fffffff]
[    0.000000] NUMA: NODE_DATA [mem 0x87f7c5340-0x87f7c9fff]
[    0.000000] Zone ranges:
[    0.000000]   DMA      [mem 0x0000000000000000-0x00000000ffffffff]
[    0.000000]   DMA32    empty
[    0.000000]   Normal   [mem 0x0000000100000000-0x000000087fffffff]
[    0.000000]   Device   empty
[    0.000000] Movable zone start for each node
[    0.000000] Early memory node ranges
[    0.000000]   node   0: [mem 0x0000000000000000-0x000000007fefffff]
[    0.000000]   node   0: [mem 0x000000007ff00000-0x000000007fffffff]
[    0.000000]   node   0: [mem 0x0000000800000000-0x000000087fffffff]
[    0.000000] Initmem setup node 0 [mem 0x0000000000000000-0x000000087fffffff]
[    0.000000] cma: Reserved 1000 MiB at 0x0000000037800000
[    0.000000] psci: probing for conduit method from DT.
[    0.000000] psci: PSCIv1.1 detected in firmware.
[    0.000000] psci: Using standard PSCI v0.2 function IDs
[    0.000000] psci: MIGRATE_INFO_TYPE not supported.
[    0.000000] psci: SMC Calling Convention v1.2
[    0.000000] percpu: Embedded 30 pages/cpu s84888 r8192 d29800 u122880
[    0.000000] Detected VIPT I-cache on CPU0
[    0.000000] CPU features: detected: ARM erratum 845719
[    0.000000] Built 1 zonelists, mobility grouping on.  Total pages: 1032192
[    0.000000] Policy zone: Normal
[    0.000000] Kernel command line:  root=LABEL=writable rootwait earlycon console=ttyPS1,115200 console=tty1 clk_ignore_unused uio_pdrv_genirq.of_id=generic-uio xilinx_tsn_ep.st_pcp=4 cma=1000M 
[    0.000000] Dentry cache hash table entries: 524288 (order: 10, 4194304 bytes, linear)
[    0.000000] Inode-cache hash table entries: 262144 (order: 9, 2097152 bytes, linear)
[    0.000000] mem auto-init: stack:off, heap alloc:on, heap free:off
[    0.000000] software IO TLB: mapped [mem 0x000000007bf00000-0x000000007ff00000] (64MB)
[    0.000000] Memory: 2925428K/4194304K available (20928K kernel code, 3310K rwdata, 15460K rodata, 6848K init, 1342K bss, 244876K reserved, 1024000K cma-reserved)
[    0.000000] SLUB: HWalign=64, Order=0-3, MinObjects=0, CPUs=4, Nodes=1
[    0.000000] ftrace: allocating 67015 entries in 262 pages
[    0.000000] ftrace: allocated 262 pages with 3 groups
[    0.000000] trace event string verifier disabled
[    0.000000] rcu: Hierarchical RCU implementation.
[    0.000000] rcu: 	RCU event tracing is enabled.
[    0.000000] 	Rude variant of Tasks RCU enabled.
[    0.000000] 	Tracing variant of Tasks RCU enabled.
[    0.000000] rcu: RCU calculated value of scheduler-enlistment delay is 25 jiffies.
[    0.000000] NR_IRQS: 64, nr_irqs: 64, preallocated irqs: 0
[    0.000000] GIC: Adjusting CPU interface base to 0x00000000f902f000
[    0.000000] Root IRQ handler: gic_handle_irq
[    0.000000] GIC: Using split EOI/Deactivate mode
[    0.000000] arch_timer: cp15 timer(s) running at 99.99MHz (phys).
[    0.000000] clocksource: arch_sys_counter: mask: 0x1ffffffffffffff max_cycles: 0x171015c90f, max_idle_ns: 440795203080 ns
[    0.000000] sched_clock: 57 bits at 99MHz, resolution 10ns, wraps every 4398046511101ns
[    0.008217] Console: colour dummy device 80x25
[    0.012374] printk: console [tty1] enabled
[    0.016437] printk: bootconsole [cdns0] disabled
[    0.021102] Calibrating delay loop (skipped), value calculated using timer frequency.. 199.99 BogoMIPS (lpj=399996)
[    0.021120] pid_max: default: 32768 minimum: 301
[    0.021317] LSM: Security Framework initializing
[    0.021347] landlock: Up and running.
[    0.021353] Yama: becoming mindful.
[    0.021445] AppArmor: AppArmor initialized
[    0.021635] Mount-cache hash table entries: 8192 (order: 4, 65536 bytes, linear)
[    0.021657] Mountpoint-cache hash table entries: 8192 (order: 4, 65536 bytes, linear)
[    0.023553] rcu: Hierarchical SRCU implementation.
[    0.025191] EFI services will not be available.
[    0.025607] smp: Bringing up secondary CPUs ...
[    0.026182] Detected VIPT I-cache on CPU1
[    0.026230] CPU1: Booted secondary processor 0x0000000001 [0x410fd034]
[    0.026865] Detected VIPT I-cache on CPU2
[    0.026888] CPU2: Booted secondary processor 0x0000000002 [0x410fd034]
[    0.027450] Detected VIPT I-cache on CPU3
[    0.027473] CPU3: Booted secondary processor 0x0000000003 [0x410fd034]
[    0.027539] smp: Brought up 1 node, 4 CPUs
[    0.027575] SMP: Total of 4 processors activated.
[    0.027583] CPU features: detected: 32-bit EL0 Support
[    0.027592] CPU features: detected: 32-bit EL1 Support
[    0.027601] CPU features: detected: CRC32 instructions
[    0.027654] CPU features: emulated: Privileged Access Never (PAN) using TTBR0_EL1 switching
[    0.039967] CPU: All CPU(s) started at EL2
[    0.040018] alternatives: patching kernel code
[    0.041515] devtmpfs: initialized
[    0.050566] KASLR disabled due to lack of seed
[    0.050737] clocksource: jiffies: mask: 0xffffffff max_cycles: 0xffffffff, max_idle_ns: 7645041785100000 ns
[    0.050769] futex hash table entries: 1024 (order: 4, 65536 bytes, linear)
[    0.073783] pinctrl core: initialized pinctrl subsystem
[    0.074361] DMI not present or invalid.
[    0.074966] NET: Registered PF_NETLINK/PF_ROUTE protocol family
[    0.076827] DMA: preallocated 512 KiB GFP_KERNEL pool for atomic allocations
[    0.076985] DMA: preallocated 512 KiB GFP_KERNEL|GFP_DMA pool for atomic allocations
[    0.077248] DMA: preallocated 512 KiB GFP_KERNEL|GFP_DMA32 pool for atomic allocations
[    0.077287] audit: initializing netlink subsys (disabled)
[    0.077405] audit: type=2000 audit(0.072:1): state=initialized audit_enabled=0 res=1
[    0.077995] thermal_sys: Registered thermal governor 'fair_share'
[    0.078000] thermal_sys: Registered thermal governor 'bang_bang'
[    0.078010] thermal_sys: Registered thermal governor 'step_wise'
[    0.078019] thermal_sys: Registered thermal governor 'user_space'
[    0.078027] thermal_sys: Registered thermal governor 'power_allocator'
[    0.078181] cpuidle: using governor ladder
[    0.078209] cpuidle: using governor menu
[    0.078480] hw-breakpoint: found 6 breakpoint and 4 watchpoint registers.
[    0.078566] ASID allocator initialised with 65536 entries
[    0.079150] Serial: AMBA PL011 UART driver
[    0.103330] HugeTLB registered 1.00 GiB page size, pre-allocated 0 pages
[    0.103360] HugeTLB registered 32.0 MiB page size, pre-allocated 0 pages
[    0.103370] HugeTLB registered 2.00 MiB page size, pre-allocated 0 pages
[    0.103380] HugeTLB registered 64.0 KiB page size, pre-allocated 0 pages
[    0.173455] raid6: neonx8   gen()  2381 MB/s
[    0.241514] raid6: neonx8   xor()  1771 MB/s
[    0.309577] raid6: neonx4   gen()  2441 MB/s
[    0.377632] raid6: neonx4   xor()  1731 MB/s
[    0.445705] raid6: neonx2   gen()  2315 MB/s
[    0.513758] raid6: neonx2   xor()  1597 MB/s
[    0.581837] raid6: neonx1   gen()  1982 MB/s
[    0.649883] raid6: neonx1   xor()  1352 MB/s
[    0.717954] raid6: int64x8  gen()  1518 MB/s
[    0.786005] raid6: int64x8  xor()   860 MB/s
[    0.854075] raid6: int64x4  gen()  1776 MB/s
[    0.922134] raid6: int64x4  xor()   940 MB/s
[    0.990205] raid6: int64x2  gen()  1553 MB/s
[    1.058254] raid6: int64x2  xor()   832 MB/s
[    1.126338] raid6: int64x1  gen()  1140 MB/s
[    1.194403] raid6: int64x1  xor()   575 MB/s
[    1.194413] raid6: using algorithm neonx4 gen() 2441 MB/s
[    1.194421] raid6: .... xor() 1731 MB/s, rmw enabled
[    1.194429] raid6: using neon recovery algorithm
[    1.195231] fbcon: Taking over console
[    1.195262] ACPI: Interpreter disabled.
[    1.195901] iommu: Default domain type: Translated 
[    1.195912] iommu: DMA domain TLB invalidation policy: strict mode 
[    1.196839] SCSI subsystem initialized
[    1.197184] vgaarb: loaded
[    1.197314] usbcore: registered new interface driver usbfs
[    1.197363] usbcore: registered new interface driver hub
[    1.197392] usbcore: registered new device driver usb
[    1.197525] mc: Linux media interface: v0.10
[    1.197551] videodev: Linux video capture interface: v2.00
[    1.197653] pps_core: LinuxPPS API ver. 1 registered
[    1.197664] pps_core: Software ver. 5.3.6 - Copyright 2005-2007 Rodolfo Giometti <giometti@linux.it>
[    1.197686] PTP clock support registered
[    1.197814] EDAC MC: Ver: 3.0.0
[    1.198366] zynqmp-ipi-mbox mailbox@ff9905c0: Registered ZynqMP IPI mbox with TX/RX channels.
[    1.198713] FPGA manager framework
[    1.198876] Advanced Linux Sound Architecture Driver Initialized.
[    1.199927] NetLabel: Initializing
[    1.199937] NetLabel:  domain hash size = 128
[    1.199944] NetLabel:  protocols = UNLABELED CIPSOv4 CALIPSO
[    1.200003] NetLabel:  unlabeled traffic allowed by default
[    1.200563] clocksource: Switched to clocksource arch_sys_counter
[    1.269733] VFS: Disk quotas dquot_6.6.0
[    1.269816] VFS: Dquot-cache hash table entries: 512 (order 0, 4096 bytes)
[    1.270433] AppArmor: AppArmor Filesystem Enabled
[    1.270496] pnp: PnP ACPI: disabled
[    1.277149] NET: Registered PF_INET protocol family
[    1.277303] IP idents hash table entries: 65536 (order: 7, 524288 bytes, linear)
[    1.278962] tcp_listen_portaddr_hash hash table entries: 2048 (order: 3, 32768 bytes, linear)
[    1.279046] Table-perturb hash table entries: 65536 (order: 6, 262144 bytes, linear)
[    1.279097] TCP established hash table entries: 32768 (order: 6, 262144 bytes, linear)
[    1.279353] TCP bind hash table entries: 32768 (order: 7, 524288 bytes, linear)
[    1.279720] TCP: Hash tables configured (established 32768 bind 32768)
[    1.279926] MPTCP token hash table entries: 4096 (order: 4, 98304 bytes, linear)
[    1.280039] UDP hash table entries: 2048 (order: 4, 65536 bytes, linear)
[    1.280123] UDP-Lite hash table entries: 2048 (order: 4, 65536 bytes, linear)
[    1.280344] NET: Registered PF_UNIX/PF_LOCAL protocol family
[    1.280829] RPC: Registered named UNIX socket transport module.
[    1.280841] RPC: Registered udp transport module.
[    1.280848] RPC: Registered tcp transport module.
[    1.280856] RPC: Registered tcp NFSv4.1 backchannel transport module.
[    1.280868] NET: Registered PF_XDP protocol family
[    1.280882] PCI: CLS 0 bytes, default 64
[    1.281141] Trying to unpack rootfs image as initramfs...
[    1.923430] hw perfevents: enabled with armv8_pmuv3 PMU driver, 7 counters available
[    1.923871] kvm [1]: IPA Size Limit: 40 bits
[    1.927642] kvm [1]: vgic interrupt IRQ9
[    1.927822] kvm [1]: Hyp mode initialized successfully
[    1.930465] Initialise system trusted keyrings
[    1.930536] Key type blacklist registered
[    1.930700] workingset: timestamp_bits=40 max_order=20 bucket_order=0
[    1.936531] zbud: loaded
[    1.938042] squashfs: version 4.0 (2009/01/31) Phillip Lougher
[    1.939460] NFS: Registering the id_resolver key type
[    1.939513] Key type id_resolver registered
[    1.939523] Key type id_legacy registered
[    1.939616] nfs4filelayout_init: NFSv4 File Layout Driver Registering...
[    1.939634] nfs4flexfilelayout_init: NFSv4 Flexfile Layout Driver Registering...
[    1.939660] jffs2: version 2.2. (NAND) (SUMMARY)  © 2001-2006 Red Hat, Inc.
[    1.940050] fuse: init (API version 7.34)
[    1.940775] integrity: Platform Keyring initialized
[    1.973691] NET: Registered PF_ALG protocol family
[    1.973734] xor: measuring software checksum speed
[    1.977532]    8regs           :  2627 MB/sec
[    1.980753]    32regs          :  3111 MB/sec
[    1.984551]    arm64_neon      :  2607 MB/sec
[    1.984609] xor: using function: 32regs (3111 MB/sec)
[    1.984638] Key type asymmetric registered
[    1.984650] Asymmetric key parser 'x509' registered
[    1.984800] Block layer SCSI generic (bsg) driver version 0.4 loaded (major 239)
[    1.985046] io scheduler mq-deadline registered
[    1.985058] io scheduler kyber registered
[    1.987745] shpchp: Standard Hot Plug PCI Controller Driver version: 0.4
[    2.030485] Serial: 8250/16550 driver, 4 ports, IRQ sharing enabled
[    2.032104] Serial: AMBA driver
[    2.042429] brd: module loaded
[    2.048385] loop: module loaded
[    2.051980] mtdoops: mtd device (mtddev=name/number) must be supplied
[    2.054389] tun: Universal TUN/TAP device driver, 1.6
[    2.055332] PPP generic driver version 2.4.2
[    2.055609] usbcore: registered new interface driver asix
[    2.055677] usbcore: registered new interface driver ax88179_178a
[    2.055710] usbcore: registered new interface driver cdc_ether
[    2.055741] usbcore: registered new interface driver net1080
[    2.055785] usbcore: registered new interface driver cdc_subset
[    2.055818] usbcore: registered new interface driver zaurus
[    2.055862] usbcore: registered new interface driver cdc_ncm
[    2.056542] ehci_hcd: USB 2.0 'Enhanced' Host Controller (EHCI) Driver
[    2.056621] ehci-pci: EHCI PCI platform driver
[    2.056658] ohci_hcd: USB 1.1 'Open' Host Controller (OHCI) Driver
[    2.056674] ohci-pci: OHCI PCI platform driver
[    2.056707] uhci_hcd: USB Universal Host Controller Interface driver
[    2.057159] usbcore: registered new interface driver uas
[    2.057205] usbcore: registered new interface driver usb-storage
[    2.057642] mousedev: PS/2 mouse device common for all mice
[    2.057878] i2c_dev: i2c /dev entries driver
[    2.059436] usbcore: registered new interface driver uvcvideo
[    2.060815] device-mapper: core: CONFIG_IMA_DISABLE_HTABLE is disabled. Duplicate IMA measurements will not be recorded in the IMA log.
[    2.060970] device-mapper: uevent: version 1.0.3
[    2.061237] device-mapper: ioctl: 4.45.0-ioctl (2021-03-22) initialised: dm-devel@redhat.com
[    2.061366] EDAC MC: ECC not enabled
[    2.061537] EDAC DEVICE0: Giving out device to module zynqmp-ocm-edac controller zynqmp_ocm: DEV ff960000.memory-controller (INTERRUPT)
[    2.062662] sdhci: Secure Digital Host Controller Interface driver
[    2.062679] sdhci: Copyright(c) Pierre Ossman
[    2.062686] sdhci-pltfm: SDHCI platform and OF driver helper
[    2.064182] ledtrig-cpu: registered to indicate activity on CPUs
[    2.064469] SMCCC: SOC_ID: ARCH_SOC_ID not implemented, skipping ....
[    2.064603] zynqmp_firmware_probe Platform Management API v1.1
[    2.064617] zynqmp_firmware_probe Trustzone version v1.0
[    2.097381] securefw securefw: securefw probed
[    2.097691] hid: raw HID events driver (C) Jiri Kosina
[    2.102179] fpga_manager fpga0: Xilinx ZynqMP FPGA Manager registered
[    2.102992] usbcore: registered new interface driver snd-usb-audio
[    2.104072] pktgen: Packet Generator for packet performance testing. Version: 2.75
[    2.105934] drop_monitor: Initializing network drop monitor service
[    2.106110] Initializing XFRM netlink socket
[    2.106670] NET: Registered PF_INET6 protocol family
[    2.920182] Freeing initrd memory: 48844K
[    2.948877] Segment Routing with IPv6
[    2.948956] In-situ OAM (IOAM) with IPv6
[    2.949030] NET: Registered PF_PACKET protocol family
[    2.949175] 8021q: 802.1Q VLAN Support v1.8
[    2.949428] Key type dns_resolver registered
[    2.950270] registered taskstats version 1
[    2.950544] Loading compiled-in X.509 certificates
[    2.953224] Loaded X.509 cert 'Build time autogenerated kernel key: ad1332e6fac816d7c10c85b059a20d7204027652'
[    2.955565] Loaded X.509 cert 'Canonical Ltd. Live Patch Signing: 14df34d1a87cf37625abec039ef2bf521249b969'
[    2.957923] Loaded X.509 cert 'Canonical Ltd. Kernel Module Signing: 88f752e560a1e0737e31163a466ad7b70a850c19'
[    2.957939] blacklist: Loading compiled-in revocation X.509 certificates
[    2.958004] Loaded X.509 cert 'Canonical Ltd. Secure Boot Signing: 61482aa2830d0ab2ad5af10b7250da9033ddcef0'
[    2.958094] Loaded X.509 cert 'Canonical Ltd. Secure Boot Signing (2017): 242ade75ac4a15e50d50c84b0d45ff3eae707a03'
[    2.958156] Loaded X.509 cert 'Canonical Ltd. Secure Boot Signing (ESM 2018): 365188c1d374d6b07c3c8f240f8ef722433d6a8b'
[    2.958215] Loaded X.509 cert 'Canonical Ltd. Secure Boot Signing (2019): c0746fd6c5da3ae827864651ad66ae47fe24b3e8'
[    2.958279] Loaded X.509 cert 'Canonical Ltd. Secure Boot Signing (2021 v1): a8d54bbb3825cfb94fa13c9f8a594a195c107b8d'
[    2.958346] Loaded X.509 cert 'Canonical Ltd. Secure Boot Signing (2021 v2): 4cf046892d6fd3c9a5b03f98d845f90851dc6a8c'
[    2.958417] Loaded X.509 cert 'Canonical Ltd. Secure Boot Signing (2021 v3): 100437bb6de6e469b581e61cd66bce3ef4ed53af'
[    2.958489] Loaded X.509 cert 'Canonical Ltd. Secure Boot Signing (Ubuntu Core 2019): c1d57b8f6b743f23ee41f4f7ee292f06eecadfb9'
[    2.958774] zswap: loaded using pool lzo/zbud
[    2.959189] Key type .fscrypt registered
[    2.959199] Key type fscrypt-provisioning registered
[    2.961557] Btrfs loaded, crc32c=crc32c-generic, zoned=yes, fsverity=yes
[    3.055149] cryptd: max_cpu_qlen set to 1000
[    3.084762] Key type encrypted registered
[    3.084803] AppArmor: AppArmor sha1 policy hashing enabled
[    3.084844] ima: No TPM chip found, activating TPM-bypass!
[    3.084905] Loading compiled-in module X.509 certificates
[    3.087306] Loaded X.509 cert 'Build time autogenerated kernel key: ad1332e6fac816d7c10c85b059a20d7204027652'
[    3.087325] ima: Allocated hash algorithm: sha1
[    3.087359] ima: No architecture policies found
[    3.087426] evm: Initialising EVM extended attributes:
[    3.087435] evm: security.selinux
[    3.087442] evm: security.SMACK64
[    3.087449] evm: security.SMACK64EXEC
[    3.087456] evm: security.SMACK64TRANSMUTE
[    3.087463] evm: security.SMACK64MMAP
[    3.087469] evm: security.apparmor
[    3.087476] evm: security.ima
[    3.087482] evm: security.capability
[    3.087489] evm: HMAC attrs: 0x1
[    3.100709] ff010000.serial: ttyPS1 at MMIO 0xff010000 (irq = 51, base_baud = 6249999) is a xuartps
[    4.723863] printk: console [ttyPS1] enabled
[    4.728739] of-fpga-region fpga-full: FPGA Region probed
[    4.735348] xilinx-zynqmp-dma fd500000.dma-controller: ZynqMP DMA driver Probe success
[    4.743545] xilinx-zynqmp-dma fd510000.dma-controller: ZynqMP DMA driver Probe success
[    4.751699] xilinx-zynqmp-dma fd520000.dma-controller: ZynqMP DMA driver Probe success
[    4.759866] xilinx-zynqmp-dma fd530000.dma-controller: ZynqMP DMA driver Probe success
[    4.768027] xilinx-zynqmp-dma fd540000.dma-controller: ZynqMP DMA driver Probe success
[    4.776204] xilinx-zynqmp-dma fd550000.dma-controller: ZynqMP DMA driver Probe success
[    4.784362] xilinx-zynqmp-dma fd560000.dma-controller: ZynqMP DMA driver Probe success
[    4.792529] xilinx-zynqmp-dma fd570000.dma-controller: ZynqMP DMA driver Probe success
[    4.800766] xilinx-zynqmp-dma ffa80000.dma-controller: ZynqMP DMA driver Probe success
[    4.808933] xilinx-zynqmp-dma ffa90000.dma-controller: ZynqMP DMA driver Probe success
[    4.817083] xilinx-zynqmp-dma ffaa0000.dma-controller: ZynqMP DMA driver Probe success
[    4.825271] xilinx-zynqmp-dma ffab0000.dma-controller: ZynqMP DMA driver Probe success
[    4.833433] xilinx-zynqmp-dma ffac0000.dma-controller: ZynqMP DMA driver Probe success
[    4.841620] xilinx-zynqmp-dma ffad0000.dma-controller: ZynqMP DMA driver Probe success
[    4.849778] xilinx-zynqmp-dma ffae0000.dma-controller: ZynqMP DMA driver Probe success
[    4.857969] xilinx-zynqmp-dma ffaf0000.dma-controller: ZynqMP DMA driver Probe success
[    4.866529] xilinx-zynqmp-dpdma fd4c0000.dma-controller: Xilinx DPDMA engine is probed
[    4.876027] macb ff0b0000.ethernet: Not enabling partial store and forward
[    4.883676] macb ff0b0000.ethernet eth0: Defer probe as mdio producer ff0c0000.ethernet is not probed
[    4.911163] macb ff0c0000.ethernet: Not enabling partial store and forward
[    4.916630] zynqmp_pll_disable() clock disable failed for dpll_int, ret = -13
[    4.957815] xilinx-axipmon ffa00000.perf-monitor: Probed Xilinx APM
[    4.964500] xilinx-axipmon fd0b0000.perf-monitor: Probed Xilinx APM
[    4.971058] xilinx-axipmon fd490000.perf-monitor: Probed Xilinx APM
[    4.977617] xilinx-axipmon ffa10000.perf-monitor: Probed Xilinx APM
[    4.986140] cdns-wdt fd4d0000.watchdog: Xilinx Watchdog Timer with timeout 60s
[    4.993727] cdns-wdt ff150000.watchdog: Xilinx Watchdog Timer with timeout 10s
[    5.002488] zynqmp_clk_divider_set_rate() set divider failed for gem_tsu_ref_div1, ret = -13
[    5.011244] macb ff0b0000.ethernet: Not enabling partial store and forward
[    5.018156] macb ff0b0000.ethernet: invalid hw address, using random
[    5.025175] macb ff0b0000.ethernet eth0: Defer probe as mdio producer ff0c0000.ethernet is not probed
[    5.050962] macb ff0c0000.ethernet: Not enabling partial store and forward
[    5.057879] macb ff0c0000.ethernet: invalid hw address, using random
[    5.098744] macb ff0b0000.ethernet: Not enabling partial store and forward
[    5.105690] macb ff0b0000.ethernet: invalid hw address, using random
[    5.112684] macb ff0b0000.ethernet eth0: Defer probe as mdio producer ff0c0000.ethernet is not probed
[    5.138962] macb ff0c0000.ethernet: Not enabling partial store and forward
[    5.145928] macb ff0c0000.ethernet: invalid hw address, using random
[    5.190061] input: gpio-keys as /devices/platform/gpio-keys/input/input0
[    5.197554] of_cfs_init
[    5.198048] macb ff0b0000.ethernet: Not enabling partial store and forward
[    5.200038] of_cfs_init: OK
[    5.206918] macb ff0b0000.ethernet: invalid hw address, using random
[    5.209891] clk: Not disabling unused clocks
[    5.216668] macb ff0b0000.ethernet eth0: Defer probe as mdio producer ff0c0000.ethernet is not probed
[    5.220543] ALSA device list:
[    5.232473]   No soundcards found.
[    5.241574] Freeing unused kernel memory: 6848K
[    5.263354] macb ff0c0000.ethernet: Not enabling partial store and forward
[    5.270287] macb ff0c0000.ethernet: invalid hw address, using random
[    5.338612] Checked W+X mappings: passed, no W+X pages found
[    5.344314] Run /init as init process
[    6.333754] zynqmp-display fd4a0000.display: vtc bridge property not present
[    6.363267] spi-nor spi0.0: mt25qu512a (65536 Kbytes)
[    6.368425] 17 fixed-partitions partitions found on MTD device spi0.0
[    6.374887] Creating 17 MTD partitions on "spi0.0":
[    6.379782] 0x000000000000-0x000000080000 : "Image Selector"
[    6.461974] macb ff0b0000.ethernet: Not enabling partial store and forward
[    6.464814] rtc_zynqmp ffa60000.rtc: registered as rtc0
[    6.465288] at24 1-0050: supply vcc not found, using dummy regulator
[    6.469014] at24 1-0050: 8192 byte 24c64 EEPROM, writable, 1 bytes/write
[    6.469076] macb ff0b0000.ethernet: invalid hw address, using random
[    6.472321] xilinx-dp-snd-codec fd4a0000.display:zynqmp-dp-snd-codec0: Xilinx DisplayPort Sound Codec probed
[    6.474193] rtc_zynqmp ffa60000.rtc: setting system clock to 1970-01-01T00:00:10 UTC (10)
[    6.482709] xilinx-dp-snd-pcm zynqmp_dp_snd_pcm0: Xilinx DisplayPort Sound PCM probed
[    6.486217] macb ff0b0000.ethernet eth0: Defer probe as mdio producer ff0c0000.ethernet is not probed
[    6.513519] at24 1-0051: supply vcc not found, using dummy regulator
[    6.520353] xilinx-dp-snd-pcm zynqmp_dp_snd_pcm1: Xilinx DisplayPort Sound PCM probed
[    6.520593] 0x000000080000-0x000000100000 : "Image Selector Golden"
[    6.522391] 0x000000100000-0x000000120000 : "Persistent Register"
[    6.523710] 0x000000120000-0x000000140000 : "Persistent Register Backup"
[    6.524993] 0x000000140000-0x000000200000 : "Open_1"
[    6.527089] 0x000000200000-0x000000f00000 : "Image A (FSBL, PMU, ATF, U-Boot)"
[    6.529419] 0x000000f00000-0x000000f80000 : "ImgSel Image A Catch"
[    6.539429] at24 1-0051: 8192 byte 24c64 EEPROM, writable, 1 bytes/write
[    6.545592] 0x000000f80000-0x000001c80000 : "Image B (FSBL, PMU, ATF, U-Boot)"
[    6.552291] cdns-i2c ff030000.i2c: 400 kHz mmio ff030000 irq 40
[    6.560180] 0x000001c80000-0x000001d00000 : "ImgSel Image B Catch"
[    6.569032] xilinx-dp-snd-card fd4a0000.display:zynqmp-dp-snd-card: Xilinx DisplayPort Sound Card probed
[    6.616919] OF: graph: no port node found in /axi/display@fd4a0000
[    6.638807] xlnx-drm xlnx-drm.0: bound fd4a0000.display (ops zynqmp_dpsub_component_ops [zynqmp_dpsub])
[    6.705727] macb ff0c0000.ethernet: Not enabling partial store and forward
[    6.712730] macb ff0c0000.ethernet: invalid hw address, using random
[    6.767901] 0x000001d00000-0x000001e00000 : "Open_2"
[    6.774800] 0x000001e00000-0x000002000000 : "Recovery Image"
[    6.781942] macb ff0c0000.ethernet eth0: Cadence GEM rev 0x50070106 at 0xff0c0000 irq 38 (6a:86:5c:1a:61:96)
[    6.782214] 0x000002000000-0x000002200000 : "Recovery Image Backup"
[    6.803652] 0x000002200000-0x000002220000 : "U-Boot storage variables"
[    6.815638] 0x000002220000-0x000002240000 : "U-Boot storage variables backup"
[    6.827342] 0x000002240000-0x000002280000 : "SHA256"
[    6.835471] 0x000002280000-0x0000022a0000 : "Secure OS Storage"
[    6.842929] 0x0000022a0000-0x000004000000 : "User"
[    6.873158] xhci-hcd xhci-hcd.1.auto: xHCI Host Controller
[    6.878813] xhci-hcd xhci-hcd.1.auto: new USB bus registered, assigned bus number 1
[    6.886656] xhci-hcd xhci-hcd.1.auto: hcc params 0x0238f625 hci version 0x100 quirks 0x0000000002010890
[    6.896197] xhci-hcd xhci-hcd.1.auto: irq 58, io mem 0xfe200000
[    6.902369] xhci-hcd xhci-hcd.1.auto: xHCI Host Controller
[    6.907897] xhci-hcd xhci-hcd.1.auto: new USB bus registered, assigned bus number 2
[    6.915604] xhci-hcd xhci-hcd.1.auto: Host supports USB 3.0 SuperSpeed
[    6.922333] usb usb1: New USB device found, idVendor=1d6b, idProduct=0002, bcdDevice= 5.15
[    6.930655] usb usb1: New USB device strings: Mfr=3, Product=2, SerialNumber=1
[    6.937903] usb usb1: Product: xHCI Host Controller
[    6.942794] usb usb1: Manufacturer: Linux 5.15.0-1027-xilinx-zynqmp xhci-hcd
[    6.949846] usb usb1: SerialNumber: xhci-hcd.1.auto
[    6.956958] hub 1-0:1.0: USB hub found
[    6.960783] hub 1-0:1.0: 1 port detected
[    6.971941] usb usb2: New USB device found, idVendor=1d6b, idProduct=0003, bcdDevice= 5.15
[    6.980269] usb usb2: New USB device strings: Mfr=3, Product=2, SerialNumber=1
[    6.987519] usb usb2: Product: xHCI Host Controller
[    6.992410] usb usb2: Manufacturer: Linux 5.15.0-1027-xilinx-zynqmp xhci-hcd
[    6.999484] usb usb2: SerialNumber: xhci-hcd.1.auto
[    7.008457] hub 2-0:1.0: USB hub found
[    7.012295] hub 2-0:1.0: 1 port detected
[    7.101681] xhci-hcd xhci-hcd.2.auto: xHCI Host Controller
[    7.107245] xhci-hcd xhci-hcd.2.auto: new USB bus registered, assigned bus number 3
[    7.115223] xhci-hcd xhci-hcd.2.auto: hcc params 0x0238f625 hci version 0x100 quirks 0x0000000002010890
[    7.124803] xhci-hcd xhci-hcd.2.auto: irq 61, io mem 0xfe300000
[    7.130935] xhci-hcd xhci-hcd.2.auto: xHCI Host Controller
[    7.136493] xhci-hcd xhci-hcd.2.auto: new USB bus registered, assigned bus number 4
[    7.144203] xhci-hcd xhci-hcd.2.auto: Host supports USB 3.0 SuperSpeed
[    7.150935] usb usb3: New USB device found, idVendor=1d6b, idProduct=0002, bcdDevice= 5.15
[    7.159258] usb usb3: New USB device strings: Mfr=3, Product=2, SerialNumber=1
[    7.166510] usb usb3: Product: xHCI Host Controller
[    7.171401] usb usb3: Manufacturer: Linux 5.15.0-1027-xilinx-zynqmp xhci-hcd
[    7.178469] usb usb3: SerialNumber: xhci-hcd.2.auto
[    7.184855] hub 3-0:1.0: USB hub found
[    7.188845] hub 3-0:1.0: 1 port detected
[    7.193334] usb usb4: New USB device found, idVendor=1d6b, idProduct=0003, bcdDevice= 5.15
[    7.196532] i2c i2c-1: Added multiplexed i2c bus 3
[    7.201625] usb usb4: New USB device strings: Mfr=3, Product=2, SerialNumber=1
[    7.201635] usb usb4: Product: xHCI Host Controller
[    7.201640] usb usb4: Manufacturer: Linux 5.15.0-1027-xilinx-zynqmp xhci-hcd
[    7.207031] i2c i2c-1: Added multiplexed i2c bus 4
[    7.213682] usb usb4: SerialNumber: xhci-hcd.2.auto
[    7.216492] hub 4-0:1.0: USB hub found
[    7.220732] i2c i2c-1: Added multiplexed i2c bus 5
[    7.226005] hub 4-0:1.0: 1 port detected
[    7.235743] i2c i2c-1: Added multiplexed i2c bus 6
[    7.245172] macb ff0b0000.ethernet: Not enabling partial store and forward
[    7.256759] pca954x 1-0074: registered 4 multiplexed busses for I2C switch pca9546
[    7.259720] macb ff0b0000.ethernet: invalid hw address, using random
[    7.312648] usb 1-1: new high-speed USB device number 2 using xhci-hcd
[    7.333359] da9121 1-0033: Device detected (device-ID: 0x05, var-ID: 0x21, DA9131)
[    7.388996] da9121 1-0032: Device detected (device-ID: 0x05, var-ID: 0x20, DA9130)
[    7.465516] usb 1-1: New USB device found, idVendor=0424, idProduct=2744, bcdDevice= 2.21
[    7.473791] usb 1-1: New USB device strings: Mfr=1, Product=2, SerialNumber=0
[    7.480964] usb 1-1: Product: USB2744
[    7.484668] usb 1-1: Manufacturer: Microchip Tech
[    7.548610] usb 3-1: new high-speed USB device number 2 using xhci-hcd
[    7.562573] hub 1-1:1.0: USB hub found
[    7.566477] hub 1-1:1.0: 4 ports detected
[    7.594344] usb 2-1: new SuperSpeed USB device number 2 using xhci-hcd
[    7.621156] usb 2-1: New USB device found, idVendor=0424, idProduct=5744, bcdDevice= 2.21
[    7.629457] usb 2-1: New USB device strings: Mfr=2, Product=3, SerialNumber=0
[    7.636637] usb 2-1: Product: USB5744
[    7.640334] usb 2-1: Manufacturer: Microchip Tech
[    7.665300] macb ff0b0000.ethernet eth1: Cadence GEM rev 0x50070106 at 0xff0b0000 irq 37 (06:57:40:0d:90:12)
[    7.705434] usb 3-1: New USB device found, idVendor=0424, idProduct=2744, bcdDevice= 2.21
[    7.713707] usb 3-1: New USB device strings: Mfr=1, Product=2, SerialNumber=0
[    7.720862] usb 3-1: Product: USB2744
[    7.724530] usb 3-1: Manufacturer: Microchip Tech
[    7.729571] hub 2-1:1.0: USB hub found
[    7.733490] hub 2-1:1.0: 3 ports detected
[    7.736679] zynqmp-display fd4a0000.display: [drm] Cannot find any crtc or sizes
[    7.745771] [drm] Initialized xlnx 1.0.0 20130509 for fd4a0000.display on minor 0
[    7.753709] zynqmp-display fd4a0000.display: ZynqMP DisplayPort Subsystem driver probed
[    7.791808] hub 3-1:1.0: USB hub found
[    7.795822] hub 3-1:1.0: 3 ports detected
[    7.804584] random: crng init done
[    7.854930] usb 4-1: new SuperSpeed USB device number 2 using xhci-hcd
[    7.881116] usb 4-1: New USB device found, idVendor=0424, idProduct=5744, bcdDevice= 2.21
[    7.889327] usb 4-1: New USB device strings: Mfr=2, Product=3, SerialNumber=0
[    7.896472] usb 4-1: Product: USB5744
[    7.900131] usb 4-1: Manufacturer: Microchip Tech
[    7.932593] usb 1-1.1: new high-speed USB device number 3 using xhci-hcd
[    7.967053] hub 4-1:1.0: USB hub found
[    7.971016] hub 4-1:1.0: 2 ports detected
[    8.050969] usb 1-1.1: New USB device found, idVendor=0424, idProduct=2240, bcdDevice= 1.98
[    8.059351] usb 1-1.1: New USB device strings: Mfr=1, Product=2, SerialNumber=3
[    8.066667] usb 1-1.1: Product: Ultra Fast Media 
[    8.071371] usb 1-1.1: Manufacturer: Generic
[    8.075649] usb 1-1.1: SerialNumber: 000000225001
[    8.082199] usb-storage 1-1.1:1.0: USB Mass Storage device detected
[    8.089114] scsi host0: usb-storage 1-1.1:1.0
[    8.156582] usb 3-1.3: new high-speed USB device number 3 using xhci-hcd
[    8.172640] usb 1-1.4: new high-speed USB device number 4 using xhci-hcd
[    8.261737] usb 3-1.3: New USB device found, idVendor=0424, idProduct=2740, bcdDevice= 2.00
[    8.270118] usb 3-1.3: New USB device strings: Mfr=1, Product=2, SerialNumber=0
[    8.277428] usb 3-1.3: Product: Hub Controller
[    8.277602] usb 1-1.4: New USB device found, idVendor=0424, idProduct=2740, bcdDevice= 2.00
[    8.281873] usb 3-1.3: Manufacturer: Microchip Tech
[    8.290231] usb 1-1.4: New USB device strings: Mfr=1, Product=2, SerialNumber=0
[    8.302405] usb 1-1.4: Product: Hub Controller
[    8.306855] usb 1-1.4: Manufacturer: Microchip Tech
[    9.097603] scsi 0:0:0:0: Direct-Access     Generic  Ultra HS-COMBO   1.98 PQ: 0 ANSI: 0
[    9.106471] sd 0:0:0:0: Attached scsi generic sg0 type 0
[    9.107549] sd 0:0:0:0: [sda] 31116288 512-byte logical blocks: (15.9 GB/14.8 GiB)
[    9.119969] sd 0:0:0:0: [sda] Write Protect is off
[    9.125447] sd 0:0:0:0: [sda] No Caching mode page found
[    9.130763] sd 0:0:0:0: [sda] Assuming drive cache: write through
[    9.143841]  sda: sda1 sda2
[    9.148826] sd 0:0:0:0: [sda] Attached SCSI removable disk
[    9.803432] async_tx: api initialized (async)
[   10.834285] EXT4-fs (sda2): mounted filesystem with ordered data mode. Opts: (null). Quota mode: none.
[   12.014891] systemd[1]: System time before build time, advancing clock.
[   12.113766] systemd[1]: Inserted module 'autofs4'
[   12.246443] systemd[1]: systemd 249.11-0ubuntu3.12 running in system mode (+PAM +AUDIT +SELINUX +APPARMOR +IMA +SMACK +SECCOMP +GCRYPT +GNUTLS +OPENSSL +ACL +BLKID +CURL +ELFUTILS +FIDO2 +IDN2 -IDN +IPTC +KMOD +LIBCRYPTSETUP +LIBFDISK +PCRE2 -PWQUALITY -P11KIT -QRENCODE +BZIP2 +LZ4 +XZ +ZLIB +ZSTD -XKBCOMMON +UTMP +SYSVINIT default-hierarchy=unified)
[   12.278041] systemd[1]: Detected architecture arm64.
[   12.287653] systemd[1]: Hostname set to <ubuntu>.
[   12.323576] systemd[1]: Initializing machine ID from random generator.
[   12.330255] systemd[1]: Installed transient /etc/machine-id file.
[   14.875356] systemd[1]: Queued start job for default target Graphical Interface.
[   14.887490] systemd[1]: Created slice Slice /system/modprobe.
[   14.895073] systemd[1]: Created slice Slice /system/serial-getty.
[   14.902857] systemd[1]: Created slice Slice /system/systemd-fsck.
[   14.909931] systemd[1]: Created slice User and Session Slice.
[   14.916119] systemd[1]: Started Dispatch Password Requests to Console Directory Watch.
[   14.924425] systemd[1]: Started Forward Password Requests to Wall Directory Watch.
[   14.932998] systemd[1]: Set up automount Arbitrary Executable File Formats File System Automount Point.
[   14.942693] systemd[1]: Reached target Local Encrypted Volumes.
[   14.949029] systemd[1]: Reached target Slice Units.
[   14.954082] systemd[1]: Reached target Mounting snaps.
[   14.959398] systemd[1]: Reached target Swaps.
[   14.963974] systemd[1]: Reached target Local Verity Protected Volumes.
[   14.970980] systemd[1]: Listening on Device-mapper event daemon FIFOs.
[   14.978084] systemd[1]: Listening on LVM2 poll daemon socket.
[   14.984368] systemd[1]: Listening on multipathd control socket.
[   15.003530] systemd[1]: Listening on RPCbind Server Activation Socket.
[   15.011075] systemd[1]: Listening on Syslog Socket.
[   15.016525] systemd[1]: Listening on fsck to fsckd communication Socket.
[   15.023621] systemd[1]: Listening on initctl Compatibility Named Pipe.
[   15.031047] systemd[1]: Listening on Journal Audit Socket.
[   15.037162] systemd[1]: Listening on Journal Socket (/dev/log).
[   15.043707] systemd[1]: Listening on Journal Socket.
[   15.049590] systemd[1]: Listening on udev Control Socket.
[   15.055505] systemd[1]: Listening on udev Kernel Socket.
[   15.063938] systemd[1]: Mounting Huge Pages File System...
[   15.072875] systemd[1]: Mounting POSIX Message Queue File System...
[   15.082762] systemd[1]: Mounting Kernel Debug File System...
[   15.092273] systemd[1]: Mounting Kernel Trace File System...
[   15.104114] systemd[1]: Starting Journal Service...
[   15.109749] systemd[1]: Condition check resulted in Kernel Module supporting RPCSEC_GSS being skipped.
[   15.123409] systemd[1]: Starting Set the console keyboard layout...
[   15.134230] systemd[1]: Starting Create List of Static Device Nodes...
[   15.144890] systemd[1]: Starting Monitoring of LVM2 mirrors, snapshots etc. using dmeventd or progress polling...
[   15.155702] systemd[1]: Condition check resulted in LXD - agent being skipped.
[   15.167130] systemd[1]: Starting Load Kernel Module configfs...
[   15.177717] systemd[1]: Starting Load Kernel Module drm...
[   15.187511] systemd[1]: Starting Load Kernel Module efi_pstore...
[   15.197910] systemd[1]: Starting Load Kernel Module fuse...
[   15.208197] systemd[1]: Starting File System Check on Root Device...
[   15.232889] systemd[1]: Starting Load Kernel Modules...
[   15.243581] systemd[1]: Starting Coldplug All udev Devices...
[   15.257614] systemd[1]: Mounted Huge Pages File System.
[   15.263638] systemd[1]: Mounted POSIX Message Queue File System.
[   15.270442] systemd[1]: Mounted Kernel Debug File System.
[   15.276944] systemd[1]: Mounted Kernel Trace File System.
[   15.284062] systemd[1]: Finished Create List of Static Device Nodes.
[   15.292134] systemd[1]: modprobe@configfs.service: Deactivated successfully.
[   15.300334] systemd[1]: Finished Load Kernel Module configfs.
[   15.307567] systemd[1]: modprobe@drm.service: Deactivated successfully.
[   15.315452] systemd[1]: Finished Load Kernel Module drm.
[   15.322457] systemd[1]: modprobe@efi_pstore.service: Deactivated successfully.
[   15.331173] systemd[1]: Finished Load Kernel Module efi_pstore.
[   15.339188] systemd[1]: modprobe@fuse.service: Deactivated successfully.
[   15.347306] systemd[1]: Finished Load Kernel Module fuse.
[   15.362425] dmaproxy: module is from the staging directory, the quality is unknown, you have been warned.
[   15.372254] systemd[1]: Mounting FUSE Control File System...
[   15.382132] systemd[1]: Mounting Kernel Configuration File System...
[   15.392510] systemd[1]: Started File System Check Daemon to report status.
[   15.403406] systemd[1]: Started Journal Service.
[   15.549754] EXT4-fs (sda2): re-mounted. Opts: discard,errors=remount-ro. Quota mode: none.
[   15.599776] systemd-journald[553]: Received client request to flush runtime journal.
[   15.645518] alua: device handler registered
[   15.658483] emc: device handler registered
[   15.675650] rdac: device handler registered
[   17.412595] tpm tpm0: A TPM error (256) occurred attempting the self test
[   74.662649] OF: overlay: WARNING: memory leak will occur if overlay removed, property: /fpga-full/firmware-name
[   74.672802] OF: overlay: WARNING: memory leak will occur if overlay removed, property: /fpga-full/resets

Ubuntu 22.04.4 LTS kria ttyPS1

kria login: ubuntu
Password: 
You are required to change your password immediately (administrator enforced).
Changing password for ubuntu.
Current password: 

Authentication token manipulat
Ubuntu 22.04.4 LTS kria ttyPS1

kria login: ubuntu
Password: 

Login incorrect
kria login: ubuntu
Password: 

Login incorrect
kria login: ubuntu
Password: 
You are required to change your password immediately (administrator enforced).
Changing password for ubuntu.
Current password: 

Authentication token manipulat�
Ubuntu 22.04.4 LTS kria ttyPS1

kria login: ubuntu
Password: 
You are required to change your password immediately (administrator enforced).
Changing password for ubuntu.
Current password: 
New password: 
Retype new password: 
Welcome to Ubuntu 22.04.4 LTS (GNU/Linux 5.15.0-1027-xilinx-zynqmp aarch64)

 * Documentation:  https://help.ubuntu.com
 * Management:     https://landscape.canonical.com
 * Support:        https://ubuntu.com/pro

  System information as of Tue Nov 21 21:02:48 UTC 2023

  System load: 0.16259765625      Memory usage: 10%   Processes:       209
  Usage of /:  38.4% of 13.52GB   Swap usage:   0%    Users logged in: 0

Expanded Security Maintenance for Applications is not enabled.

1 update can be applied immediately.
1 of these updates is a standard security update.
To see these additional updates run: apt list --upgradable

Enable ESM Apps to receive additional future security updates.
See https://ubuntu.com/esm or run: sudo pro status



The programs included with the Ubuntu system are free software;
the exact distribution terms for each program are described in the
individual files in /usr/share/doc/*/copyright.

Ubuntu comes with ABSOLUTELY NO WARRANTY, to the extent permitted by
applicable law.

To run a command as administrator (user "root"), use "sudo <command>".
See "man sudo_root" for details.

ubuntu@kria:~$ 
ubuntu@kria:~$ 
ubuntu@kria:~$ sudo snap install xlnx-config --classic --channel=2.x
[sudo] password for ubuntu: 
Setup snap "xlnx-config" (28) security profiles                                -






petalinux
^C
^Z
[1]+  Stopped                 sudo snap install xlnx-config --classic --channel=2.x
ubuntu@kria:~$ 
ubuntu@kria:~$ 
ubuntu@kria:~$ sudo snap install xlnx-config --classic --channel=2.x
[sudo] password for ubuntu: 





snap "xlnx-config" is already installed, see 'snap help refresh'
ubuntu@kria:~$ xlnx-config.sysinit
xlnx-config.sysinit: command not found
ubuntu@kria:~$ sudo snap install xlnx-config --classic --channel=2.x



xlnx-config (2.x/stable) 2.0 from Xilinx (xlnx✓) installed
ubuntu@kria:~$ xlnx-config.sysinit


 *********************************************************************
 Welcome to the Xilinx Environment setup script for Ubuntu!   

 The purpose of this script to set the system environment up 
 after the Xilinx Ubuntu image as been booted for the first time.
 The following options will be presented: 

 1) Configure Xilinx Package Repositories
 2) Upgrade the packages in the system

 These actions require the board to be connected to the internet 

*********************************************************************

Do you want to continue?  [Y/n] y


 Xilinx maintains multiple Personal Package Archives (PPAs) for libraries and 
 applications targeting Ubuntu. 

 Would you like to add the Xilinx PPAs into the list of package repositories? [Y/n] y

 Adding ubuntu-xilinx/sdk and xilinx-apps/ppa to the system and running 'apt update'

PPA publishes dbgsym, you may need to include 'main/debug' component
Repository: 'deb https://ppa.launchpadcontent.net/ubuntu-xilinx/sdk/ubuntu/ jammy main'
Description:
Collection of software that is useful for developers using Ubuntu on Xilinx hardware
More info: https://launchpad.net/~ubuntu-xilinx/+archive/ubuntu/sdk
Adding repository.
Press [ENTER] to continue or Ctrl-c to cancel.
Adding deb entry to /etc/apt/sources.list.d/ubuntu-xilinx-ubuntu-sdk-jammy.list
Adding disabled deb-src entry to /etc/apt/sources.list.d/ubuntu-xilinx-ubuntu-sdk-jammy.list
Adding key to /etc/apt/trusted.gpg.d/ubuntu-xilinx-ubuntu-sdk.gpg with fingerprint 803DDF595EA7B6644F9B96B752150A179A9E84C9
Hit:1 http://ports.ubuntu.com/ubuntu-ports jammy InRelease                     
Get:2 http://oem.archive.canonical.com/updates jammy-limerick InRelease [4813 B]
Get:3 http://ports.ubuntu.com/ubuntu-ports jammy-updates InRelease [128 kB]    
Get:4 https://ppa.launchpadcontent.net/ubuntu-xilinx/sdk/ubuntu jammy InRelease [24.3 kB]
Get:5 http://oem.archive.canonical.com/updates jammy-limerick/public arm64 Packages [12.1 kB]
Get:6 http://ports.ubuntu.com/ubuntu-ports jammy-backports InRelease [127 kB]  
Get:7 https://ppa.launchpadcontent.net/ubuntu-xilinx/sdk/ubuntu jammy/main arm64 Packages [3344 B]
Get:8 http://ports.ubuntu.com/ubuntu-ports jammy-security InRelease [129 kB]   
Get:9 https://ppa.launchpadcontent.net/ubuntu-xilinx/sdk/ubuntu jammy/main Translation-en [2184 B]
Get:10 http://ports.ubuntu.com/ubuntu-ports jammy/main arm64 DEP-11 Metadata [423 kB]
Get:11 http://ports.ubuntu.com/ubuntu-ports jammy/main DEP-11 48x48 Icons [100.0 kB]
Get:12 http://ports.ubuntu.com/ubuntu-ports jammy/main DEP-11 64x64 Icons [148 kB]
Get:13 http://ports.ubuntu.com/ubuntu-ports jammy/main DEP-11 64x64@2 Icons [15.8 kB]
Get:14 http://ports.ubuntu.com/ubuntu-ports jammy/universe arm64 Packages [13.9 MB]
Get:15 http://ports.ubuntu.com/ubuntu-ports jammy/universe Translation-en [5652 kB]
Get:16 http://ports.ubuntu.com/ubuntu-ports jammy/universe arm64 DEP-11 Metadata [3360 kB]
Get:17 http://ports.ubuntu.com/ubuntu-ports jammy/universe DEP-11 48x48 Icons [3447 kB]
Get:18 http://ports.ubuntu.com/ubuntu-ports jammy/universe DEP-11 64x64 Icons [7609 kB]
Get:19 http://ports.ubuntu.com/ubuntu-ports jammy/universe DEP-11 64x64@2 Icons [69.3 kB]
Get:20 http://ports.ubuntu.com/ubuntu-ports jammy/universe arm64 c-n-f Metadata [277 kB]
Get:21 http://ports.ubuntu.com/ubuntu-ports jammy/multiverse arm64 Packages [184 kB]
Get:22 http://ports.ubuntu.com/ubuntu-ports jammy/multiverse Translation-en [112 kB]
Get:23 http://ports.ubuntu.com/ubuntu-ports jammy/multiverse arm64 DEP-11 Metadata [38.8 kB]
Get:24 http://ports.ubuntu.com/ubuntu-ports jammy/multiverse DEP-11 48x48 Icons [42.7 kB]
Get:25 http://ports.ubuntu.com/ubuntu-ports jammy/multiverse DEP-11 64x64 Icons [193 kB]
Get:26 http://ports.ubuntu.com/ubuntu-ports jammy/multiverse DEP-11 64x64@2 Icons [214 B]
Get:27 http://ports.ubuntu.com/ubuntu-ports jammy/multiverse arm64 c-n-f Metadata [7064 B]
Get:28 http://ports.ubuntu.com/ubuntu-ports jammy-updates/main arm64 Packages [1538 kB]
Get:29 http://ports.ubuntu.com/ubuntu-ports jammy-updates/main Translation-en [324 kB]
Get:30 http://ports.ubuntu.com/ubuntu-ports jammy-updates/main arm64 DEP-11 Metadata [103 kB]
Get:31 http://ports.ubuntu.com/ubuntu-ports jammy-updates/main DEP-11 48x48 Icons [37.5 kB]
Get:32 http://ports.ubuntu.com/ubuntu-ports jammy-updates/main DEP-11 64x64 Icons [56.8 kB]
Get:33 http://ports.ubuntu.com/ubuntu-ports jammy-updates/main DEP-11 64x64@2 Icons [29 B]
Get:34 http://ports.ubuntu.com/ubuntu-ports jammy-updates/restricted arm64 Packages [1585 kB]
Get:35 http://ports.ubuntu.com/ubuntu-ports jammy-updates/restricted Translation-en [352 kB]
Get:36 http://ports.ubuntu.com/ubuntu-ports jammy-updates/restricted arm64 DEP-11 Metadata [212 B]
Get:37 http://ports.ubuntu.com/ubuntu-ports jammy-updates/restricted DEP-11 48x48 Icons [29 B]
Get:38 http://ports.ubuntu.com/ubuntu-ports jammy-updates/restricted DEP-11 64x64 Icons [29 B]
Get:39 http://ports.ubuntu.com/ubuntu-ports jammy-updates/restricted DEP-11 64x64@2 Icons [29 B]
Get:40 http://ports.ubuntu.com/ubuntu-ports jammy-updates/universe arm64 Packages [1037 kB]
Get:41 http://ports.ubuntu.com/ubuntu-ports jammy-updates/universe Translation-en [253 kB]
Get:42 http://ports.ubuntu.com/ubuntu-ports jammy-updates/universe arm64 DEP-11 Metadata [338 kB]
Get:43 http://ports.ubuntu.com/ubuntu-ports jammy-updates/universe DEP-11 48x48 Icons [227 kB]
Get:44 http://ports.ubuntu.com/ubuntu-ports jammy-updates/universe DEP-11 64x64 Icons [364 kB]
Get:45 http://ports.ubuntu.com/ubuntu-ports jammy-updates/universe DEP-11 64x64@2 Icons [29 B]
Get:46 http://ports.ubuntu.com/ubuntu-ports jammy-updates/universe arm64 c-n-f Metadata [19.4 kB]
Get:47 http://ports.ubuntu.com/ubuntu-ports jammy-updates/multiverse arm64 Packages [24.9 kB]
Get:48 http://ports.ubuntu.com/ubuntu-ports jammy-updates/multiverse Translation-en [10.8 kB]
Get:49 http://ports.ubuntu.com/ubuntu-ports jammy-updates/multiverse arm64 DEP-11 Metadata [212 B]
Get:50 http://ports.ubuntu.com/ubuntu-ports jammy-updates/multiverse DEP-11 48x48 Icons [1867 B]
Get:51 http://ports.ubuntu.com/ubuntu-ports jammy-updates/multiverse DEP-11 64x64 Icons [2497 B]
Get:52 http://ports.ubuntu.com/ubuntu-ports jammy-updates/multiverse DEP-11 64x64@2 Icons [29 B]
Get:53 http://ports.ubuntu.com/ubuntu-ports jammy-updates/multiverse arm64 c-n-f Metadata [260 B]
Get:54 http://ports.ubuntu.com/ubuntu-ports jammy-backports/main arm64 Packages [66.8 kB]
Get:55 http://ports.ubuntu.com/ubuntu-ports jammy-backports/main Translation-en [11.0 kB]
Get:56 http://ports.ubuntu.com/ubuntu-ports jammy-backports/main arm64 DEP-11 Metadata [3496 B]
Get:57 http://ports.ubuntu.com/ubuntu-ports jammy-backports/main DEP-11 48x48 Icons [16.1 kB]
Get:58 http://ports.ubuntu.com/ubuntu-ports jammy-backports/main DEP-11 64x64 Icons [21.3 kB]
Get:59 http://ports.ubuntu.com/ubuntu-ports jammy-backports/main DEP-11 64x64@2 Icons [29 B]
Get:60 http://ports.ubuntu.com/ubuntu-ports jammy-backports/main arm64 c-n-f Metadata [388 B]
Get:61 http://ports.ubuntu.com/ubuntu-ports jammy-backports/restricted arm64 DEP-11 Metadata [212 B]
Get:62 http://ports.ubuntu.com/ubuntu-ports jammy-backports/restricted DEP-11 48x48 Icons [29 B]
Get:63 http://ports.ubuntu.com/ubuntu-ports jammy-backports/restricted DEP-11 64x64 Icons [29 B]
Get:64 http://ports.ubuntu.com/ubuntu-ports jammy-backports/restricted DEP-11 64x64@2 Icons [29 B]
Get:65 http://ports.ubuntu.com/ubuntu-ports jammy-backports/restricted arm64 c-n-f Metadata [116 B]
Get:66 http://ports.ubuntu.com/ubuntu-ports jammy-backports/universe arm64 Packages [26.0 kB]
Get:67 http://ports.ubuntu.com/ubuntu-ports jammy-backports/universe Translation-en [16.5 kB]
Get:68 http://ports.ubuntu.com/ubuntu-ports jammy-backports/universe arm64 DEP-11 Metadata [20.8 kB]
Get:69 http://ports.ubuntu.com/ubuntu-ports jammy-backports/universe DEP-11 48x48 Icons [15.7 kB]
Get:70 http://ports.ubuntu.com/ubuntu-ports jammy-backports/universe DEP-11 64x64 Icons [25.6 kB]
Get:71 http://ports.ubuntu.com/ubuntu-ports jammy-backports/universe DEP-11 64x64@2 Icons [29 B]
Get:72 http://ports.ubuntu.com/ubuntu-ports jammy-backports/universe arm64 c-n-f Metadata [572 B]
Get:73 http://ports.ubuntu.com/ubuntu-ports jammy-backports/multiverse arm64 DEP-11 Metadata [212 B]
Get:74 http://ports.ubuntu.com/ubuntu-ports jammy-backports/multiverse DEP-11 48x48 Icons [29 B]
Get:75 http://ports.ubuntu.com/ubuntu-ports jammy-backports/multiverse DEP-11 64x64 Icons [29 B]
Get:76 http://ports.ubuntu.com/ubuntu-ports jammy-backports/multiverse DEP-11 64x64@2 Icons [29 B]
Get:77 http://ports.ubuntu.com/ubuntu-ports jammy-backports/multiverse arm64 c-n-f Metadata [116 B]
Get:78 http://ports.ubuntu.com/ubuntu-ports jammy-security/main arm64 Packages [1337 kB]
Get:79 http://ports.ubuntu.com/ubuntu-ports jammy-security/main Translation-en [266 kB]
Get:80 http://ports.ubuntu.com/ubuntu-ports jammy-security/main arm64 DEP-11 Metadata [43.1 kB]
Get:81 http://ports.ubuntu.com/ubuntu-ports jammy-security/main DEP-11 48x48 Icons [16.9 kB]
Get:82 http://ports.ubuntu.com/ubuntu-ports jammy-security/main DEP-11 64x64 Icons [26.5 kB]
Get:83 http://ports.ubuntu.com/ubuntu-ports jammy-security/main DEP-11 64x64@2 Icons [29 B]
Get:84 http://ports.ubuntu.com/ubuntu-ports jammy-security/restricted arm64 Packages [1533 kB]
Get:85 http://ports.ubuntu.com/ubuntu-ports jammy-security/restricted Translation-en [342 kB]
Get:86 http://ports.ubuntu.com/ubuntu-ports jammy-security/restricted arm64 DEP-11 Metadata [208 B]
Get:87 http://ports.ubuntu.com/ubuntu-ports jammy-security/restricted DEP-11 48x48 Icons [29 B]
Get:88 http://ports.ubuntu.com/ubuntu-ports jammy-security/restricted DEP-11 64x64 Icons [29 B]
Get:89 http://ports.ubuntu.com/ubuntu-ports jammy-security/restricted DEP-11 64x64@2 Icons [29 B]
Get:90 http://ports.ubuntu.com/ubuntu-ports jammy-security/universe arm64 Packages [825 kB]
Get:91 http://ports.ubuntu.com/ubuntu-ports jammy-security/universe Translation-en [170 kB]
Get:92 http://ports.ubuntu.com/ubuntu-ports jammy-security/universe arm64 DEP-11 Metadata [88.7 kB]
Get:93 http://ports.ubuntu.com/ubuntu-ports jammy-security/universe DEP-11 48x48 Icons [41.0 kB]
Get:94 http://ports.ubuntu.com/ubuntu-ports jammy-security/universe DEP-11 64x64 Icons [62.8 kB]
Get:95 http://ports.ubuntu.com/ubuntu-ports jammy-security/universe DEP-11 64x64@2 Icons [29 B]
Get:96 http://ports.ubuntu.com/ubuntu-ports jammy-security/universe arm64 c-n-f Metadata [14.2 kB]
Get:97 http://ports.ubuntu.com/ubuntu-ports jammy-security/multiverse arm64 Packages [20.3 kB]
Get:98 http://ports.ubuntu.com/ubuntu-ports jammy-security/multiverse Translation-en [7588 B]
Get:99 http://ports.ubuntu.com/ubuntu-ports jammy-security/multiverse arm64 DEP-11 Metadata [208 B]
Get:100 http://ports.ubuntu.com/ubuntu-ports jammy-security/multiverse DEP-11 48x48 Icons [29 B]
Get:101 http://ports.ubuntu.com/ubuntu-ports jammy-security/multiverse DEP-11 64x64 Icons [29 B]
Get:102 http://ports.ubuntu.com/ubuntu-ports jammy-security/multiverse DEP-11 64x64@2 Icons [29 B]
Get:103 http://ports.ubuntu.com/ubuntu-ports jammy-security/multiverse arm64 c-n-f Metadata [236 B]
Fetched 47.3 MB in 55s (855 kB/s)                                              



Reading package lists... Done
Repository: 'deb https://ppa.launchpadcontent.net/xilinx-apps/ppa/ubuntu/ jammy main'
Description:
This is the main archive for the Xilinx Apps demos.

Note that the packages hosted here contain pre-built bitstreams and pre-built binaries, and potentially non-free code, but under a license allowing redistribution.
More info: https://launchpad.net/~xilinx-apps/+archive/ubuntu/ppa
Adding repository.
Press [ENTER] to continue or Ctrl-c to cancel.
Adding deb entry to /etc/apt/sources.list.d/xilinx-apps-ubuntu-ppa-jammy.list
Adding disabled deb-src entry to /etc/apt/sources.list.d/xilinx-apps-ubuntu-ppa-jammy.list
Adding key to /etc/apt/trusted.gpg.d/xilinx-apps-ubuntu-ppa.gpg with fingerprint 327DCDBF661D04B5150656FE8FF9183FC8396160
Hit:1 http://ports.ubuntu.com/ubuntu-ports jammy InRelease
Hit:2 http://ports.ubuntu.com/ubuntu-ports jammy-updates InRelease             
Hit:3 http://oem.archive.canonical.com/updates jammy-limerick InRelease        
Hit:4 http://ports.ubuntu.com/ubuntu-ports jammy-backports InRelease           
Hit:5 http://ports.ubuntu.com/ubuntu-ports jammy-security InRelease            
Hit:6 https://ppa.launchpadcontent.net/ubuntu-xilinx/sdk/ubuntu jammy InRelease
Get:7 https://ppa.launchpadcontent.net/xilinx-apps/ppa/ubuntu jammy InRelease [18.1 kB]
Get:8 https://ppa.launchpadcontent.net/xilinx-apps/ppa/ubuntu jammy/main arm64 Packages [4616 B]
Get:9 https://ppa.launchpadcontent.net/xilinx-apps/ppa/ubuntu jammy/main Translation-en [2420 B]
Fetched 25.1 kB in 3s (7391 B/s)          


Reading package lists... Done
Hit:1 http://ports.ubuntu.com/ubuntu-ports jammy InRelease
Hit:2 http://oem.archive.canonical.com/updates jammy-limerick InRelease        
Hit:3 http://ports.ubuntu.com/ubuntu-ports jammy-updates InRelease             
Hit:4 http://ports.ubuntu.com/ubuntu-ports jammy-backports InRelease           
Hit:5 https://ppa.launchpadcontent.net/ubuntu-xilinx/sdk/ubuntu jammy InRelease
Hit:6 http://ports.ubuntu.com/ubuntu-ports jammy-security InRelease
Hit:7 https://ppa.launchpadcontent.net/xilinx-apps/ppa/ubuntu jammy InRelease
Reading package lists... Done
Building dependency tree... Done
Reading state information... Done
216 packages can be upgraded. Run 'apt list --upgradable' to see them.


 To ensure your system is updated with the latest libraries and kernel, you need 
 to run 'apt upgrade'.  Depending on the number of updates available, this can take
 a while. 

 Would you like to upgrade your system now? [Y/n] y

 Running apt upgrade

Reading package lists... Done
Building dependency tree... Done
Reading state information... Done
Calculating upgrade... Done
Get more security updates through Ubuntu Pro with 'esm-apps' enabled:
  python2.7-minimal libheif1 libjs-jquery-ui libopenexr25 libavcodec58
  libavutil56 libswscale5 libswresample3 libavformat58 libpmix-dev python2.7
  libde265-0 libpython2.7-minimal libpmix2 libpython2.7-stdlib
Learn more about Ubuntu Pro at https://ubuntu.com/pro
The following NEW packages will be installed:
  linux-headers-5.15.0-1031-xilinx-zynqmp
  linux-image-5.15.0-1031-xilinx-zynqmp
  linux-modules-5.15.0-1031-xilinx-zynqmp
  linux-xilinx-zynqmp-headers-5.15.0-1031 ubuntu-pro-client
The following packages have been kept back:
  python3-update-manager update-manager update-manager-core
The following packages will be upgraded:
  accountsservice alsa-ucm-conf apt apt-utils bash bind9-dnsutils bind9-host
  bind9-libs bluez bluez-cups bluez-obexd bsdextrautils bsdutils cloud-init
  coreutils cpio cups cups-bsd cups-client cups-common cups-core-drivers
  cups-daemon cups-ipp-utils cups-ppdc cups-server-common curl
  distro-info-data dpkg dpkg-dev eject ethtool fdisk flash-kernel
  fonts-opensymbol gdb ghostscript ghostscript-x gir1.2-accountsservice-1.0
  gir1.2-gdkpixbuf-2.0 gir1.2-gtk-3.0 gir1.2-gtk-4.0
  gir1.2-javascriptcoregtk-4.0 gir1.2-mutter-10 gir1.2-vte-2.91
  gir1.2-webkit2-4.0 git git-man gjs gnome-remote-desktop gnome-shell
  gnome-shell-common gstreamer1.0-alsa gstreamer1.0-gl
  gstreamer1.0-plugins-base gstreamer1.0-plugins-base-apps gstreamer1.0-x
  gtk-update-icon-cache klibc-utils landscape-common ldap-utils less
  libaccountsservice0 libapt-pkg6.0 libarchive13 libblkid1 libbluetooth3
  libc-ares2 libc-bin libc-dev-bin libc-devtools libc6 libc6-dbg libc6-dev
  libcdio19 libcups2 libcupsimage2 libcurl3-gnutls libcurl4 libde265-0
  libdpkg-perl libexpat1 libexpat1-dev libfdisk1 libfprint-2-2
  libfreerdp-client2-2 libfreerdp-server2-2 libfreerdp2-2 libgdk-pixbuf-2.0-0
  libgdk-pixbuf2.0-bin libgdk-pixbuf2.0-common libgif7 libgjs0g libglib2.0-0
  libglib2.0-bin libglib2.0-data libgnutls30 libgpgme11 libgs9 libgs9-common
  libgstreamer-gl1.0-0 libgstreamer-plugins-base1.0-0 libgtk-3-0 libgtk-3-bin
  libgtk-3-common libgtk-4-1 libgtk-4-bin libgtk-4-common libipa-hbac0
  libjansson4 libjavascriptcoregtk-4.0-18 libklibc libkpathsea6 libldap-2.5-0
  libldap-common libmount1 libmutter-10-0 libmysqlclient21 libndp0 libnetplan0
  libnghttp2-14 libnspr4 libnss-sss libnss3 libodbc2 libodbcinst2 libpam-sss
  libpoppler-cpp0v5 libpoppler-glib8 libpoppler118 libpq5
  libpulse-mainloop-glib0 libpulse0 libpulsedsp libpython2.7-minimal
  libpython2.7-stdlib libsmartcols1 libsmbclient libssl3 libsss-certmap0
  libsss-idmap0 libsss-nss-idmap0 libsynctex2 libtiff5 libtss2-esys-3.0.2-0
  libtss2-mu0 libtss2-sys1 libtss2-tcti-cmd0 libtss2-tcti-device0
  libtss2-tcti-mssim0 libtss2-tcti-swtpm0 libuuid1 libvpx7 libvte-2.91-0
  libvte-2.91-common libwbclient0 libwebkit2gtk-4.0-37 libwinpr2-2
  linux-firmware-xilinx-ap1302 linux-headers-xilinx-zynqmp
  linux-image-xilinx-zynqmp linux-libc-dev linux-xilinx-zynqmp locales mount
  mutter-common netplan.io openssh-client openssh-server openssh-sftp-server
  openssl poppler-utils pulseaudio pulseaudio-module-bluetooth
  pulseaudio-utils python2.7 python2.7-minimal python3-cryptography
  python3-idna python3-jinja2 python3-pil python3-sss rfkill samba-libs snapd
  sssd sssd-ad sssd-ad-common sssd-common sssd-ipa sssd-krb5 sssd-krb5-common
  sssd-ldap sssd-proxy tracker-extract tracker-miner-fs ubuntu-advantage-tools
  ubuntu-pro-client-l10n unixodbc-common update-notifier
  update-notifier-common util-linux uuid-runtime vim vim-common vim-runtime
  vim-tiny wget xserver-common xserver-xephyr xserver-xorg-core
  xserver-xorg-legacy xwayland xxd
213 upgraded, 5 newly installed, 0 to remove and 3 not upgraded.
153 standard LTS security updates
Need to get 266 MB of archives.
After this operation, 462 MB of additional disk space will be used.
Do you want to continue? [Y/n] 
Get:1 http://ports.ubuntu.com/ubuntu-ports jammy-updates/main arm64 bash arm64 5.1-6ubuntu1.1 [762 kB]
Get:2 https://ppa.launchpadcontent.net/ubuntu-xilinx/sdk/ubuntu jammy/main arm64 libjansson4 arm64 2.14-2~bpo22.04.1 [35.4 kB]
Get:3 https://ppa.launchpadcontent.net/xilinx-apps/ppa/ubuntu jammy/main arm64 ethtool arm64 1:5.16+tsn-qbr-0ubuntu1xlnx1 [214 kB]
Get:4 http://ports.ubuntu.com/ubuntu-ports jammy-updates/main arm64 bsdutils arm64 1:2.37.2-4ubuntu3.4 [84.5 kB]
Get:5 http://ports.ubuntu.com/ubuntu-ports jammy-updates/main arm64 coreutils arm64 8.32-4.1ubuntu1.2 [1398 kB]
Get:6 http://ports.ubuntu.com/ubuntu-ports jammy-updates/main arm64 libc6-dbg arm64 2.35-0ubuntu3.8 [9991 kB]
Get:7 http://ports.ubuntu.com/ubuntu-ports jammy-updates/main arm64 libc-devtools arm64 2.35-0ubuntu3.8 [27.6 kB]
Get:8 http://ports.ubuntu.com/ubuntu-ports jammy-updates/main arm64 libc6-dev arm64 2.35-0ubuntu3.8 [1544 kB]
Get:9 http://ports.ubuntu.com/ubuntu-ports jammy-updates/main arm64 libc-dev-bin arm64 2.35-0ubuntu3.8 [19.6 kB]
Get:10 http://ports.ubuntu.com/ubuntu-ports jammy-updates/main arm64 linux-libc-dev arm64 5.15.0-113.123 [1318 kB]
Get:11 http://ports.ubuntu.com/ubuntu-ports jammy-updates/main arm64 libc6 arm64 2.35-0ubuntu3.8 [2706 kB]
Get:12 http://ports.ubuntu.com/ubuntu-ports jammy-updates/main arm64 libapt-pkg6.0 arm64 2.4.12 [871 kB]
Get:13 http://ports.ubuntu.com/ubuntu-ports jammy-updates/main arm64 dpkg arm64 1.21.1ubuntu2.3 [1219 kB]
Get:14 http://ports.ubuntu.com/ubuntu-ports jammy-updates/main arm64 util-linux arm64 2.37.2-4ubuntu3.4 [1059 kB]
Get:15 http://ports.ubuntu.com/ubuntu-ports jammy-updates/main arm64 libc-bin arm64 2.35-0ubuntu3.8 [600 kB]
Get:16 http://ports.ubuntu.com/ubuntu-ports jammy-updates/main arm64 apt arm64 2.4.12 [1328 kB]
Get:17 http://ports.ubuntu.com/ubuntu-ports jammy-updates/main arm64 apt-utils arm64 2.4.12 [205 kB]
Get:18 http://ports.ubuntu.com/ubuntu-ports jammy-updates/main arm64 libgnutls30 arm64 3.7.3-4ubuntu1.5 [922 kB]
Get:19 http://ports.ubuntu.com/ubuntu-ports jammy-updates/main arm64 mount arm64 2.37.2-4ubuntu3.4 [113 kB]
Get:20 http://ports.ubuntu.com/ubuntu-ports jammy-updates/main arm64 libsmartcols1 arm64 2.37.2-4ubuntu3.4 [49.5 kB]
Get:21 http://ports.ubuntu.com/ubuntu-ports jammy-updates/main arm64 libuuid1 arm64 2.37.2-4ubuntu3.4 [23.8 kB]
Get:22 http://ports.ubuntu.com/ubuntu-ports jammy-updates/main arm64 uuid-runtime arm64 2.37.2-4ubuntu3.4 [31.8 kB]
Get:23 http://ports.ubuntu.com/ubuntu-ports jammy-security/main arm64 cups-ipp-utils arm64 2.4.1op1-1ubuntu4.10 [190 kB]
Get:24 http://ports.ubuntu.com/ubuntu-ports jammy-updates/main arm64 cups-common all 2.4.1op1-1ubuntu4.10 [253 kB]
Get:25 http://ports.ubuntu.com/ubuntu-ports jammy-security/main arm64 cups-bsd arm64 2.4.1op1-1ubuntu4.10 [36.7 kB]
Get:26 http://ports.ubuntu.com/ubuntu-ports jammy-security/main arm64 cups-client arm64 2.4.1op1-1ubuntu4.10 [125 kB]
Get:27 http://ports.ubuntu.com/ubuntu-ports jammy-security/main arm64 cups-core-drivers arm64 2.4.1op1-1ubuntu4.10 [28.7 kB]
Get:28 http://ports.ubuntu.com/ubuntu-ports jammy-security/main arm64 cups-ppdc arm64 2.4.1op1-1ubuntu4.10 [93.7 kB]
Get:29 http://ports.ubuntu.com/ubuntu-ports jammy-updates/main arm64 cups-server-common all 2.4.1op1-1ubuntu4.10 [401 kB]
Get:30 http://ports.ubuntu.com/ubuntu-ports jammy-updates/main arm64 ghostscript-x arm64 9.55.0~dfsg1-0ubuntu5.7 [48.0 kB]
Get:31 http://ports.ubuntu.com/ubuntu-ports jammy-updates/main arm64 ghostscript arm64 9.55.0~dfsg1-0ubuntu5.7 [49.7 kB]
Get:32 http://ports.ubuntu.com/ubuntu-ports jammy-updates/main arm64 libgs9 arm64 9.55.0~dfsg1-0ubuntu5.7 [4959 kB]
Get:33 http://ports.ubuntu.com/ubuntu-ports jammy-updates/main arm64 libgs9-common all 9.55.0~dfsg1-0ubuntu5.7 [752 kB]
Get:34 http://ports.ubuntu.com/ubuntu-ports jammy-updates/main arm64 libtiff5 arm64 4.3.0-6ubuntu0.9 [182 kB]
Get:35 http://ports.ubuntu.com/ubuntu-ports jammy-updates/main arm64 libpoppler-cpp0v5 arm64 22.02.0-2ubuntu0.4 [38.2 kB]
Get:36 http://ports.ubuntu.com/ubuntu-ports jammy-updates/main arm64 libgdk-pixbuf2.0-common all 2.42.8+dfsg-1ubuntu0.3 [5630 B]
Get:37 http://ports.ubuntu.com/ubuntu-ports jammy-updates/main arm64 libgdk-pixbuf-2.0-0 arm64 2.42.8+dfsg-1ubuntu0.3 [143 kB]
Get:38 http://ports.ubuntu.com/ubuntu-ports jammy-updates/main arm64 gir1.2-gdkpixbuf-2.0 arm64 2.42.8+dfsg-1ubuntu0.3 [9472 B]
Get:39 http://ports.ubuntu.com/ubuntu-ports jammy-updates/main arm64 libgtk-3-common all 3.24.33-1ubuntu2.1 [239 kB]
Get:40 http://ports.ubuntu.com/ubuntu-ports jammy-updates/main arm64 gir1.2-mutter-10 arm64 42.9-0ubuntu8 [132 kB]
Get:41 http://ports.ubuntu.com/ubuntu-ports jammy-updates/main arm64 libmutter-10-0 arm64 42.9-0ubuntu8 [1320 kB]
Get:42 http://ports.ubuntu.com/ubuntu-ports jammy-updates/main arm64 libgtk-3-0 arm64 3.24.33-1ubuntu2.1 [2990 kB]
Get:43 http://ports.ubuntu.com/ubuntu-ports jammy-updates/main arm64 gir1.2-gtk-3.0 arm64 3.24.33-1ubuntu2.1 [240 kB]
Get:44 http://ports.ubuntu.com/ubuntu-ports jammy-updates/main arm64 mutter-common all 42.9-0ubuntu8 [13.3 kB]
Get:45 http://ports.ubuntu.com/ubuntu-ports jammy-updates/main arm64 gjs arm64 1.72.4-0ubuntu0.22.04.3~really.is.1.72.2.0ubuntu2 [105 kB]
Get:46 http://ports.ubuntu.com/ubuntu-ports jammy-updates/main arm64 libgjs0g arm64 1.72.4-0ubuntu0.22.04.3~really.is.1.72.2.0ubuntu2 [365 kB]
Get:47 http://ports.ubuntu.com/ubuntu-ports jammy-updates/main arm64 gnome-shell arm64 42.9-0ubuntu2.1 [861 kB]
Get:48 http://ports.ubuntu.com/ubuntu-ports jammy-updates/main arm64 gnome-shell-common all 42.9-0ubuntu2.1 [183 kB]
Get:49 http://ports.ubuntu.com/ubuntu-ports jammy-updates/main arm64 libaccountsservice0 arm64 22.07.5-2ubuntu1.5 [60.6 kB]
Get:50 http://ports.ubuntu.com/ubuntu-ports jammy-updates/main arm64 accountsservice arm64 22.07.5-2ubuntu1.5 [68.5 kB]
Get:51 http://ports.ubuntu.com/ubuntu-ports jammy-updates/main arm64 gir1.2-accountsservice-1.0 arm64 22.07.5-2ubuntu1.5 [5216 B]
Get:52 http://ports.ubuntu.com/ubuntu-ports jammy-updates/main arm64 libgtk-4-common all 4.6.9+ds-0ubuntu0.22.04.2 [662 kB]
Get:53 http://ports.ubuntu.com/ubuntu-ports jammy-updates/main arm64 libgtk-4-1 arm64 4.6.9+ds-0ubuntu0.22.04.2 [2767 kB]
Get:54 http://ports.ubuntu.com/ubuntu-ports jammy-updates/main arm64 gir1.2-gtk-4.0 arm64 4.6.9+ds-0ubuntu0.22.04.2 [218 kB]
Get:55 http://ports.ubuntu.com/ubuntu-ports jammy-updates/main arm64 libgstreamer-plugins-base1.0-0 arm64 1.20.1-1ubuntu0.2 [794 kB]
Get:56 http://ports.ubuntu.com/ubuntu-ports jammy-updates/main arm64 gstreamer1.0-plugins-base arm64 1.20.1-1ubuntu0.2 [657 kB]
Get:57 http://ports.ubuntu.com/ubuntu-ports jammy-updates/main arm64 libgstreamer-gl1.0-0 arm64 1.20.1-1ubuntu0.2 [191 kB]
Get:58 http://ports.ubuntu.com/ubuntu-ports jammy-updates/main arm64 gir1.2-webkit2-4.0 arm64 2.44.2-0ubuntu0.22.04.1 [104 kB]
Get:59 http://ports.ubuntu.com/ubuntu-ports jammy-updates/main arm64 libwebkit2gtk-4.0-37 arm64 2.44.2-0ubuntu0.22.04.1 [22.6 MB]
Get:60 http://ports.ubuntu.com/ubuntu-ports jammy-updates/main arm64 gir1.2-javascriptcoregtk-4.0 arm64 2.44.2-0ubuntu0.22.04.1 [38.1 kB]
Get:61 http://ports.ubuntu.com/ubuntu-ports jammy-updates/main arm64 libjavascriptcoregtk-4.0-18 arm64 2.44.2-0ubuntu0.22.04.1 [8046 kB]
Get:62 http://ports.ubuntu.com/ubuntu-ports jammy-updates/main arm64 libglib2.0-data all 2.72.4-0ubuntu2.3 [4666 B]
Get:63 http://ports.ubuntu.com/ubuntu-ports jammy-updates/main arm64 libglib2.0-bin arm64 2.72.4-0ubuntu2.3 [79.6 kB]
Get:64 http://ports.ubuntu.com/ubuntu-ports jammy-updates/main arm64 libpulsedsp arm64 1:15.99.1+dfsg1-1ubuntu2.2 [22.0 kB]
Get:65 http://ports.ubuntu.com/ubuntu-ports jammy-updates/main arm64 pulseaudio-utils arm64 1:15.99.1+dfsg1-1ubuntu2.2 [73.7 kB]
Get:66 http://ports.ubuntu.com/ubuntu-ports jammy-updates/main arm64 libbluetooth3 arm64 5.64-0ubuntu1.3 [88.8 kB]
Get:67 http://ports.ubuntu.com/ubuntu-ports jammy-updates/main arm64 pulseaudio-module-bluetooth arm64 1:15.99.1+dfsg1-1ubuntu2.2 [92.5 kB]
Get:68 http://ports.ubuntu.com/ubuntu-ports jammy-updates/main arm64 pulseaudio arm64 1:15.99.1+dfsg1-1ubuntu2.2 [810 kB]
Get:69 http://ports.ubuntu.com/ubuntu-ports jammy-updates/main arm64 bluez arm64 5.64-0ubuntu1.3 [1078 kB]
Get:70 http://ports.ubuntu.com/ubuntu-ports jammy-updates/main arm64 libpulse-mainloop-glib0 arm64 1:15.99.1+dfsg1-1ubuntu2.2 [12.0 kB]
Get:71 http://ports.ubuntu.com/ubuntu-ports jammy-updates/main arm64 libpulse0 arm64 1:15.99.1+dfsg1-1ubuntu2.2 [265 kB]
Get:72 http://ports.ubuntu.com/ubuntu-ports jammy-updates/main arm64 libblkid1 arm64 2.37.2-4ubuntu3.4 [103 kB]
Get:73 http://ports.ubuntu.com/ubuntu-ports jammy-updates/main arm64 libmount1 arm64 2.37.2-4ubuntu3.4 [120 kB]
Get:74 http://ports.ubuntu.com/ubuntu-ports jammy-updates/main arm64 libglib2.0-0 arm64 2.72.4-0ubuntu2.3 [1435 kB]
Get:75 http://ports.ubuntu.com/ubuntu-ports jammy-updates/main arm64 libpoppler-glib8 arm64 22.02.0-2ubuntu0.4 [128 kB]
Get:76 http://ports.ubuntu.com/ubuntu-ports jammy-updates/main arm64 libnspr4 arm64 2:4.35-0ubuntu0.22.04.1 [116 kB]
Get:77 http://ports.ubuntu.com/ubuntu-ports jammy-updates/main arm64 libnss3 arm64 2:3.98-0ubuntu0.22.04.2 [1239 kB]
Get:78 http://ports.ubuntu.com/ubuntu-ports jammy-updates/main arm64 poppler-utils arm64 22.02.0-2ubuntu0.4 [179 kB]
Get:79 http://ports.ubuntu.com/ubuntu-ports jammy-updates/main arm64 libpoppler118 arm64 22.02.0-2ubuntu0.4 [1039 kB]
Get:80 http://ports.ubuntu.com/ubuntu-ports jammy-security/main arm64 cups-daemon arm64 2.4.1op1-1ubuntu4.10 [321 kB]
Get:81 http://ports.ubuntu.com/ubuntu-ports jammy-security/main arm64 cups arm64 2.4.1op1-1ubuntu4.10 [267 kB]
Get:82 http://ports.ubuntu.com/ubuntu-ports jammy-security/main arm64 libcupsimage2 arm64 2.4.1op1-1ubuntu4.10 [6028 B]
Get:83 http://ports.ubuntu.com/ubuntu-ports jammy-security/main arm64 libcups2 arm64 2.4.1op1-1ubuntu4.10 [264 kB]
Get:84 http://ports.ubuntu.com/ubuntu-ports jammy-updates/main arm64 libsmbclient arm64 2:4.15.13+dfsg-0ubuntu1.6 [63.4 kB]
Get:85 http://ports.ubuntu.com/ubuntu-ports jammy-updates/main arm64 ldap-utils arm64 2.5.17+dfsg-0ubuntu0.22.04.1 [143 kB]
Get:86 http://ports.ubuntu.com/ubuntu-ports jammy-updates/main arm64 libldap-2.5-0 arm64 2.5.17+dfsg-0ubuntu0.22.04.1 [181 kB]
Get:87 http://ports.ubuntu.com/ubuntu-ports jammy-updates/main arm64 libwbclient0 arm64 2:4.15.13+dfsg-0ubuntu1.6 [268 kB]
Get:88 http://ports.ubuntu.com/ubuntu-ports jammy-updates/main arm64 samba-libs arm64 2:4.15.13+dfsg-0ubuntu1.6 [6177 kB]
Get:89 http://ports.ubuntu.com/ubuntu-ports jammy-updates/main arm64 libnghttp2-14 arm64 1.43.0-1ubuntu0.2 [76.0 kB]
Get:90 http://ports.ubuntu.com/ubuntu-ports jammy-updates/main arm64 libcurl3-gnutls arm64 7.81.0-1ubuntu1.16 [279 kB]
Get:91 http://ports.ubuntu.com/ubuntu-ports jammy-updates/main arm64 libexpat1-dev arm64 2.4.7-1ubuntu0.3 [129 kB]
Get:92 http://ports.ubuntu.com/ubuntu-ports jammy-updates/main arm64 libexpat1 arm64 2.4.7-1ubuntu0.3 [77.2 kB]
Get:93 http://ports.ubuntu.com/ubuntu-ports jammy-updates/main arm64 git-man all 1:2.34.1-1ubuntu1.11 [955 kB]
Get:94 http://ports.ubuntu.com/ubuntu-ports jammy-updates/main arm64 git arm64 1:2.34.1-1ubuntu1.11 [3222 kB]
Get:95 http://ports.ubuntu.com/ubuntu-ports jammy-updates/main arm64 libssl3 arm64 3.0.2-0ubuntu1.16 [1769 kB]
Get:96 http://ports.ubuntu.com/ubuntu-ports jammy-updates/main arm64 openssh-sftp-server arm64 1:8.9p1-3ubuntu0.7 [36.9 kB]
Get:97 http://ports.ubuntu.com/ubuntu-ports jammy-updates/main arm64 openssh-server arm64 1:8.9p1-3ubuntu0.7 [414 kB]
Get:98 http://ports.ubuntu.com/ubuntu-ports jammy-updates/main arm64 openssh-client arm64 1:8.9p1-3ubuntu0.7 [864 kB]
Get:99 http://ports.ubuntu.com/ubuntu-ports jammy-updates/universe arm64 python2.7 arm64 2.7.18-13ubuntu1.2 [250 kB]
Get:100 http://ports.ubuntu.com/ubuntu-ports jammy-updates/universe arm64 libpython2.7-stdlib arm64 2.7.18-13ubuntu1.2 [1982 kB]
Get:101 http://ports.ubuntu.com/ubuntu-ports jammy-updates/universe arm64 python2.7-minimal arm64 2.7.18-13ubuntu1.2 [1418 kB]
Get:102 http://ports.ubuntu.com/ubuntu-ports jammy-updates/universe arm64 libpython2.7-minimal arm64 2.7.18-13ubuntu1.2 [347 kB]
Get:103 http://ports.ubuntu.com/ubuntu-ports jammy-updates/main arm64 update-notifier arm64 3.192.54.8 [61.1 kB]
Get:104 http://ports.ubuntu.com/ubuntu-ports jammy-updates/main arm64 update-notifier-common all 3.192.54.8 [185 kB]
Get:105 http://ports.ubuntu.com/ubuntu-ports jammy-updates/main arm64 distro-info-data all 0.52ubuntu0.7 [5326 B]
Get:106 http://ports.ubuntu.com/ubuntu-ports jammy-updates/main arm64 eject arm64 2.37.2-4ubuntu3.4 [26.7 kB]
Get:107 http://ports.ubuntu.com/ubuntu-ports jammy-updates/main arm64 less arm64 590-1ubuntu0.22.04.3 [141 kB]
Get:108 http://ports.ubuntu.com/ubuntu-ports jammy-updates/main arm64 netplan.io arm64 0.106.1-7ubuntu0.22.04.4 [106 kB]
Get:109 http://ports.ubuntu.com/ubuntu-ports jammy-updates/main arm64 libnetplan0 arm64 0.106.1-7ubuntu0.22.04.4 [104 kB]
Get:110 http://ports.ubuntu.com/ubuntu-ports jammy-updates/main arm64 locales all 2.35-0ubuntu3.8 [4245 kB]
Get:111 http://ports.ubuntu.com/ubuntu-ports jammy-updates/main arm64 openssl arm64 3.0.2-0ubuntu1.16 [1165 kB]
Get:112 http://ports.ubuntu.com/ubuntu-ports jammy-updates/main arm64 ubuntu-advantage-tools all 32.3~22.04 [10.9 kB]
Get:113 http://ports.ubuntu.com/ubuntu-ports jammy-updates/main arm64 ubuntu-pro-client arm64 32.3~22.04 [209 kB]
Get:114 http://ports.ubuntu.com/ubuntu-ports jammy-updates/main arm64 ubuntu-pro-client-l10n arm64 32.3~22.04 [20.3 kB]
Get:115 http://ports.ubuntu.com/ubuntu-ports jammy-updates/main arm64 vim arm64 2:8.2.3995-1ubuntu2.17 [1667 kB]
Get:116 http://ports.ubuntu.com/ubuntu-ports jammy-updates/main arm64 vim-tiny arm64 2:8.2.3995-1ubuntu2.17 [680 kB]
Get:117 http://ports.ubuntu.com/ubuntu-ports jammy-updates/main arm64 vim-runtime all 2:8.2.3995-1ubuntu2.17 [6827 kB]
Get:118 http://ports.ubuntu.com/ubuntu-ports jammy-updates/main arm64 xxd arm64 2:8.2.3995-1ubuntu2.17 [53.3 kB]
Get:119 http://ports.ubuntu.com/ubuntu-ports jammy-updates/main arm64 vim-common all 2:8.2.3995-1ubuntu2.17 [81.5 kB]
Get:120 http://ports.ubuntu.com/ubuntu-ports jammy-updates/main arm64 bind9-host arm64 1:9.18.24-0ubuntu0.22.04.1 [51.9 kB]
Get:121 http://ports.ubuntu.com/ubuntu-ports jammy-updates/main arm64 bind9-dnsutils arm64 1:9.18.24-0ubuntu0.22.04.1 [158 kB]
Get:122 http://ports.ubuntu.com/ubuntu-ports jammy-updates/main arm64 bind9-libs arm64 1:9.18.24-0ubuntu0.22.04.1 [1204 kB]
Get:123 http://ports.ubuntu.com/ubuntu-ports jammy-updates/main arm64 bsdextrautils arm64 2.37.2-4ubuntu3.4 [70.3 kB]
Get:124 http://ports.ubuntu.com/ubuntu-ports jammy-updates/main arm64 cpio arm64 2.13+dfsg-7ubuntu0.1 [81.9 kB]
Get:125 http://ports.ubuntu.com/ubuntu-ports jammy-updates/main arm64 wget arm64 1.21.2-2ubuntu1.1 [334 kB]
Get:126 http://ports.ubuntu.com/ubuntu-ports jammy-updates/main arm64 alsa-ucm-conf all 1.2.6.3-1ubuntu1.11 [43.6 kB]
Get:127 http://ports.ubuntu.com/ubuntu-ports jammy-updates/main arm64 bluez-cups arm64 5.64-0ubuntu1.3 [26.0 kB]
Get:128 http://ports.ubuntu.com/ubuntu-ports jammy-updates/main arm64 bluez-obexd arm64 5.64-0ubuntu1.3 [230 kB]
Get:129 http://ports.ubuntu.com/ubuntu-ports jammy-updates/main arm64 curl arm64 7.81.0-1ubuntu1.16 [190 kB]
Get:130 http://ports.ubuntu.com/ubuntu-ports jammy-updates/main arm64 libcurl4 arm64 7.81.0-1ubuntu1.16 [284 kB]
Get:131 http://ports.ubuntu.com/ubuntu-ports jammy-updates/main arm64 dpkg-dev all 1.21.1ubuntu2.3 [922 kB]
Get:132 http://ports.ubuntu.com/ubuntu-ports jammy-updates/main arm64 libdpkg-perl all 1.21.1ubuntu2.3 [237 kB]
Get:133 http://ports.ubuntu.com/ubuntu-ports jammy-updates/main arm64 libfdisk1 arm64 2.37.2-4ubuntu3.4 [136 kB]
Get:134 http://ports.ubuntu.com/ubuntu-ports jammy-updates/main arm64 fdisk arm64 2.37.2-4ubuntu3.4 [120 kB]
Get:135 http://ports.ubuntu.com/ubuntu-ports jammy-updates/main arm64 flash-kernel arm64 3.104ubuntu20 [39.6 kB]
Get:136 http://ports.ubuntu.com/ubuntu-ports jammy-updates/main arm64 fonts-opensymbol all 2:102.12+LibO7.3.7-0ubuntu0.22.04.5 [103 kB]
Get:137 http://ports.ubuntu.com/ubuntu-ports jammy-updates/main arm64 gdb arm64 12.1-0ubuntu1~22.04.2 [4507 kB]
Get:138 http://ports.ubuntu.com/ubuntu-ports jammy-updates/main arm64 libvte-2.91-0 arm64 0.68.0-1ubuntu0.1 [198 kB]
Get:139 http://ports.ubuntu.com/ubuntu-ports jammy-updates/main arm64 libvte-2.91-common arm64 0.68.0-1ubuntu0.1 [9326 B]
Get:140 http://ports.ubuntu.com/ubuntu-ports jammy-updates/main arm64 gir1.2-vte-2.91 arm64 0.68.0-1ubuntu0.1 [10.7 kB]
Get:141 http://ports.ubuntu.com/ubuntu-ports jammy-updates/main arm64 libfreerdp-client2-2 arm64 2.6.1+dfsg1-3ubuntu2.7 [279 kB]
Get:142 http://ports.ubuntu.com/ubuntu-ports jammy-updates/main arm64 libfreerdp-server2-2 arm64 2.6.1+dfsg1-3ubuntu2.7 [96.2 kB]
Get:143 http://ports.ubuntu.com/ubuntu-ports jammy-updates/main arm64 libfreerdp2-2 arm64 2.6.1+dfsg1-3ubuntu2.7 [546 kB]
Get:144 http://ports.ubuntu.com/ubuntu-ports jammy-updates/main arm64 libwinpr2-2 arm64 2.6.1+dfsg1-3ubuntu2.7 [352 kB]
Get:145 http://ports.ubuntu.com/ubuntu-ports jammy-updates/main arm64 gnome-remote-desktop arm64 42.9-0ubuntu0.22.04.2 [124 kB]
Get:146 http://ports.ubuntu.com/ubuntu-ports jammy-updates/main arm64 gstreamer1.0-alsa arm64 1.20.1-1ubuntu0.2 [39.5 kB]
Get:147 http://ports.ubuntu.com/ubuntu-ports jammy-updates/main arm64 gstreamer1.0-gl arm64 1.20.1-1ubuntu0.2 [118 kB]
Get:148 http://ports.ubuntu.com/ubuntu-ports jammy-updates/main arm64 gstreamer1.0-plugins-base-apps arm64 1.20.1-1ubuntu0.2 [37.1 kB]
Get:149 http://ports.ubuntu.com/ubuntu-ports jammy-updates/main arm64 gstreamer1.0-x arm64 1.20.1-1ubuntu0.2 [81.4 kB]
Get:150 http://ports.ubuntu.com/ubuntu-ports jammy-updates/main arm64 gtk-update-icon-cache arm64 3.24.33-1ubuntu2.1 [31.0 kB]
Get:151 http://ports.ubuntu.com/ubuntu-ports jammy-updates/main arm64 klibc-utils arm64 2.0.10-4ubuntu0.1 [111 kB]
Get:152 http://ports.ubuntu.com/ubuntu-ports jammy-updates/main arm64 libklibc arm64 2.0.10-4ubuntu0.1 [50.9 kB]
Get:153 http://ports.ubuntu.com/ubuntu-ports jammy-updates/main arm64 landscape-common arm64 23.02-0ubuntu1~22.04.2 [88.7 kB]
Get:154 http://ports.ubuntu.com/ubuntu-ports jammy-updates/main arm64 libarchive13 arm64 3.6.0-1ubuntu1.1 [367 kB]
Get:155 http://ports.ubuntu.com/ubuntu-ports jammy-updates/main arm64 libcdio19 arm64 2.1.0-3ubuntu0.2 [64.4 kB]
Get:156 http://ports.ubuntu.com/ubuntu-ports jammy-updates/universe arm64 libde265-0 arm64 1.0.8-1ubuntu0.3 [264 kB]
Get:157 http://ports.ubuntu.com/ubuntu-ports jammy-updates/main arm64 libfprint-2-2 arm64 1:1.94.3+tod1-0ubuntu2~22.04.07 [277 kB]
Get:158 http://ports.ubuntu.com/ubuntu-ports jammy-updates/main arm64 libgdk-pixbuf2.0-bin arm64 2.42.8+dfsg-1ubuntu0.3 [14.1 kB]
Get:159 http://ports.ubuntu.com/ubuntu-ports jammy-updates/main arm64 libgif7 arm64 5.1.9-2ubuntu0.1 [34.2 kB]
Get:160 http://ports.ubuntu.com/ubuntu-ports jammy-updates/main arm64 libgpgme11 arm64 1.16.0-1.2ubuntu4.2 [130 kB]
Get:161 http://ports.ubuntu.com/ubuntu-ports jammy-updates/main arm64 libgtk-3-bin arm64 3.24.33-1ubuntu2.1 [69.1 kB]
Get:162 http://ports.ubuntu.com/ubuntu-ports jammy-updates/main arm64 libgtk-4-bin arm64 4.6.9+ds-0ubuntu0.22.04.2 [2774 kB]
Get:163 http://ports.ubuntu.com/ubuntu-ports jammy-updates/main arm64 libkpathsea6 arm64 2021.20210626.59705-1ubuntu0.2 [59.8 kB]
Get:164 http://ports.ubuntu.com/ubuntu-ports jammy-updates/main arm64 libldap-common all 2.5.17+dfsg-0ubuntu0.22.04.1 [15.8 kB]
Get:165 http://ports.ubuntu.com/ubuntu-ports jammy-updates/main arm64 libmysqlclient21 arm64 8.0.37-0ubuntu0.22.04.3 [1306 kB]
Get:166 http://ports.ubuntu.com/ubuntu-ports jammy-updates/main arm64 libndp0 arm64 1.8-0ubuntu3.1 [12.1 kB]
Get:167 http://ports.ubuntu.com/ubuntu-ports jammy-updates/main arm64 libodbc2 arm64 2.3.9-5ubuntu0.1 [145 kB]
Get:168 http://ports.ubuntu.com/ubuntu-ports jammy-updates/main arm64 unixodbc-common all 2.3.9-5ubuntu0.1 [9256 B]
Get:169 http://ports.ubuntu.com/ubuntu-ports jammy-updates/main arm64 libodbcinst2 arm64 2.3.9-5ubuntu0.1 [30.2 kB]
Get:170 http://ports.ubuntu.com/ubuntu-ports jammy-updates/main arm64 libpq5 arm64 14.12-0ubuntu0.22.04.1 [144 kB]
Get:171 http://ports.ubuntu.com/ubuntu-ports jammy-updates/main arm64 libsynctex2 arm64 2021.20210626.59705-1ubuntu0.2 [54.7 kB]
Get:172 http://ports.ubuntu.com/ubuntu-ports jammy-updates/main arm64 libtss2-mu0 arm64 3.2.0-1ubuntu1.1 [58.0 kB]
Get:173 http://ports.ubuntu.com/ubuntu-ports jammy-updates/main arm64 libtss2-tcti-cmd0 arm64 3.2.0-1ubuntu1.1 [16.2 kB]
Get:174 http://ports.ubuntu.com/ubuntu-ports jammy-updates/main arm64 libtss2-tcti-device0 arm64 3.2.0-1ubuntu1.1 [15.1 kB]
Get:175 http://ports.ubuntu.com/ubuntu-ports jammy-updates/main arm64 libtss2-tcti-mssim0 arm64 3.2.0-1ubuntu1.1 [15.3 kB]
Get:176 http://ports.ubuntu.com/ubuntu-ports jammy-updates/main arm64 libtss2-tcti-swtpm0 arm64 3.2.0-1ubuntu1.1 [15.2 kB]
Get:177 http://ports.ubuntu.com/ubuntu-ports jammy-updates/main arm64 libtss2-sys1 arm64 3.2.0-1ubuntu1.1 [39.2 kB]
Get:178 http://ports.ubuntu.com/ubuntu-ports jammy-updates/main arm64 libtss2-esys-3.0.2-0 arm64 3.2.0-1ubuntu1.1 [133 kB]
Get:179 http://ports.ubuntu.com/ubuntu-ports jammy-updates/main arm64 libvpx7 arm64 1.11.0-2ubuntu2.3 [1042 kB]
Get:180 http://ports.ubuntu.com/ubuntu-ports jammy-updates/multiverse arm64 linux-firmware-xilinx-ap1302 all 1:2.0-0ubuntu1~22.04.1 [157 kB]
Get:181 http://ports.ubuntu.com/ubuntu-ports jammy-updates/universe arm64 linux-xilinx-zynqmp-headers-5.15.0-1031 all 5.15.0-1031.35 [12.6 MB]
Get:182 http://ports.ubuntu.com/ubuntu-ports jammy-updates/universe arm64 linux-headers-5.15.0-1031-xilinx-zynqmp arm64 5.15.0-1031.35 [2701 kB]
Get:183 http://ports.ubuntu.com/ubuntu-ports jammy-updates/universe arm64 linux-modules-5.15.0-1031-xilinx-zynqmp arm64 5.15.0-1031.35 [68.0 MB]
Get:184 http://ports.ubuntu.com/ubuntu-ports jammy-updates/universe arm64 linux-image-5.15.0-1031-xilinx-zynqmp arm64 5.15.0-1031.35 [17.6 MB]
Get:185 http://ports.ubuntu.com/ubuntu-ports jammy-updates/universe arm64 linux-xilinx-zynqmp arm64 5.15.0.1031.35 [1736 B]
Get:186 http://ports.ubuntu.com/ubuntu-ports jammy-updates/universe arm64 linux-image-xilinx-zynqmp arm64 5.15.0.1031.35 [2402 B]
Get:187 http://ports.ubuntu.com/ubuntu-ports jammy-updates/universe arm64 linux-headers-xilinx-zynqmp arm64 5.15.0.1031.35 [2402 B]
Get:188 http://ports.ubuntu.com/ubuntu-ports jammy-updates/main arm64 python3-cryptography arm64 3.4.8-1ubuntu2.2 [223 kB]
Get:189 http://ports.ubuntu.com/ubuntu-ports jammy-updates/main arm64 python3-idna all 3.3-1ubuntu0.1 [52.1 kB]
Get:190 http://ports.ubuntu.com/ubuntu-ports jammy-updates/main arm64 python3-jinja2 all 3.0.3-1ubuntu0.2 [108 kB]
Get:191 http://ports.ubuntu.com/ubuntu-ports jammy-updates/main arm64 python3-pil arm64 9.0.1-1ubuntu0.3 [412 kB]
Get:192 http://ports.ubuntu.com/ubuntu-ports jammy-updates/main arm64 rfkill arm64 2.37.2-4ubuntu3.4 [19.9 kB]
Get:193 http://ports.ubuntu.com/ubuntu-ports jammy-updates/main arm64 snapd arm64 2.63+22.04 [23.2 MB]
Package configuration

  ┌───────────────────────┤ Configuring flash-kernel ├───────────────────────┐
  │ flash-kernel.oem-limerick-kria-meta: A new version                       │
  │ (/tmp/flash-kernel.HZtLGB7zkM) of configuration file                     │
  │ /etc/default/flash-kernel.oem-limerick-kria-meta is available, but the   │
  │ version installed currently has been locally modified.                   │
  │                                                                          │
  │ What do you want to do about modified configuration file                 │
  │ flash-kernel.oem-limerick-kria-meta?                                     │
  │                                                                          │
  │           install the package maintainer's version                       │
  │           keep the local version currently installed                     │
  │           show the differences between the versions                      │
  │           show a side-by-side difference between the versions            │
  │           start a new shell to examine the situation                     │
  │                                                                          │
  │                                                                          │
  │                                  <Ok>                                    │
  │                                                                          │
  └──────────────────────────────────────────────────────────────────────────┘

flash-kernel: deferring update (trigger activated)                             
Setting up libsss-idmap0 (2.6.3-1ubuntu3.3) ...
Setting up bsdextrautils (2.37.2-4ubuntu3.4) ...
Setting up wget (1.21.2-2ubuntu1.1) ...
Setting up libvte-2.91-common (0.68.0-1ubuntu0.1) ...
Setting up cups-server-common (2.4.1op1-1ubuntu4.10) ...
Setting up alsa-ucm-conf (1.2.6.3-1ubuntu1.11) ...
Setting up libpulse0:arm64 (1:15.99.1+dfsg1-1ubuntu2.2) ...
Setting up libarchive13:arm64 (3.6.0-1ubuntu1.1) ...
Setting up libglib2.0-0:arm64 (2.72.4-0ubuntu2.3) ...
Setting up distro-info-data (0.52ubuntu0.7) ...
Setting up openssh-client (1:8.9p1-3ubuntu0.7) ...
Setting up update-notifier-common (3.192.54.8) ...
update-notifier-download.service is a disabled or a static unit not running, not starting it.
update-notifier-motd.service is a disabled or a static unit not running, not starting it.
Setting up cups-common (2.4.1op1-1ubuntu4.10) ...
Setting up libtss2-mu0:arm64 (3.2.0-1ubuntu1.1) ...
Setting up libgdk-pixbuf2.0-common (2.42.8+dfsg-1ubuntu0.3) ...
Setting up linux-firmware-xilinx-ap1302 (1:2.0-0ubuntu1~22.04.1) ...
Setting up libtss2-tcti-swtpm0:arm64 (3.2.0-1ubuntu1.1) ...
Setting up libnghttp2-14:arm64 (1.43.0-1ubuntu0.2) ...
Setting up libjavascriptcoregtk-4.0-18:arm64 (2.44.2-0ubuntu0.22.04.1) ...
Setting up less (590-1ubuntu0.22.04.3) ...
Setting up linux-libc-dev:arm64 (5.15.0-113.123) ...
Setting up libnetplan0:arm64 (0.106.1-7ubuntu0.22.04.4) ...
Setting up gnome-shell-common (42.9-0ubuntu2.1) ...
Setting up libpulsedsp:arm64 (1:15.99.1+dfsg1-1ubuntu2.2) ...
Setting up libgstreamer-plugins-base1.0-0:arm64 (1.20.1-1ubuntu0.2) ...
Setting up libc-ares2:arm64 (1.18.1-1ubuntu0.22.04.3) ...
Setting up gir1.2-javascriptcoregtk-4.0:arm64 (2.44.2-0ubuntu0.22.04.1) ...
Setting up libcdio19:arm64 (2.1.0-3ubuntu0.2) ...
Setting up locales (2.35-0ubuntu3.8) ...
Generating locales (this might take a while)...
  en_US.UTF-8... done
Generation complete.
Setting up landscape-common (23.02-0ubuntu1~22.04.2) ...
Setting up libldap-common (2.5.17+dfsg-0ubuntu0.22.04.1) ...
Setting up libwinpr2-2:arm64 (2.6.1+dfsg1-3ubuntu2.7) ...
Setting up python3-sss (2.6.3-1ubuntu3.3) ...
Setting up libgpgme11:arm64 (1.16.0-1.2ubuntu4.2) ...
Setting up libwbclient0:arm64 (2:4.15.13+dfsg-0ubuntu1.6) ...
Setting up libldap-2.5-0:arm64 (2.5.17+dfsg-0ubuntu0.22.04.1) ...
Setting up xxd (2:8.2.3995-1ubuntu2.17) ...
Setting up libtss2-tcti-device0:arm64 (3.2.0-1ubuntu1.1) ...
Setting up libsss-certmap0 (2.6.3-1ubuntu3.3) ...
Setting up bluez-obexd (5.64-0ubuntu1.3) ...
Setting up libjansson4:arm64 (2.14-2~bpo22.04.1) ...
Setting up libc6-dbg:arm64 (2.35-0ubuntu3.8) ...
Setting up netplan.io (0.106.1-7ubuntu0.22.04.4) ...
Setting up eject (2.37.2-4ubuntu3.4) ...
Setting up libklibc:arm64 (2.0.10-4ubuntu0.1) ...
Setting up bluez (5.64-0ubuntu1.3) ...
Setting up mutter-common (42.9-0ubuntu8) ...
Setting up python3-jinja2 (3.0.3-1ubuntu0.2) ...
Setting up libtss2-tcti-cmd0:arm64 (3.2.0-1ubuntu1.1) ...
Setting up libgstreamer-gl1.0-0:arm64 (1.20.1-1ubuntu0.2) ...
Setting up libglib2.0-data (2.72.4-0ubuntu2.3) ...
Setting up gdb (12.1-0ubuntu1~22.04.2) ...
Setting up gstreamer1.0-plugins-base:arm64 (1.20.1-1ubuntu0.2) ...
Setting up libpython2.7-minimal:arm64 (2.7.18-13ubuntu1.2) ...
Setting up vim-common (2:8.2.3995-1ubuntu2.17) ...
Setting up libnspr4:arm64 (2:4.35-0ubuntu0.22.04.1) ...
Setting up python2.7-minimal (2.7.18-13ubuntu1.2) ...
Setting up python3-cryptography (3.4.8-1ubuntu2.2) ...
Setting up libpulse-mainloop-glib0:arm64 (1:15.99.1+dfsg1-1ubuntu2.2) ...
Setting up pulseaudio-utils (1:15.99.1+dfsg1-1ubuntu2.2) ...
Setting up rfkill (2.37.2-4ubuntu3.4) ...
Setting up python3-idna (3.3-1ubuntu0.1) ...
Setting up unixodbc-common (2.3.9-5ubuntu0.1) ...
Setting up libtss2-tcti-mssim0:arm64 (3.2.0-1ubuntu1.1) ...
Setting up linux-xilinx-zynqmp-headers-5.15.0-1031 (5.15.0-1031.35) ...
Setting up libdpkg-perl (1.21.1ubuntu2.3) ...
Setting up libkpathsea6:arm64 (2021.20210626.59705-1ubuntu0.2) ...
Setting up libfdisk1:arm64 (2.37.2-4ubuntu3.4) ...
Setting up libcups2:arm64 (2.4.1op1-1ubuntu4.10) ...
Setting up libgif7:arm64 (5.1.9-2ubuntu0.1) ...
Setting up libodbc2:arm64 (2.3.9-5ubuntu0.1) ...
Setting up mount (2.37.2-4ubuntu3.4) ...
Setting up uuid-runtime (2.37.2-4ubuntu3.4) ...
uuidd.service is a disabled or a static unit not running, not starting it.
Setting up libipa-hbac0 (2.6.3-1ubuntu3.3) ...
Setting up libbluetooth3:arm64 (5.64-0ubuntu1.3) ...
Setting up libcurl4:arm64 (7.81.0-1ubuntu1.16) ...
Setting up git-man (1:2.34.1-1ubuntu1.11) ...
Setting up libvpx7:arm64 (1.11.0-2ubuntu2.3) ...
Setting up libtiff5:arm64 (4.3.0-6ubuntu0.9) ...
Setting up curl (7.81.0-1ubuntu1.16) ...
Setting up xserver-common (2:21.1.4-2ubuntu1.7~22.04.10) ...
Setting up libgtk-4-common (4.6.9+ds-0ubuntu0.22.04.2) ...
Setting up libndp0:arm64 (1.8-0ubuntu3.1) ...
Setting up gstreamer1.0-plugins-base-apps (1.20.1-1ubuntu0.2) ...
Setting up libaccountsservice0:arm64 (22.07.5-2ubuntu1.5) ...
Setting up xwayland (2:22.1.1-1ubuntu0.13) ...
Setting up vim-runtime (2:8.2.3995-1ubuntu2.17) ...
Setting up libde265-0:arm64 (1.0.8-1ubuntu0.3) ...
Setting up libc-dev-bin (2.35-0ubuntu3.8) ...
Setting up klibc-utils (2.0.10-4ubuntu0.1) ...
Setting up openssl (3.0.2-0ubuntu1.16) ...
Setting up libsss-nss-idmap0 (2.6.3-1ubuntu3.3) ...
Setting up xserver-xorg-legacy (2:21.1.4-2ubuntu1.7~22.04.10) ...
setting xserver-xorg-legacy/xwrapper/allowed_users from configuration file
Setting up libpam-sss:arm64 (2.6.3-1ubuntu3.3) ...
Setting up ubuntu-pro-client (32.3~22.04) ...
Setting up accountsservice (22.07.5-2ubuntu1.5) ...
Setting up libgtk-3-common (3.24.33-1ubuntu2.1) ...
Setting up fonts-opensymbol (2:102.12+LibO7.3.7-0ubuntu0.22.04.5) ...
Setting up libsynctex2:arm64 (2021.20210626.59705-1ubuntu0.2) ...
Setting up libc-devtools (2.35-0ubuntu3.8) ...
Setting up ethtool (1:5.16+tsn-qbr-0ubuntu1xlnx1) ...
Setting up libnss-sss:arm64 (2.6.3-1ubuntu3.3) ...
Setting up cups-ipp-utils (2.4.1op1-1ubuntu4.10) ...
Setting up ubuntu-pro-client-l10n (32.3~22.04) ...
Setting up gstreamer1.0-gl:arm64 (1.20.1-1ubuntu0.2) ...
Setting up snapd (2.63+22.04) ...
Installing new version of config file /etc/apparmor.d/usr.lib.snapd.snap-confine.real ...





snapd.failure.service is a disabled or a static unit not running, not starting it.
snapd.snap-repair.service is a disabled or a static unit not running, not starting it.
Failed to restart snapd.mounts-pre.target: Operation refused, unit snapd.mounts-pre.target may be requested by dependency only (i
t is configured to refuse manual start/stop).
See system logs and 'systemctl status snapd.mounts-pre.target' for details.
Could not execute systemctl:  at /usr/bin/deb-systemd-invoke line 142.
Setting up openssh-sftp-server (1:8.9p1-3ubuntu0.7) ...
Setting up cups-ppdc (2.4.1op1-1ubuntu4.10) ...
Setting up libodbcinst2:arm64 (2.3.9-5ubuntu0.1) ...
Setting up gstreamer1.0-x:arm64 (1.20.1-1ubuntu0.2) ...
Setting up gstreamer1.0-alsa:arm64 (1.20.1-1ubuntu0.2) ...
Setting up cloud-init (24.1.3-0ubuntu1~22.04.5) ...
Installing new version of config file /etc/cloud/cloud.cfg ...
Installing new version of config file /etc/cloud/cloud.cfg.d/05_logging.cfg ...
Installing new version of config file /etc/cloud/templates/chrony.conf.cos.tmpl ...
Installing new version of config file /etc/cloud/templates/chrony.conf.debian.tmpl ...
Installing new version of config file /etc/cloud/templates/chrony.conf.ubuntu.tmpl ...
Installing new version of config file /etc/cloud/templates/hosts.alpine.tmpl ...
Installing new version of config file /etc/cloud/templates/hosts.mariner.tmpl ...
Installing new version of config file /etc/cloud/templates/ntp.conf.ubuntu.tmpl ...
